Archive member included because of file (symbol)

/usr/local/arm7/bin/../lib/gcc/arm-elf/4.1.1/../../../../arm-elf/lib/thumb/interwork/libc.a(memcpy.o)
                              MyProtocol.o (memcpy)
/usr/local/arm7/bin/../lib/gcc/arm-elf/4.1.1/../../../../arm-elf/lib/thumb/interwork/libc.a(memset.o)
                              MyProtocol.o (memset)
/usr/local/arm7/bin/../lib/gcc/arm-elf/4.1.1/thumb/interwork/libgcc.a(_udivsi3.o)
                              system.o (__udivsi3)
/usr/local/arm7/bin/../lib/gcc/arm-elf/4.1.1/thumb/interwork/libgcc.a(_divsi3.o)
                              main.o (__divsi3)
/usr/local/arm7/bin/../lib/gcc/arm-elf/4.1.1/thumb/interwork/libgcc.a(_dvmd_tls.o)
                              /usr/local/arm7/bin/../lib/gcc/arm-elf/4.1.1/thumb/interwork/libgcc.a(_udivsi3.o) (__div0)
/usr/local/arm7/bin/../lib/gcc/arm-elf/4.1.1/thumb/interwork/libgcc.a(_addsubdf3.o)
                              gpsmath.o (__adddf3)
/usr/local/arm7/bin/../lib/gcc/arm-elf/4.1.1/thumb/interwork/libgcc.a(_muldivdf3.o)
                              gpsmath.o (__muldf3)
/usr/local/arm7/bin/../lib/gcc/arm-elf/4.1.1/thumb/interwork/libgcc.a(_cmpdf2.o)
                              pid.o (__ltdf2)
/usr/local/arm7/bin/../lib/gcc/arm-elf/4.1.1/thumb/interwork/libgcc.a(_fixdfsi.o)
                              sdk.o (__fixdfsi)
/usr/local/arm7/bin/../lib/gcc/arm-elf/4.1.1/thumb/interwork/libgcc.a(_addsubsf3.o)
                              pid.o (__subsf3)
/usr/local/arm7/bin/../lib/gcc/arm-elf/4.1.1/thumb/interwork/libgcc.a(_muldivsf3.o)
                              pid.o (__mulsf3)
/usr/local/arm7/bin/../lib/gcc/arm-elf/4.1.1/thumb/interwork/libgcc.a(_cmpsf2.o)
                              pid.o (__gtsf2)
/usr/local/arm7/bin/../lib/gcc/arm-elf/4.1.1/thumb/interwork/libgcc.a(_fixsfsi.o)
                              sdk.o (__fixsfsi)
.//libdeclination.a(declination.o)
                              LL_HL_comm.o (estimatedDeclination)
.//libublox.a(ublox.o)        main.o (gpsLEDTrigger)
/usr/local/arm7/bin/../lib/gcc/arm-elf/4.1.1/../../../../arm-elf/lib/thumb/interwork/libm.a(s_cos.o)
                              gpsmath.o (cos)
/usr/local/arm7/bin/../lib/gcc/arm-elf/4.1.1/../../../../arm-elf/lib/thumb/interwork/libm.a(s_sin.o)
                              .//libdeclination.a(declination.o) (sin)
/usr/local/arm7/bin/../lib/gcc/arm-elf/4.1.1/../../../../arm-elf/lib/thumb/interwork/libm.a(w_atan2.o)
                              .//libdeclination.a(declination.o) (atan2)
/usr/local/arm7/bin/../lib/gcc/arm-elf/4.1.1/../../../../arm-elf/lib/thumb/interwork/libm.a(w_sqrt.o)
                              .//libdeclination.a(declination.o) (sqrt)
/usr/local/arm7/bin/../lib/gcc/arm-elf/4.1.1/../../../../arm-elf/lib/thumb/interwork/libm.a(e_atan2.o)
                              /usr/local/arm7/bin/../lib/gcc/arm-elf/4.1.1/../../../../arm-elf/lib/thumb/interwork/libm.a(w_atan2.o) (__ieee754_atan2)
/usr/local/arm7/bin/../lib/gcc/arm-elf/4.1.1/../../../../arm-elf/lib/thumb/interwork/libm.a(e_rem_pio2.o)
                              /usr/local/arm7/bin/../lib/gcc/arm-elf/4.1.1/../../../../arm-elf/lib/thumb/interwork/libm.a(s_cos.o) (__ieee754_rem_pio2)
/usr/local/arm7/bin/../lib/gcc/arm-elf/4.1.1/../../../../arm-elf/lib/thumb/interwork/libm.a(e_sqrt.o)
                              /usr/local/arm7/bin/../lib/gcc/arm-elf/4.1.1/../../../../arm-elf/lib/thumb/interwork/libm.a(w_sqrt.o) (__ieee754_sqrt)
/usr/local/arm7/bin/../lib/gcc/arm-elf/4.1.1/../../../../arm-elf/lib/thumb/interwork/libm.a(k_cos.o)
                              /usr/local/arm7/bin/../lib/gcc/arm-elf/4.1.1/../../../../arm-elf/lib/thumb/interwork/libm.a(s_cos.o) (__kernel_cos)
/usr/local/arm7/bin/../lib/gcc/arm-elf/4.1.1/../../../../arm-elf/lib/thumb/interwork/libm.a(k_rem_pio2.o)
                              /usr/local/arm7/bin/../lib/gcc/arm-elf/4.1.1/../../../../arm-elf/lib/thumb/interwork/libm.a(e_rem_pio2.o) (__kernel_rem_pio2)
/usr/local/arm7/bin/../lib/gcc/arm-elf/4.1.1/../../../../arm-elf/lib/thumb/interwork/libm.a(k_sin.o)
                              /usr/local/arm7/bin/../lib/gcc/arm-elf/4.1.1/../../../../arm-elf/lib/thumb/interwork/libm.a(s_cos.o) (__kernel_sin)
/usr/local/arm7/bin/../lib/gcc/arm-elf/4.1.1/../../../../arm-elf/lib/thumb/interwork/libm.a(s_atan.o)
                              /usr/local/arm7/bin/../lib/gcc/arm-elf/4.1.1/../../../../arm-elf/lib/thumb/interwork/libm.a(e_atan2.o) (atan)
/usr/local/arm7/bin/../lib/gcc/arm-elf/4.1.1/../../../../arm-elf/lib/thumb/interwork/libm.a(s_fabs.o)
                              /usr/local/arm7/bin/../lib/gcc/arm-elf/4.1.1/../../../../arm-elf/lib/thumb/interwork/libm.a(e_atan2.o) (fabs)
/usr/local/arm7/bin/../lib/gcc/arm-elf/4.1.1/../../../../arm-elf/lib/thumb/interwork/libm.a(s_floor.o)
                              /usr/local/arm7/bin/../lib/gcc/arm-elf/4.1.1/../../../../arm-elf/lib/thumb/interwork/libm.a(k_rem_pio2.o) (floor)
[...]
Memory Configuration

Name             Origin             Length             Attributes
ROM              0x00000000         0x00080000         xr
RAM              0x40000000         0x00008000         rw
*default*        0x00000000         0xffffffff

Linker script and memory map

LOAD Common_WinARM/src/Startup.o
LOAD Common_WinARM/src/swi_handler.o
LOAD LL_HL_comm.o
LOAD mymath.o
LOAD gpsmath.o
LOAD sdk.o
LOAD MyProtocol.o
LOAD pid.o
LOAD position_controller.o
LOAD buzzer.o
LOAD main.o
LOAD hardware.o
LOAD LPC2k_ee.o
LOAD system.o
LOAD uart.o
LOAD syscalls.o
LOAD i2c.o
LOAD Common_WinARM/src/irq.o
LOAD adc.o
LOAD ssp.o
LOAD pelican_ptu.o
LOAD /usr/local/arm7/bin/../lib/gcc/arm-elf/4.1.1/../../../../arm-elf/lib/thumb/interwork/libc.a
LOAD /usr/local/arm7/bin/../lib/gcc/arm-elf/4.1.1/../../../../arm-elf/lib/thumb/interwork/libc.a
LOAD /usr/local/arm7/bin/../lib/gcc/arm-elf/4.1.1/thumb/interwork/libgcc.a
LOAD .//libdeclination.a
LOAD .//libublox.a
LOAD /usr/local/arm7/bin/../lib/gcc/arm-elf/4.1.1/../../../../arm-elf/lib/thumb/interwork/libm.a
START GROUP
LOAD /usr/local/arm7/bin/../lib/gcc/arm-elf/4.1.1/thumb/interwork/libgcc.a
LOAD /usr/local/arm7/bin/../lib/gcc/arm-elf/4.1.1/../../../../arm-elf/lib/thumb/interwork/libg.a
LOAD /usr/local/arm7/bin/../lib/gcc/arm-elf/4.1.1/../../../../arm-elf/lib/thumb/interwork/libc.a
END GROUP

.text           0x00000000    0x112e4
 *(.vectorg)
 .vectorg       0x00000000       0x98 Common_WinARM/src/Startup.o
                0x00000050                __IRQ_Wrapper
 .vectorg       0x00000098       0xd0 Common_WinARM/src/swi_handler.o
                0x00000098                SoftwareInterrupt
                0x00000168                . = ALIGN (0x4)
 *(.init)
 .init          0x00000168      0x168 Common_WinARM/src/Startup.o
                0x00000168                __startup
                0x00000290                __exit_ARM
                0x00000294                __exit_THUMB
 *(.text .text.*)
 .text          0x000002d0        0x0 Common_WinARM/src/Startup.o
 .text          0x000002d0       0x38 Common_WinARM/src/swi_handler.o
                0x000002d0                IntRestore
                0x000002d8                FiqRestore
                0x000002e0                IntGetCPSR
                0x000002e8                IntEnable
                0x000002f0                IntDisable
                0x000002f8                FiqEnable
                0x00000300                FiqDisable
 .text          0x00000308     0x1368 LL_HL_comm.o
                0x00000308                SSP_data_distribution_HL
                0x0000090c                HL2LL_write_cycle
                0x000011c0                LL_write_ctrl_data
                0x00001434                SSP_rx_handler_HL
 .text          0x00001670        0x0 mymath.o
 .text          0x00001670      0x194 gpsmath.o
                0x00001670                xy2latlon
 .text          0x00001804     0x1254 sdk.o
                0x00001804                fake_gps3
                0x000018f8                SDK_mainloop
                0x00001914                SDK_EXAMPLE_direct_individual_motor_commands
                0x00001b1c                SDK_EXAMPLE_direct_motor_commands_with_standard_output_mapping
                0x00001c34                SDK_EXAMPLE_attitude_commands
                0x00001c84                SDK_EXAMPLE_gps_waypoint_control
                0x0000284c                SDK_EXAMPLE_turn_motors_on
                0x00002954                SDK_EXAMPLE_turn_motors_off
 .text          0x00002a58      0x614 MyProtocol.o
                0x00002a58                my_send
                0x00002bcc                send_single
                0x00002c00                receive_single
                0x00002c3c                my_receive
                0x00002fb8                getPackageLength
 .text          0x0000306c      0x7cc pid.o
                0x0000306c                constrain
                0x0000312c                deadband
                0x000031f0                pidInit
                0x000032a8                pidUpdate
                0x00003574                pidSetIntegralLimit
                0x000035a4                pidReset
                0x000035f8                pidSetError
                0x00003628                pidSetDesired
                0x00003658                pidGetDesired
                0x00003684                pidIsActive
                0x00003778                pidSetKp
                0x000037a8                pidSetKi
                0x000037d8                pidSetKd
                0x00003808                pidSetDt
 .text          0x00003838      0x574 position_controller.o
                0x00003838                positionEstimate
                0x00003954                positionControllerInit
                0x000039f8                runPid
                0x00003a64                data_fusion
                0x00003bb8                positionController
                0x00003d7c                positionControllerResetAllPID
 .text          0x00003dac     0x108c buzzer.o
                0x00003dac                buzzer_handler
                0x00004ddc                buzzer
 .text          0x00004e38      0x834 main.o
                0x00004e38                timer0ISR
                0x00004f20                main
                0x00005150                mainloop
 .text          0x0000566c       0x8c hardware.o
                0x0000566c                LED
 .text          0x000056f8      0x614 LPC2k_ee.o
                0x000056f8                ee_erase
                0x00005834                ee_write
                0x00005a58                ee_read
                0x00005ae8                ee_readn
                0x00005b50                ee_count
                0x00005bc4                ee_locate
 .text          0x00005d0c      0x58c system.o
                0x00005d0c                init
                0x00005d94                init_interrupts
                0x00005e40                init_ports
                0x00005ee8                init_timer0
                0x00005f90                PWM_Init
                0x00006044                init_spi
                0x0000607c                init_spi1
                0x00006118                pll_init
                0x00006158                pll_feed
                0x00006198                processorClockFrequency
                0x000061b8                peripheralClockFrequency
                0x00006250                delay
 .text          0x00006298      0xfc8 uart.o
                0x00006298                uart1ISR
                0x00006368                uart0ISR
                0x00006720                UARTInitialize
                0x000067cc                UART1Initialize
                0x00006878                UARTWriteChar
                0x000068c8                UART1WriteChar
                0x00006918                UARTReadChar
                0x00006960                UART1ReadChar
                0x000069a8                __putchar
                0x000069ec                UART_send
                0x00006aa8                UART1_send
                0x00006b3c                UART_send_ringbuffer
                0x00006ba4                UART1_send_ringbuffer
                0x00006c0c                UART_SendPacket
                0x00006d04                crc_update
                0x00006df4                crc16
                0x00006e88                ringbuffer
                0x00007074                ringbuffer1
 .text          0x00007260      0x2b4 syscalls.o
                0x00007260                _read_r
                0x00007340                _write_r
                0x000073dc                _close_r
                0x00007408                _lseek_r
                0x0000743c                _fstat_r
                0x00007478                isatty
                0x000074a0                _sbrk_r
 .text          0x00007514      0x750 i2c.o
                0x00007514                I2C0MasterHandler
                0x000079b0                I2C0_send_motordata
                0x00007a5c                I2CStart
                0x00007af0                I2CStop
                0x00007b4c                I2CInit
                0x00007bd4                I2CEngine
 .text          0x00007c64      0x2d0 Common_WinARM/src/irq.o
                0x00007c84                init_VIC
                0x00007d48                install_irq
                0x00007e3c                uninstall_irq
 .text          0x00007f34      0x3ec adc.o
                0x00007f34                ADCInit
                0x00007fbc                ADC0Read
                0x000080f8                ADC1Read
                0x00008200                ADC0triggerSampling
                0x00008244                ADC0getSamplingResults
 .text          0x00008320      0x420 ssp.o
                0x00008320                SSPHandler
                0x000084f8                LL_write_init
                0x00008538                LL_write
 .text          0x00008740      0x48c pelican_ptu.o
                0x00008740                PTU_init
                0x0000880c                PTU_update
                0x00008a04                SERVO_pitch_move
                0x00008aec                SERVO_roll_move
 .text          0x00008bcc       0x5c /usr/local/arm7/bin/../lib/gcc/arm-elf/4.1.1/../../../../arm-elf/lib/thumb/interwork/libc.a(memcpy.o)
                0x00008bcc                memcpy
 .text          0x00008c28       0x60 /usr/local/arm7/bin/../lib/gcc/arm-elf/4.1.1/../../../../arm-elf/lib/thumb/interwork/libc.a(memset.o)
                0x00008c28                memset
 .text          0x00008c88       0x8c /usr/local/arm7/bin/../lib/gcc/arm-elf/4.1.1/thumb/interwork/libgcc.a(_udivsi3.o)
                0x00008c88                __udivsi3
                0x00008c88                __aeabi_uidiv
                0x00008d04                __aeabi_uidivmod
 .text          0x00008d14       0xa4 /usr/local/arm7/bin/../lib/gcc/arm-elf/4.1.1/thumb/interwork/libgcc.a(_divsi3.o)
                0x00008d14                __aeabi_idiv
                0x00008d14                __divsi3
                0x00008da8                __aeabi_idivmod
 .text          0x00008db8        0x4 /usr/local/arm7/bin/../lib/gcc/arm-elf/4.1.1/thumb/interwork/libgcc.a(_dvmd_tls.o)
                0x00008db8                __aeabi_ldiv0
                0x00008db8                __div0
                0x00008db8                __aeabi_idiv0
 .text          0x00008dbc      0x430 /usr/local/arm7/bin/../lib/gcc/arm-elf/4.1.1/thumb/interwork/libgcc.a(_addsubdf3.o)
                0x00008dbc                __aeabi_drsub
                0x00008dc4                __aeabi_dsub
                0x00008dc4                __subdf3
                0x00008dc8                __adddf3
                0x00008dc8                __aeabi_dadd
                0x000090d8                __aeabi_ui2d
                0x000090d8                __floatunsidf
                0x00009100                __floatsidf
                0x00009100                __aeabi_i2d
                0x0000912c                __extendsfdf2
                0x0000912c                __aeabi_f2d
                0x0000916c                __aeabi_ul2d
                0x0000916c                __floatundidf
                0x00009180                __floatdidf
                0x00009180                __aeabi_l2d
 .text          0x000091ec      0x49c /usr/local/arm7/bin/../lib/gcc/arm-elf/4.1.1/thumb/interwork/libgcc.a(_muldivdf3.o)
                0x000091ec                __aeabi_dmul
                0x000091ec                __muldf3
                0x0000947c                __aeabi_ddiv
                0x0000947c                __divdf3
 .text          0x00009688      0x140 /usr/local/arm7/bin/../lib/gcc/arm-elf/4.1.1/thumb/interwork/libgcc.a(_cmpdf2.o)
                0x00009688                __gtdf2
                0x00009688                __gedf2
                0x00009690                __ltdf2
                0x00009690                __ledf2
                0x00009698                __cmpdf2
                0x00009698                __eqdf2
                0x00009698                __nedf2
                0x0000971c                __aeabi_cdrcmple
                0x00009738                __aeabi_cdcmple
                0x00009738                __aeabi_cdcmpeq
                0x00009750                __aeabi_dcmpeq
                0x00009768                __aeabi_dcmplt
                0x00009780                __aeabi_dcmple
                0x00009798                __aeabi_dcmpge
                0x000097b0                __aeabi_dcmpgt
 .text          0x000097c8       0x5c /usr/local/arm7/bin/../lib/gcc/arm-elf/4.1.1/thumb/interwork/libgcc.a(_fixdfsi.o)
                0x000097c8                __fixdfsi
                0x000097c8                __aeabi_d2iz
 .text          0x00009824      0x2ac /usr/local/arm7/bin/../lib/gcc/arm-elf/4.1.1/thumb/interwork/libgcc.a(_addsubsf3.o)
                0x00009824                __aeabi_frsub
                0x0000982c                __subsf3
                0x0000982c                __aeabi_fsub
                0x00009830                __aeabi_fadd
                0x00009830                __addsf3
                0x000099ec                __aeabi_ui2f
                0x000099ec                __floatunsisf
                0x000099f4                __aeabi_i2f
                0x000099f4                __floatsisf
                0x00009a14                __floatundisf
                0x00009a14                __aeabi_ul2f
                0x00009a24                __floatdisf
                0x00009a24                __aeabi_l2f
 .text          0x00009ad0      0x2f8 /usr/local/arm7/bin/../lib/gcc/arm-elf/4.1.1/thumb/interwork/libgcc.a(_muldivsf3.o)
                0x00009ad0                __mulsf3
                0x00009ad0                __aeabi_fmul
                0x00009c68                __divsf3
                0x00009c68                __aeabi_fdiv
 .text          0x00009dc8      0x110 /usr/local/arm7/bin/../lib/gcc/arm-elf/4.1.1/thumb/interwork/libgcc.a(_cmpsf2.o)
                0x00009dc8                __gtsf2
                0x00009dc8                __gesf2
                0x00009dd0                __lesf2
                0x00009dd0                __ltsf2
                0x00009dd8                __nesf2
                0x00009dd8                __eqsf2
                0x00009dd8                __cmpsf2
                0x00009e38                __aeabi_cfrcmple
                0x00009e48                __aeabi_cfcmple
                0x00009e48                __aeabi_cfcmpeq
                0x00009e60                __aeabi_fcmpeq
                0x00009e78                __aeabi_fcmplt
                0x00009e90                __aeabi_fcmple
                0x00009ea8                __aeabi_fcmpge
                0x00009ec0                __aeabi_fcmpgt
 .text          0x00009ed8       0x5c /usr/local/arm7/bin/../lib/gcc/arm-elf/4.1.1/thumb/interwork/libgcc.a(_fixsfsi.o)
                0x00009ed8                __fixsfsi
                0x00009ed8                __aeabi_f2iz
 .text          0x00009f34     0x3250 .//libdeclination.a(declination.o)
                0x0000c978                geomag
                0x0000c9e0                geomg1
                0x0000ca50                getDeclination
 .text          0x0000d184     0x1e88 .//libublox.a(ublox.o)
                0x0000d184                uBloxSendMessage
                0x0000d39c                pollMessageRate
                0x0000d3f4                setMessageRate
                0x0000d458                uBloxResetConfiguration
                0x0000d4f4                uBloxHandleMessage
                0x0000dcac                uBloxReceiveHandler
                0x0000e370                uBloxReceiveEngine
 .text          0x0000f00c       0xb8 /usr/local/arm7/bin/../lib/gcc/arm-elf/4.1.1/../../../../arm-elf/lib/thumb/interwork/libm.a(s_cos.o)
                0x0000f00c                cos
 .text          0x0000f0c4       0xbc /usr/local/arm7/bin/../lib/gcc/arm-elf/4.1.1/../../../../arm-elf/lib/thumb/interwork/libm.a(s_sin.o)
                0x0000f0c4                sin
 .text          0x0000f180       0xd0 /usr/local/arm7/bin/../lib/gcc/arm-elf/4.1.1/../../../../arm-elf/lib/thumb/interwork/libm.a(w_atan2.o)
                0x0000f180                atan2
 .text          0x0000f250       0xc4 /usr/local/arm7/bin/../lib/gcc/arm-elf/4.1.1/../../../../arm-elf/lib/thumb/interwork/libm.a(w_sqrt.o)
                0x0000f250                sqrt
 .text          0x0000f314      0x220 /usr/local/arm7/bin/../lib/gcc/arm-elf/4.1.1/../../../../arm-elf/lib/thumb/interwork/libm.a(e_atan2.o)
                0x0000f314                __ieee754_atan2
 .text          0x0000f534      0x440 /usr/local/arm7/bin/../lib/gcc/arm-elf/4.1.1/../../../../arm-elf/lib/thumb/interwork/libm.a(e_rem_pio2.o)
                0x0000f534                __ieee754_rem_pio2
 .text          0x0000f974      0x1d8 /usr/local/arm7/bin/../lib/gcc/arm-elf/4.1.1/../../../../arm-elf/lib/thumb/interwork/libm.a(e_sqrt.o)
                0x0000f974                __ieee754_sqrt
 .text          0x0000fb4c      0x28c /usr/local/arm7/bin/../lib/gcc/arm-elf/4.1.1/../../../../arm-elf/lib/thumb/interwork/libm.a(k_cos.o)
                0x0000fb4c                __kernel_cos
 .text          0x0000fdd8      0x89c /usr/local/arm7/bin/../lib/gcc/arm-elf/4.1.1/../../../../arm-elf/lib/thumb/interwork/libm.a(k_rem_pio2.o)
                0x0000fdd8                __kernel_rem_pio2
 .text          0x00010674      0x180 /usr/local/arm7/bin/../lib/gcc/arm-elf/4.1.1/../../../../arm-elf/lib/thumb/interwork/libm.a(k_sin.o)
                0x00010674                __kernel_sin
 .text          0x000107f4      0x380 /usr/local/arm7/bin/../lib/gcc/arm-elf/4.1.1/../../../../arm-elf/lib/thumb/interwork/libm.a(s_atan.o)
                0x000107f4                atan
 .text          0x00010b74       0x18 /usr/local/arm7/bin/../lib/gcc/arm-elf/4.1.1/../../../../arm-elf/lib/thumb/interwork/libm.a(s_fabs.o)
                0x00010b74                fabs
 .text          0x00010b8c      0x16c /usr/local/arm7/bin/../lib/gcc/arm-elf/4.1.1/../../../../arm-elf/lib/thumb/interwork/libm.a(s_floor.o)
                0x00010b8c                floor
 .text          0x00010cf8       0x1c /usr/local/arm7/bin/../lib/gcc/arm-elf/4.1.1/../../../../arm-elf/lib/thumb/interwork/libm.a(s_isnan.o)
                0x00010cf8                isnan
 .text          0x00010d14        0x0 /usr/local/arm7/bin/../lib/gcc/arm-elf/4.1.1/../../../../arm-elf/lib/thumb/interwork/libm.a(s_lib_ver.o)
 .text          0x00010d14        0x4 /usr/local/arm7/bin/../lib/gcc/arm-elf/4.1.1/../../../../arm-elf/lib/thumb/interwork/libm.a(s_matherr.o)
                0x00010d14                matherr
 .text          0x00010d18      0x130 /usr/local/arm7/bin/../lib/gcc/arm-elf/4.1.1/../../../../arm-elf/lib/thumb/interwork/libm.a(s_scalbn.o)
                0x00010d18                scalbn
 .text          0x00010e48       0x24 /usr/local/arm7/bin/../lib/gcc/arm-elf/4.1.1/../../../../arm-elf/lib/thumb/interwork/libm.a(s_copysign.o)
                0x00010e48                copysign
 .text          0x00010e6c       0xa0 /usr/local/arm7/bin/../lib/gcc/arm-elf/4.1.1/thumb/interwork/libgcc.a(_truncdfsf2.o)
                0x00010e6c                __aeabi_d2f
                0x00010e6c                __truncdfsf2
 .text          0x00010f0c        0xc /usr/local/arm7/bin/../lib/gcc/arm-elf/4.1.1/../../../../arm-elf/lib/thumb/interwork/libg.a(errno.o)
                0x00010f0c                __errno
 .text          0x00010f18        0x0 /usr/local/arm7/bin/../lib/gcc/arm-elf/4.1.1/../../../../arm-elf/lib/thumb/interwork/libg.a(impure.o)
 *(.gnu.linkonce.t.*)
 *(.glue_7)
 .glue_7        0x00010f18       0x60 linker stubs
                0x00010f18                __cos_from_arm
                0x00010f24                __memcpy_from_arm
                0x00010f30                __memset_from_arm
                0x00010f3c                ____divsi3_from_arm
                0x00010f48                ____udivsi3_from_arm
                0x00010f54                __sqrt_from_arm
                0x00010f60                __sin_from_arm
                0x00010f6c                __atan2_from_arm
 .glue_7.stub   0x00010f78       0x50 linker stubs
 *(.glue_7t)
 .glue_7t       0x00000000        0x0 linker stubs
 *(.gcc_except_table)
 *(.rodata)
 .rodata        0x00010fc8        0x4 position_controller.o
                0x00010fc8                thrustScale
 .rodata        0x00010fcc       0xe2 .//libublox.a(ublox.o)
 *fill*         0x000110ae        0x2 00
 .rodata        0x000110b0        0x8 /usr/local/arm7/bin/../lib/gcc/arm-elf/4.1.1/../../../../arm-elf/lib/thumb/interwork/libm.a(w_atan2.o)
 .rodata        0x000110b8        0x8 /usr/local/arm7/bin/../lib/gcc/arm-elf/4.1.1/../../../../arm-elf/lib/thumb/interwork/libm.a(w_sqrt.o)
 .rodata        0x000110c0      0x188 /usr/local/arm7/bin/../lib/gcc/arm-elf/4.1.1/../../../../arm-elf/lib/thumb/interwork/libm.a(e_rem_pio2.o)
 .rodata        0x00011248       0x50 /usr/local/arm7/bin/../lib/gcc/arm-elf/4.1.1/../../../../arm-elf/lib/thumb/interwork/libm.a(k_rem_pio2.o)
 .rodata        0x00011298       0x40 /usr/local/arm7/bin/../lib/gcc/arm-elf/4.1.1/../../../../arm-elf/lib/thumb/interwork/libm.a(s_atan.o)
 .rodata        0x000112d8        0x4 /usr/local/arm7/bin/../lib/gcc/arm-elf/4.1.1/../../../../arm-elf/lib/thumb/interwork/libm.a(s_lib_ver.o)
                0x000112d8                __fdlib_version
 .rodata        0x000112dc        0x8 /usr/local/arm7/bin/../lib/gcc/arm-elf/4.1.1/../../../../arm-elf/lib/thumb/interwork/libg.a(impure.o)
                0x000112dc                _global_impure_ptr
 *(.rodata*)
 *(.gnu.linkonce.r.*)
                0x000112e4                . = ALIGN (0x4)

.vfp11_veneer   0x000112e4        0x0
 .vfp11_veneer  0x00000000        0x0 linker stubs

.v4_bx          0x000112e4        0x0
 .v4_bx         0x00000000        0x0 linker stubs

.iplt           0x000112e4        0x0
 .iplt          0x00000000        0x0 Common_WinARM/src/Startup.o

.rel.dyn        0x000112e4        0x0
 .rel.iplt      0x00000000        0x0 Common_WinARM/src/Startup.o
                0x000112e4                . = ALIGN (0x4)

.ctors          0x000112e4        0x0
                0x000112e4                PROVIDE (__ctors_start__, .)
 *(SORT(.ctors.*))
 *(.ctors)
                0x000112e4                . = ALIGN (0x4)
                0x000112e4                PROVIDE (__ctors_end__, .)
                0x000112e4                . = ALIGN (0x4)

.dtors          0x000112e4        0x0
                0x000112e4                PROVIDE (__dtors_start__, .)
 *(SORT(.dtors.*))
 *(.dtors)
                0x000112e4                . = ALIGN (0x4)
                0x000112e4                PROVIDE (__dtors_end__, .)
                0x000112e4                . = ALIGN (0x4)
                0x000112e4                . = ALIGN (0x4)
                0x000112e4                _etext = .
                0x000112e4                PROVIDE (etext, .)

.data           0x40000000      0xa30 load address 0x000112e4
                0x40000000                _data = .
 *(.vectmapped)
                0x40000000                . = ALIGN (0x4)
 *(.fastrun)
                0x40000000                . = ALIGN (0x4)
                0x40000000                . = ALIGN (0x4)
 *(.data)
 .data          0x40000000        0x0 Common_WinARM/src/Startup.o
 .data          0x40000000        0x0 Common_WinARM/src/swi_handler.o
 .data          0x40000000        0x0 LL_HL_comm.o
 .data          0x40000000        0x0 mymath.o
 .data          0x40000000        0x0 gpsmath.o
 .data          0x40000000       0x28 sdk.o
                0x40000000                receiveCmdData
                0x40000004                output_thrust
                0x40000008                my_setpoint
 .data          0x40000028        0x0 MyProtocol.o
 .data          0x40000028        0x0 pid.o
 .data          0x40000028       0xa4 position_controller.o
                0x40000028                zVelMax
                0x4000002c                velMaxOverhead
                0x40000030                this
 .data          0x400000cc        0x0 buzzer.o
 .data          0x400000cc        0x2 main.o
                0x400000cc                DataOutputsPerSecond
 .data          0x400000ce        0x0 hardware.o
 .data          0x400000ce        0x0 LPC2k_ee.o
 .data          0x400000ce        0x0 system.o
 .data          0x400000ce        0x7 uart.o
                0x400000ce                chksum_trigger
                0x400000cf                startstring
                0x400000d2                stopstring
 .data          0x400000d5        0x0 syscalls.o
 .data          0x400000d5        0x0 i2c.o
 .data          0x400000d5        0x0 Common_WinARM/src/irq.o
 .data          0x400000d5        0x0 adc.o
 .data          0x400000d5        0x3 ssp.o
                0x400000d5                data_sent_to_LL
                0x400000d6                SSP_receiption_complete
                0x400000d7                data_sent_to_HL
 .data          0x400000d8        0x0 pelican_ptu.o
 .data          0x400000d8        0x0 /usr/local/arm7/bin/../lib/gcc/arm-elf/4.1.1/../../../../arm-elf/lib/thumb/interwork/libc.a(memcpy.o)
 .data          0x400000d8        0x0 /usr/local/arm7/bin/../lib/gcc/arm-elf/4.1.1/../../../../arm-elf/lib/thumb/interwork/libc.a(memset.o)
 .data          0x400000d8        0x0 /usr/local/arm7/bin/../lib/gcc/arm-elf/4.1.1/thumb/interwork/libgcc.a(_udivsi3.o)
 .data          0x400000d8        0x0 /usr/local/arm7/bin/../lib/gcc/arm-elf/4.1.1/thumb/interwork/libgcc.a(_divsi3.o)
 .data          0x400000d8        0x0 /usr/local/arm7/bin/../lib/gcc/arm-elf/4.1.1/thumb/interwork/libgcc.a(_dvmd_tls.o)
 .data          0x400000d8        0x0 /usr/local/arm7/bin/../lib/gcc/arm-elf/4.1.1/thumb/interwork/libgcc.a(_addsubdf3.o)
 .data          0x400000d8        0x0 /usr/local/arm7/bin/../lib/gcc/arm-elf/4.1.1/thumb/interwork/libgcc.a(_muldivdf3.o)
 .data          0x400000d8        0x0 /usr/local/arm7/bin/../lib/gcc/arm-elf/4.1.1/thumb/interwork/libgcc.a(_cmpdf2.o)
 .data          0x400000d8        0x0 /usr/local/arm7/bin/../lib/gcc/arm-elf/4.1.1/thumb/interwork/libgcc.a(_fixdfsi.o)
 .data          0x400000d8        0x0 /usr/local/arm7/bin/../lib/gcc/arm-elf/4.1.1/thumb/interwork/libgcc.a(_addsubsf3.o)
 .data          0x400000d8        0x0 /usr/local/arm7/bin/../lib/gcc/arm-elf/4.1.1/thumb/interwork/libgcc.a(_muldivsf3.o)
 .data          0x400000d8        0x0 /usr/local/arm7/bin/../lib/gcc/arm-elf/4.1.1/thumb/interwork/libgcc.a(_cmpsf2.o)
 .data          0x400000d8        0x0 /usr/local/arm7/bin/../lib/gcc/arm-elf/4.1.1/thumb/interwork/libgcc.a(_fixsfsi.o)
 .data          0x400000d8      0x54c .//libdeclination.a(declination.o)
 .data          0x40000624        0x8 .//libublox.a(ublox.o)
                0x40000624                gpsLEDTrigger
 .data          0x4000062c        0x0 /usr/local/arm7/bin/../lib/gcc/arm-elf/4.1.1/../../../../arm-elf/lib/thumb/interwork/libm.a(s_cos.o)
 .data          0x4000062c        0x0 /usr/local/arm7/bin/../lib/gcc/arm-elf/4.1.1/../../../../arm-elf/lib/thumb/interwork/libm.a(s_sin.o)
 .data          0x4000062c        0x0 /usr/local/arm7/bin/../lib/gcc/arm-elf/4.1.1/../../../../arm-elf/lib/thumb/interwork/libm.a(w_atan2.o)
 .data          0x4000062c        0x0 /usr/local/arm7/bin/../lib/gcc/arm-elf/4.1.1/../../../../arm-elf/lib/thumb/interwork/libm.a(w_sqrt.o)
 .data          0x4000062c        0x0 /usr/local/arm7/bin/../lib/gcc/arm-elf/4.1.1/../../../../arm-elf/lib/thumb/interwork/libm.a(e_atan2.o)
 .data          0x4000062c        0x0 /usr/local/arm7/bin/../lib/gcc/arm-elf/4.1.1/../../../../arm-elf/lib/thumb/interwork/libm.a(e_rem_pio2.o)
 .data          0x4000062c        0x0 /usr/local/arm7/bin/../lib/gcc/arm-elf/4.1.1/../../../../arm-elf/lib/thumb/interwork/libm.a(e_sqrt.o)
 .data          0x4000062c        0x0 /usr/local/arm7/bin/../lib/gcc/arm-elf/4.1.1/../../../../arm-elf/lib/thumb/interwork/libm.a(k_cos.o)
 .data          0x4000062c        0x0 /usr/local/arm7/bin/../lib/gcc/arm-elf/4.1.1/../../../../arm-elf/lib/thumb/interwork/libm.a(k_rem_pio2.o)
 .data          0x4000062c        0x0 /usr/local/arm7/bin/../lib/gcc/arm-elf/4.1.1/../../../../arm-elf/lib/thumb/interwork/libm.a(k_sin.o)
 .data          0x4000062c        0x0 /usr/local/arm7/bin/../lib/gcc/arm-elf/4.1.1/../../../../arm-elf/lib/thumb/interwork/libm.a(s_atan.o)
 .data          0x4000062c        0x0 /usr/local/arm7/bin/../lib/gcc/arm-elf/4.1.1/../../../../arm-elf/lib/thumb/interwork/libm.a(s_fabs.o)
 .data          0x4000062c        0x0 /usr/local/arm7/bin/../lib/gcc/arm-elf/4.1.1/../../../../arm-elf/lib/thumb/interwork/libm.a(s_floor.o)
 .data          0x4000062c        0x0 /usr/local/arm7/bin/../lib/gcc/arm-elf/4.1.1/../../../../arm-elf/lib/thumb/interwork/libm.a(s_isnan.o)
 .data          0x4000062c        0x0 /usr/local/arm7/bin/../lib/gcc/arm-elf/4.1.1/../../../../arm-elf/lib/thumb/interwork/libm.a(s_lib_ver.o)
 .data          0x4000062c        0x0 /usr/local/arm7/bin/../lib/gcc/arm-elf/4.1.1/../../../../arm-elf/lib/thumb/interwork/libm.a(s_matherr.o)
 .data          0x4000062c        0x0 /usr/local/arm7/bin/../lib/gcc/arm-elf/4.1.1/../../../../arm-elf/lib/thumb/interwork/libm.a(s_scalbn.o)
 .data          0x4000062c        0x0 /usr/local/arm7/bin/../lib/gcc/arm-elf/4.1.1/../../../../arm-elf/lib/thumb/interwork/libm.a(s_copysign.o)
 .data          0x4000062c        0x0 /usr/local/arm7/bin/../lib/gcc/arm-elf/4.1.1/thumb/interwork/libgcc.a(_truncdfsf2.o)
 .data          0x4000062c        0x0 /usr/local/arm7/bin/../lib/gcc/arm-elf/4.1.1/../../../../arm-elf/lib/thumb/interwork/libg.a(errno.o)
 .data          0x4000062c      0x404 /usr/local/arm7/bin/../lib/gcc/arm-elf/4.1.1/../../../../arm-elf/lib/thumb/interwork/libg.a(impure.o)
                0x4000062c                _impure_ptr
 *(.data.*)
 *(.gnu.linkonce.d*)
                0x40000a30                . = ALIGN (0x4)

.igot.plt       0x40000a30        0x0 load address 0x00011d14
 .igot.plt      0x00000000        0x0 Common_WinARM/src/Startup.o
                0x40000a30                . = ALIGN (0x4)
                0x40000a30                _edata = .
                0x40000a30                PROVIDE (edata, .)

.bss            0x40000a30     0x1bc4 load address 0x00011d14
                0x40000a30                __bss_start = .
                0x40000a30                __bss_start__ = .
 *(.bss)
 .bss           0x40000a30        0x0 Common_WinARM/src/Startup.o
 .bss           0x40000a30        0x0 Common_WinARM/src/swi_handler.o
 .bss           0x40000a30       0x18 LL_HL_comm.o
                0x40000a30                SSP_ack
                0x40000a32                wpCtrlWpCmd
                0x40000a33                wpCtrlWpCmdUpdated
                0x40000a34                wpCtrlAckTrigger
                0x40000a36                wpCtrlNavStatus
                0x40000a38                wpCtrlDistToWp
 .bss           0x40000a48        0x0 mymath.o
 .bss           0x40000a48        0x4 gpsmath.o
                0x40000a48                gpsDataOkTrigger
 .bss           0x40000a4c      0x204 sdk.o
                0x40000a4c                allDataBuffer
                0x40000b4c                receivedViconData
                0x40000b74                sendDebugData
                0x40000b98                receiveDebugData
                0x40000bbc                sendParamDebug
                0x40000be0                receiveParamDebug
                0x40000c04                pack_id
                0x40000c08                vicon_count
                0x40000c0c                vicon_tp
                0x40000c10                receive_valid_data_flag
                0x40000c14                my_state
 .bss           0x40000c50       0x10 MyProtocol.o
 .bss           0x40000c60        0x0 pid.o
 .bss           0x40000c60       0x14 position_controller.o
 .bss           0x40000c74       0x14 buzzer.o
 .bss           0x40000c88       0x24 main.o
                0x40000c88                int_cnt
                0x40000c8c                cnt
                0x40000c90                mainloop_cnt
                0x40000c94                mainloop_trigger
                0x40000c98                GPS_timeout
                0x40000c9c                trigger_cnt
                0x40000ca0                SYSTEM_initialized
 .bss           0x40000cac        0x0 hardware.o
 .bss           0x40000cac        0x0 LPC2k_ee.o
 .bss           0x40000cac        0x0 system.o
 .bss           0x40000cac      0x32c uart.o
                0x40000cac                data_requested
                0x40000cad                chksum_to_check
                0x40000cae                transmission_running
                0x40000caf                transmission1_running
                0x40000cb0                trigger_transmission
                0x40000cb1                baudrate1_change
                0x40000cb2                UART_syncstate
                0x40000cb3                UART1_syncstate
                0x40000cb4                UART_rxcount
                0x40000cb8                UART1_rxcount
                0x40000cbc                UART_CalibDoneFlag
 .bss           0x40000fd8        0x4 syscalls.o
 .bss           0x40000fdc       0x14 i2c.o
                0x40000fdc                I2CMasterState
                0x40000fe0                I2CSlaveState
                0x40000fe4                I2CCount
                0x40000fe8                RdIndex
                0x40000fec                WrIndex
 .bss           0x40000ff0        0x0 Common_WinARM/src/irq.o
 .bss           0x40000ff0        0x8 adc.o
                0x40000ff0                ADC0IntDone
                0x40000ff4                ADC1IntDone
 .bss           0x40000ff8        0x4 ssp.o
                0x40000ff8                SSP_trans_cnt
 .bss           0x40000ffc        0x8 pelican_ptu.o
 .bss           0x40001004        0x0 /usr/local/arm7/bin/../lib/gcc/arm-elf/4.1.1/../../../../arm-elf/lib/thumb/interwork/libc.a(memcpy.o)
 .bss           0x40001004        0x0 /usr/local/arm7/bin/../lib/gcc/arm-elf/4.1.1/../../../../arm-elf/lib/thumb/interwork/libc.a(memset.o)
 .bss           0x40001004        0x0 /usr/local/arm7/bin/../lib/gcc/arm-elf/4.1.1/thumb/interwork/libgcc.a(_udivsi3.o)
 .bss           0x40001004        0x0 /usr/local/arm7/bin/../lib/gcc/arm-elf/4.1.1/thumb/interwork/libgcc.a(_divsi3.o)
 .bss           0x40001004        0x0 /usr/local/arm7/bin/../lib/gcc/arm-elf/4.1.1/thumb/interwork/libgcc.a(_dvmd_tls.o)
 .bss           0x40001004        0x0 /usr/local/arm7/bin/../lib/gcc/arm-elf/4.1.1/thumb/interwork/libgcc.a(_addsubdf3.o)
 .bss           0x40001004        0x0 /usr/local/arm7/bin/../lib/gcc/arm-elf/4.1.1/thumb/interwork/libgcc.a(_muldivdf3.o)
 .bss           0x40001004        0x0 /usr/local/arm7/bin/../lib/gcc/arm-elf/4.1.1/thumb/interwork/libgcc.a(_cmpdf2.o)
 .bss           0x40001004        0x0 /usr/local/arm7/bin/../lib/gcc/arm-elf/4.1.1/thumb/interwork/libgcc.a(_fixdfsi.o)
 .bss           0x40001004        0x0 /usr/local/arm7/bin/../lib/gcc/arm-elf/4.1.1/thumb/interwork/libgcc.a(_addsubsf3.o)
 .bss           0x40001004        0x0 /usr/local/arm7/bin/../lib/gcc/arm-elf/4.1.1/thumb/interwork/libgcc.a(_muldivsf3.o)
 .bss           0x40001004        0x0 /usr/local/arm7/bin/../lib/gcc/arm-elf/4.1.1/thumb/interwork/libgcc.a(_cmpsf2.o)
 .bss           0x40001004        0x0 /usr/local/arm7/bin/../lib/gcc/arm-elf/4.1.1/thumb/interwork/libgcc.a(_fixsfsi.o)
 .bss           0x40001004      0xcc4 .//libdeclination.a(declination.o)
                0x40001004                estimatedDeclination
                0x40001008                estimatedInclination
                0x4000100c                declinationAvailable
 .bss           0x40001cc8       0x28 .//libublox.a(ublox.o)
                0x40001cc8                urTimeCnt
                0x40001ccc                GPS_raw_data_size
                0x40001cd0                urAckReceived
                0x40001cd1                urAckClass
                0x40001cd2                urAckId
                0x40001cd3                urConfigMessageReceived
                0x40001cd4                urVersionCheck
                0x40001cd6                urMsgCnt
                0x40001cd8                ubloxVersion
 .bss           0x40001cf0        0x0 /usr/local/arm7/bin/../lib/gcc/arm-elf/4.1.1/../../../../arm-elf/lib/thumb/interwork/libm.a(s_cos.o)
 .bss           0x40001cf0        0x0 /usr/local/arm7/bin/../lib/gcc/arm-elf/4.1.1/../../../../arm-elf/lib/thumb/interwork/libm.a(s_sin.o)
 .bss           0x40001cf0        0x0 /usr/local/arm7/bin/../lib/gcc/arm-elf/4.1.1/../../../../arm-elf/lib/thumb/interwork/libm.a(w_atan2.o)
 .bss           0x40001cf0        0x0 /usr/local/arm7/bin/../lib/gcc/arm-elf/4.1.1/../../../../arm-elf/lib/thumb/interwork/libm.a(w_sqrt.o)
 .bss           0x40001cf0        0x0 /usr/local/arm7/bin/../lib/gcc/arm-elf/4.1.1/../../../../arm-elf/lib/thumb/interwork/libm.a(e_atan2.o)
 .bss           0x40001cf0        0x0 /usr/local/arm7/bin/../lib/gcc/arm-elf/4.1.1/../../../../arm-elf/lib/thumb/interwork/libm.a(e_rem_pio2.o)
 .bss           0x40001cf0        0x0 /usr/local/arm7/bin/../lib/gcc/arm-elf/4.1.1/../../../../arm-elf/lib/thumb/interwork/libm.a(e_sqrt.o)
 .bss           0x40001cf0        0x0 /usr/local/arm7/bin/../lib/gcc/arm-elf/4.1.1/../../../../arm-elf/lib/thumb/interwork/libm.a(k_cos.o)
 .bss           0x40001cf0        0x0 /usr/local/arm7/bin/../lib/gcc/arm-elf/4.1.1/../../../../arm-elf/lib/thumb/interwork/libm.a(k_rem_pio2.o)
 .bss           0x40001cf0        0x0 /usr/local/arm7/bin/../lib/gcc/arm-elf/4.1.1/../../../../arm-elf/lib/thumb/interwork/libm.a(k_sin.o)
 .bss           0x40001cf0        0x0 /usr/local/arm7/bin/../lib/gcc/arm-elf/4.1.1/../../../../arm-elf/lib/thumb/interwork/libm.a(s_atan.o)
 .bss           0x40001cf0        0x0 /usr/local/arm7/bin/../lib/gcc/arm-elf/4.1.1/../../../../arm-elf/lib/thumb/interwork/libm.a(s_fabs.o)
 .bss           0x40001cf0        0x0 /usr/local/arm7/bin/../lib/gcc/arm-elf/4.1.1/../../../../arm-elf/lib/thumb/interwork/libm.a(s_floor.o)
 .bss           0x40001cf0        0x0 /usr/local/arm7/bin/../lib/gcc/arm-elf/4.1.1/../../../../arm-elf/lib/thumb/interwork/libm.a(s_isnan.o)
 .bss           0x40001cf0        0x0 /usr/local/arm7/bin/../lib/gcc/arm-elf/4.1.1/../../../../arm-elf/lib/thumb/interwork/libm.a(s_lib_ver.o)
 .bss           0x40001cf0        0x0 /usr/local/arm7/bin/../lib/gcc/arm-elf/4.1.1/../../../../arm-elf/lib/thumb/interwork/libm.a(s_matherr.o)
 .bss           0x40001cf0        0x0 /usr/local/arm7/bin/../lib/gcc/arm-elf/4.1.1/../../../../arm-elf/lib/thumb/interwork/libm.a(s_scalbn.o)
 .bss           0x40001cf0        0x0 /usr/local/arm7/bin/../lib/gcc/arm-elf/4.1.1/../../../../arm-elf/lib/thumb/interwork/libm.a(s_copysign.o)
 .bss           0x40001cf0        0x0 /usr/local/arm7/bin/../lib/gcc/arm-elf/4.1.1/thumb/interwork/libgcc.a(_truncdfsf2.o)
 .bss           0x40001cf0        0x0 /usr/local/arm7/bin/../lib/gcc/arm-elf/4.1.1/../../../../arm-elf/lib/thumb/interwork/libg.a(errno.o)
 .bss           0x40001cf0        0x0 /usr/local/arm7/bin/../lib/gcc/arm-elf/4.1.1/../../../../arm-elf/lib/thumb/interwork/libg.a(impure.o)
 *(.gnu.linkonce.b*)
 *(COMMON)
 COMMON         0x40001cf0       0xb0 LL_HL_comm.o
                0x40001cf0                LL_1khz_attitude_data
                0x40001d4c                LL_1khz_control_input
                0x40001d84                wpToLL
 COMMON         0x40001da0       0x58 gpsmath.o
                0x40001da0                GPS_Data
                0x40001dcc                gps_data_temp
 COMMON         0x40001df8       0xbc sdk.o
                0x40001df8                WO_CTRL_Input
                0x40001e04                WO_Direct_Motor_Control
                0x40001e08                calc_thrust
                0x40001e0c                WO_Direct_Individual_Motor_Control
                0x40001e14                WO_SDK
                0x40001e18                RO_RC_Data
                0x40001e28                RO_ALL_Data
 COMMON         0x40001eb4       0xdc main.o
                0x40001eb4                GPS_Time
                0x40001ebc                IMU_CalcData
                0x40001f18                HL_Status
                0x40001f30                uart_cnt
                0x40001f34                IMU_CalcData_tmp
 COMMON         0x40001f90        0x4 LPC2k_ee.o
                0x40001f90                iap_entry
 COMMON         0x40001f94      0x120 uart.o
                0x40001f94                UART_rxptr
                0x40001f98                send_buffer
                0x40001fa8                current_chksum
                0x40001faa                packets
                0x40001fac                tx_buff
                0x40001fb0                my_buffer
                0x400020b0                UART1_rxptr
 COMMON         0x400020b4       0x50 i2c.o
                0x400020b4                I2CReadLength
                0x400020b8                I2CSlaveBuffer
                0x400020d8                I2CMode
                0x400020dc                I2CMasterBuffer
                0x400020fc                I2CCmd
                0x40002100                I2CWriteLength
 COMMON         0x40002104       0x60 adc.o
                0x40002104                ADC0Value
                0x40002124                ADC1Value
                0x40002144                adcChannelValues
 COMMON         0x40002164      0x10c ssp.o
                0x40002164                CurrentRxIndex
                0x40002168                SPIWR_num_bytes
                0x4000216c                CurrentTxIndex
                0x40002170                SPIWRData
                0x400021f0                SPIRDData
 COMMON         0x40002270       0x2c pelican_ptu.o
                0x40002270                CAMERA_Commands
                0x4000227c                CAMERA_ptu
 COMMON         0x4000229c      0x356 .//libublox.a(ublox.o)
                0x4000229c                GPS_RawBuffer
                0x4000241c                urRecData
                0x4000251c                satInfo
                0x400025dc                urConfigCnt
                0x400025e0                urCfgIdList
                0x400025e4                gpsHardwareStatus
                0x400025f4                . = ALIGN (0x4)
 *fill*         0x400025f2        0x2 00
                0x400025f4                . = ALIGN (0x4)
                0x400025f4                __bss_end__ = .
                0x400025f4                PROVIDE (__bss_end, .)

.stack          0x40002600     0x1980
 *(.stack)
 .stack         0x40002600     0x1980 Common_WinARM/src/Startup.o
                0x40003f80                PROVIDE (_stack, .)
                0x40003f80                . = ALIGN (0x4)
                0x40003f80                _end = .
                0x40003f80                PROVIDE (end, .)

.stab           0x00000000     0x90f0
 *(.stab)
 .stab          0x00000000      0x57c Common_WinARM/src/Startup.o
 .stab          0x0000057c      0x3a8 Common_WinARM/src/swi_handler.o
                                0x3b4 (size before relaxing)
 .stab          0x00000924      0xd98 LL_HL_comm.o
                                0xda4 (size before relaxing)
 .stab          0x000016bc       0xd8 mymath.o
                                 0xe4 (size before relaxing)
 .stab          0x00001794      0x1f8 gpsmath.o
                                0x228 (size before relaxing)
 .stab          0x0000198c      0xfd8 sdk.o
                               0x1080 (size before relaxing)
 .stab          0x00002964      0x7bc MyProtocol.o
                                0x954 (size before relaxing)
 .stab          0x00003120      0x774 pid.o
                                0x780 (size before relaxing)
 .stab          0x00003894      0x504 position_controller.o
                                0x5d0 (size before relaxing)
 .stab          0x00003d98      0x7a4 buzzer.o
                                0x828 (size before relaxing)
 .stab          0x0000453c      0x900 main.o
                                0xc9c (size before relaxing)
 .stab          0x00004e3c      0x1d4 hardware.o
                                0x498 (size before relaxing)
 .stab          0x00005010      0x7b0 LPC2k_ee.o
                                0x7bc (size before relaxing)
 .stab          0x000057c0      0x744 system.o
                                0xa08 (size before relaxing)
 .stab          0x00005f04     0x1194 uart.o
                               0x1548 (size before relaxing)
 .stab          0x00007098      0x858 syscalls.o
                                0xac8 (size before relaxing)
 .stab          0x000078f0      0x6d8 i2c.o
                                0x720 (size before relaxing)
 .stab          0x00007fc8      0x408 Common_WinARM/src/irq.o
                                0x414 (size before relaxing)
 .stab          0x000083d0      0x48c adc.o
                                0x4d4 (size before relaxing)
 .stab          0x0000885c      0x498 ssp.o
                                0x594 (size before relaxing)
 .stab          0x00008cf4      0x3fc pelican_ptu.o
                                0x45c (size before relaxing)

.stabstr        0x00000000     0x9b66
 *(.stabstr)
 .stabstr       0x00000000     0x9b66 Common_WinARM/src/Startup.o

.stab.excl
 *(.stab.excl)

.stab.exclstr
 *(.stab.exclstr)

.stab.index
 *(.stab.index)

.stab.indexstr
 *(.stab.indexstr)

.comment        0x00000000       0x47
 *(.comment)
 .comment       0x00000000       0x11 LL_HL_comm.o
                                 0x12 (size before relaxing)
 .comment       0x00000000       0x12 mymath.o
 .comment       0x00000000       0x12 gpsmath.o
 .comment       0x00000000       0x12 sdk.o
 .comment       0x00000000       0x12 MyProtocol.o
 .comment       0x00000000       0x12 pid.o
 .comment       0x00000000       0x12 position_controller.o
 .comment       0x00000000       0x12 buzzer.o
 .comment       0x00000000       0x12 main.o
 .comment       0x00000000       0x12 hardware.o
 .comment       0x00000000       0x12 LPC2k_ee.o
 .comment       0x00000000       0x12 system.o
 .comment       0x00000000       0x12 uart.o
 .comment       0x00000000       0x12 syscalls.o
 .comment       0x00000000       0x12 i2c.o
 .comment       0x00000000       0x12 Common_WinARM/src/irq.o
 .comment       0x00000000       0x12 adc.o
 .comment       0x00000000       0x12 ssp.o
 .comment       0x00000000       0x12 pelican_ptu.o
 .comment       0x00000000       0x12 /usr/local/arm7/bin/../lib/gcc/arm-elf/4.1.1/../../../../arm-elf/lib/thumb/interwork/libc.a(memcpy.o)
 .comment       0x00000000       0x12 /usr/local/arm7/bin/../lib/gcc/arm-elf/4.1.1/../../../../arm-elf/lib/thumb/interwork/libc.a(memset.o)
 .comment       0x00000011       0x1b .//libdeclination.a(declination.o)
 .comment       0x0000002c       0x1b .//libublox.a(ublox.o)
 .comment       0x00000000       0x12 /usr/local/arm7/bin/../lib/gcc/arm-elf/4.1.1/../../../../arm-elf/lib/thumb/interwork/libm.a(s_cos.o)
 .comment       0x00000000       0x12 /usr/local/arm7/bin/../lib/gcc/arm-elf/4.1.1/../../../../arm-elf/lib/thumb/interwork/libm.a(s_sin.o)
 .comment       0x00000000       0x12 /usr/local/arm7/bin/../lib/gcc/arm-elf/4.1.1/../../../../arm-elf/lib/thumb/interwork/libm.a(w_atan2.o)
 .comment       0x00000000       0x12 /usr/local/arm7/bin/../lib/gcc/arm-elf/4.1.1/../../../../arm-elf/lib/thumb/interwork/libm.a(w_sqrt.o)
 .comment       0x00000000       0x12 /usr/local/arm7/bin/../lib/gcc/arm-elf/4.1.1/../../../../arm-elf/lib/thumb/interwork/libm.a(e_atan2.o)
 .comment       0x00000000       0x12 /usr/local/arm7/bin/../lib/gcc/arm-elf/4.1.1/../../../../arm-elf/lib/thumb/interwork/libm.a(e_rem_pio2.o)
 .comment       0x00000000       0x12 /usr/local/arm7/bin/../lib/gcc/arm-elf/4.1.1/../../../../arm-elf/lib/thumb/interwork/libm.a(e_sqrt.o)
 .comment       0x00000000       0x12 /usr/local/arm7/bin/../lib/gcc/arm-elf/4.1.1/../../../../arm-elf/lib/thumb/interwork/libm.a(k_cos.o)
 .comment       0x00000000       0x12 /usr/local/arm7/bin/../lib/gcc/arm-elf/4.1.1/../../../../arm-elf/lib/thumb/interwork/libm.a(k_rem_pio2.o)
 .comment       0x00000000       0x12 /usr/local/arm7/bin/../lib/gcc/arm-elf/4.1.1/../../../../arm-elf/lib/thumb/interwork/libm.a(k_sin.o)
 .comment       0x00000000       0x12 /usr/local/arm7/bin/../lib/gcc/arm-elf/4.1.1/../../../../arm-elf/lib/thumb/interwork/libm.a(s_atan.o)
 .comment       0x00000000       0x12 /usr/local/arm7/bin/../lib/gcc/arm-elf/4.1.1/../../../../arm-elf/lib/thumb/interwork/libm.a(s_fabs.o)
 .comment       0x00000000       0x12 /usr/local/arm7/bin/../lib/gcc/arm-elf/4.1.1/../../../../arm-elf/lib/thumb/interwork/libm.a(s_floor.o)
 .comment       0x00000000       0x12 /usr/local/arm7/bin/../lib/gcc/arm-elf/4.1.1/../../../../arm-elf/lib/thumb/interwork/libm.a(s_isnan.o)
 .comment       0x00000000       0x12 /usr/local/arm7/bin/../lib/gcc/arm-elf/4.1.1/../../../../arm-elf/lib/thumb/interwork/libm.a(s_lib_ver.o)
 .comment       0x00000000       0x12 /usr/local/arm7/bin/../lib/gcc/arm-elf/4.1.1/../../../../arm-elf/lib/thumb/interwork/libm.a(s_matherr.o)
 .comment       0x00000000       0x12 /usr/local/arm7/bin/../lib/gcc/arm-elf/4.1.1/../../../../arm-elf/lib/thumb/interwork/libm.a(s_scalbn.o)
 .comment       0x00000000       0x12 /usr/local/arm7/bin/../lib/gcc/arm-elf/4.1.1/../../../../arm-elf/lib/thumb/interwork/libm.a(s_copysign.o)
 .comment       0x00000000       0x12 /usr/local/arm7/bin/../lib/gcc/arm-elf/4.1.1/../../../../arm-elf/lib/thumb/interwork/libg.a(errno.o)
 .comment       0x00000000       0x12 /usr/local/arm7/bin/../lib/gcc/arm-elf/4.1.1/../../../../arm-elf/lib/thumb/interwork/libg.a(impure.o)

.ARM.attributes
                0x00000000       0x10
 .ARM.attributes
                0x00000000       0x10 Common_WinARM/src/Startup.o
 .ARM.attributes
                0x00000010       0x10 Common_WinARM/src/swi_handler.o
 .ARM.attributes
                0x00000020       0x10 LL_HL_comm.o
 .ARM.attributes
                0x00000030       0x10 mymath.o
 .ARM.attributes
                0x00000040       0x10 gpsmath.o
 .ARM.attributes
                0x00000050       0x10 sdk.o
 .ARM.attributes
                0x00000060       0x10 MyProtocol.o
 .ARM.attributes
                0x00000070       0x10 pid.o
 .ARM.attributes
                0x00000080       0x10 position_controller.o
 .ARM.attributes
                0x00000090       0x10 buzzer.o
 .ARM.attributes
                0x000000a0       0x10 main.o
 .ARM.attributes
                0x000000b0       0x10 hardware.o
 .ARM.attributes
                0x000000c0       0x10 LPC2k_ee.o
 .ARM.attributes
                0x000000d0       0x10 system.o
 .ARM.attributes
                0x000000e0       0x10 uart.o
 .ARM.attributes
                0x000000f0       0x10 syscalls.o
 .ARM.attributes
                0x00000100       0x10 i2c.o
 .ARM.attributes
                0x00000110       0x10 Common_WinARM/src/irq.o
 .ARM.attributes
                0x00000120       0x10 adc.o
 .ARM.attributes
                0x00000130       0x10 ssp.o
 .ARM.attributes
                0x00000140       0x10 pelican_ptu.o
 .ARM.attributes
                0x00000150       0x10 /usr/local/arm7/bin/../lib/gcc/arm-elf/4.1.1/../../../../arm-elf/lib/thumb/interwork/libc.a(memcpy.o)
 .ARM.attributes
                0x00000160       0x10 /usr/local/arm7/bin/../lib/gcc/arm-elf/4.1.1/../../../../arm-elf/lib/thumb/interwork/libc.a(memset.o)
 .ARM.attributes
                0x00000170       0x10 /usr/local/arm7/bin/../lib/gcc/arm-elf/4.1.1/thumb/interwork/libgcc.a(_udivsi3.o)
 .ARM.attributes
                0x00000180       0x10 /usr/local/arm7/bin/../lib/gcc/arm-elf/4.1.1/thumb/interwork/libgcc.a(_divsi3.o)
 .ARM.attributes
                0x00000190       0x10 /usr/local/arm7/bin/../lib/gcc/arm-elf/4.1.1/thumb/interwork/libgcc.a(_dvmd_tls.o)
 .ARM.attributes
                0x000001a0       0x10 /usr/local/arm7/bin/../lib/gcc/arm-elf/4.1.1/thumb/interwork/libgcc.a(_addsubdf3.o)
 .ARM.attributes
                0x000001b0       0x10 /usr/local/arm7/bin/../lib/gcc/arm-elf/4.1.1/thumb/interwork/libgcc.a(_muldivdf3.o)
 .ARM.attributes
                0x000001c0       0x10 /usr/local/arm7/bin/../lib/gcc/arm-elf/4.1.1/thumb/interwork/libgcc.a(_cmpdf2.o)
 .ARM.attributes
                0x000001d0       0x10 /usr/local/arm7/bin/../lib/gcc/arm-elf/4.1.1/thumb/interwork/libgcc.a(_fixdfsi.o)
 .ARM.attributes
                0x000001e0       0x10 /usr/local/arm7/bin/../lib/gcc/arm-elf/4.1.1/thumb/interwork/libgcc.a(_addsubsf3.o)
 .ARM.attributes
                0x000001f0       0x10 /usr/local/arm7/bin/../lib/gcc/arm-elf/4.1.1/thumb/interwork/libgcc.a(_muldivsf3.o)
 .ARM.attributes
                0x00000200       0x10 /usr/local/arm7/bin/../lib/gcc/arm-elf/4.1.1/thumb/interwork/libgcc.a(_cmpsf2.o)
 .ARM.attributes
                0x00000210       0x10 /usr/local/arm7/bin/../lib/gcc/arm-elf/4.1.1/thumb/interwork/libgcc.a(_fixsfsi.o)
 .ARM.attributes
                0x00000220       0x10 /usr/local/arm7/bin/../lib/gcc/arm-elf/4.1.1/../../../../arm-elf/lib/thumb/interwork/libm.a(s_cos.o)
 .ARM.attributes
                0x00000230       0x10 /usr/local/arm7/bin/../lib/gcc/arm-elf/4.1.1/../../../../arm-elf/lib/thumb/interwork/libm.a(s_sin.o)
 .ARM.attributes
                0x00000240       0x10 /usr/local/arm7/bin/../lib/gcc/arm-elf/4.1.1/../../../../arm-elf/lib/thumb/interwork/libm.a(w_atan2.o)
 .ARM.attributes
                0x00000250       0x10 /usr/local/arm7/bin/../lib/gcc/arm-elf/4.1.1/../../../../arm-elf/lib/thumb/interwork/libm.a(w_sqrt.o)
 .ARM.attributes
                0x00000260       0x10 /usr/local/arm7/bin/../lib/gcc/arm-elf/4.1.1/../../../../arm-elf/lib/thumb/interwork/libm.a(e_atan2.o)
 .ARM.attributes
                0x00000270       0x10 /usr/local/arm7/bin/../lib/gcc/arm-elf/4.1.1/../../../../arm-elf/lib/thumb/interwork/libm.a(e_rem_pio2.o)
 .ARM.attributes
                0x00000280       0x10 /usr/local/arm7/bin/../lib/gcc/arm-elf/4.1.1/../../../../arm-elf/lib/thumb/interwork/libm.a(e_sqrt.o)
 .ARM.attributes
                0x00000290       0x10 /usr/local/arm7/bin/../lib/gcc/arm-elf/4.1.1/../../../../arm-elf/lib/thumb/interwork/libm.a(k_cos.o)
 .ARM.attributes
                0x000002a0       0x10 /usr/local/arm7/bin/../lib/gcc/arm-elf/4.1.1/../../../../arm-elf/lib/thumb/interwork/libm.a(k_rem_pio2.o)
 .ARM.attributes
                0x000002b0       0x10 /usr/local/arm7/bin/../lib/gcc/arm-elf/4.1.1/../../../../arm-elf/lib/thumb/interwork/libm.a(k_sin.o)
 .ARM.attributes
                0x000002c0       0x10 /usr/local/arm7/bin/../lib/gcc/arm-elf/4.1.1/../../../../arm-elf/lib/thumb/interwork/libm.a(s_atan.o)
 .ARM.attributes
                0x000002d0       0x10 /usr/local/arm7/bin/../lib/gcc/arm-elf/4.1.1/../../../../arm-elf/lib/thumb/interwork/libm.a(s_fabs.o)
 .ARM.attributes
                0x000002e0       0x10 /usr/local/arm7/bin/../lib/gcc/arm-elf/4.1.1/../../../../arm-elf/lib/thumb/interwork/libm.a(s_floor.o)
 .ARM.attributes
                0x000002f0       0x10 /usr/local/arm7/bin/../lib/gcc/arm-elf/4.1.1/../../../../arm-elf/lib/thumb/interwork/libm.a(s_isnan.o)
 .ARM.attributes
                0x00000300       0x10 /usr/local/arm7/bin/../lib/gcc/arm-elf/4.1.1/../../../../arm-elf/lib/thumb/interwork/libm.a(s_lib_ver.o)
 .ARM.attributes
                0x00000310       0x10 /usr/local/arm7/bin/../lib/gcc/arm-elf/4.1.1/../../../../arm-elf/lib/thumb/interwork/libm.a(s_matherr.o)
 .ARM.attributes
                0x00000320       0x10 /usr/local/arm7/bin/../lib/gcc/arm-elf/4.1.1/../../../../arm-elf/lib/thumb/interwork/libm.a(s_scalbn.o)
 .ARM.attributes
                0x00000330       0x10 /usr/local/arm7/bin/../lib/gcc/arm-elf/4.1.1/../../../../arm-elf/lib/thumb/interwork/libm.a(s_copysign.o)
 .ARM.attributes
                0x00000340       0x10 /usr/local/arm7/bin/../lib/gcc/arm-elf/4.1.1/thumb/interwork/libgcc.a(_truncdfsf2.o)
 .ARM.attributes
                0x00000350       0x10 /usr/local/arm7/bin/../lib/gcc/arm-elf/4.1.1/../../../../arm-elf/lib/thumb/interwork/libg.a(errno.o)
 .ARM.attributes
                0x00000360       0x10 /usr/local/arm7/bin/../lib/gcc/arm-elf/4.1.1/../../../../arm-elf/lib/thumb/interwork/libg.a(impure.o)

.debug
 *(.debug)

.line
 *(.line)

.debug_srcinfo
 *(.debug_srcinfo)

.debug_sfnames
 *(.debug_sfnames)

.debug_aranges  0x00000000      0x280
 *(.debug_aranges)
 .debug_aranges
                0x00000000       0x20 /usr/local/arm7/bin/../lib/gcc/arm-elf/4.1.1/../../../../arm-elf/lib/thumb/interwork/libc.a(memcpy.o)
 .debug_aranges
                0x00000020       0x20 /usr/local/arm7/bin/../lib/gcc/arm-elf/4.1.1/../../../../arm-elf/lib/thumb/interwork/libc.a(memset.o)
 .debug_aranges
                0x00000040       0x20 /usr/local/arm7/bin/../lib/gcc/arm-elf/4.1.1/../../../../arm-elf/lib/thumb/interwork/libm.a(s_cos.o)
 .debug_aranges
                0x00000060       0x20 /usr/local/arm7/bin/../lib/gcc/arm-elf/4.1.1/../../../../arm-elf/lib/thumb/interwork/libm.a(s_sin.o)
 .debug_aranges
                0x00000080       0x20 /usr/local/arm7/bin/../lib/gcc/arm-elf/4.1.1/../../../../arm-elf/lib/thumb/interwork/libm.a(w_atan2.o)
 .debug_aranges
                0x000000a0       0x20 /usr/local/arm7/bin/../lib/gcc/arm-elf/4.1.1/../../../../arm-elf/lib/thumb/interwork/libm.a(w_sqrt.o)
 .debug_aranges
                0x000000c0       0x20 /usr/local/arm7/bin/../lib/gcc/arm-elf/4.1.1/../../../../arm-elf/lib/thumb/interwork/libm.a(e_atan2.o)
 .debug_aranges
                0x000000e0       0x20 /usr/local/arm7/bin/../lib/gcc/arm-elf/4.1.1/../../../../arm-elf/lib/thumb/interwork/libm.a(e_rem_pio2.o)
 .debug_aranges
                0x00000100       0x20 /usr/local/arm7/bin/../lib/gcc/arm-elf/4.1.1/../../../../arm-elf/lib/thumb/interwork/libm.a(e_sqrt.o)
 .debug_aranges
                0x00000120       0x20 /usr/local/arm7/bin/../lib/gcc/arm-elf/4.1.1/../../../../arm-elf/lib/thumb/interwork/libm.a(k_cos.o)
 .debug_aranges
                0x00000140       0x20 /usr/local/arm7/bin/../lib/gcc/arm-elf/4.1.1/../../../../arm-elf/lib/thumb/interwork/libm.a(k_rem_pio2.o)
 .debug_aranges
                0x00000160       0x20 /usr/local/arm7/bin/../lib/gcc/arm-elf/4.1.1/../../../../arm-elf/lib/thumb/interwork/libm.a(k_sin.o)
 .debug_aranges
                0x00000180       0x20 /usr/local/arm7/bin/../lib/gcc/arm-elf/4.1.1/../../../../arm-elf/lib/thumb/interwork/libm.a(s_atan.o)
 .debug_aranges
                0x000001a0       0x20 /usr/local/arm7/bin/../lib/gcc/arm-elf/4.1.1/../../../../arm-elf/lib/thumb/interwork/libm.a(s_fabs.o)
 .debug_aranges
                0x000001c0       0x20 /usr/local/arm7/bin/../lib/gcc/arm-elf/4.1.1/../../../../arm-elf/lib/thumb/interwork/libm.a(s_floor.o)
 .debug_aranges
                0x000001e0       0x20 /usr/local/arm7/bin/../lib/gcc/arm-elf/4.1.1/../../../../arm-elf/lib/thumb/interwork/libm.a(s_isnan.o)
 .debug_aranges
                0x00000200       0x20 /usr/local/arm7/bin/../lib/gcc/arm-elf/4.1.1/../../../../arm-elf/lib/thumb/interwork/libm.a(s_matherr.o)
 .debug_aranges
                0x00000220       0x20 /usr/local/arm7/bin/../lib/gcc/arm-elf/4.1.1/../../../../arm-elf/lib/thumb/interwork/libm.a(s_scalbn.o)
 .debug_aranges
                0x00000240       0x20 /usr/local/arm7/bin/../lib/gcc/arm-elf/4.1.1/../../../../arm-elf/lib/thumb/interwork/libm.a(s_copysign.o)
 .debug_aranges
                0x00000260       0x20 /usr/local/arm7/bin/../lib/gcc/arm-elf/4.1.1/../../../../arm-elf/lib/thumb/interwork/libg.a(errno.o)

.debug_pubnames
                0x00000000      0x2cc
 *(.debug_pubnames)
 .debug_pubnames
                0x00000000       0x1d /usr/local/arm7/bin/../lib/gcc/arm-elf/4.1.1/../../../../arm-elf/lib/thumb/interwork/libc.a(memcpy.o)
 .debug_pubnames
                0x0000001d       0x1d /usr/local/arm7/bin/../lib/gcc/arm-elf/4.1.1/../../../../arm-elf/lib/thumb/interwork/libc.a(memset.o)
 .debug_pubnames
                0x0000003a       0x1a /usr/local/arm7/bin/../lib/gcc/arm-elf/4.1.1/../../../../arm-elf/lib/thumb/interwork/libm.a(s_cos.o)
 .debug_pubnames
                0x00000054       0x1a /usr/local/arm7/bin/../lib/gcc/arm-elf/4.1.1/../../../../arm-elf/lib/thumb/interwork/libm.a(s_sin.o)
 .debug_pubnames
                0x0000006e       0x1c /usr/local/arm7/bin/../lib/gcc/arm-elf/4.1.1/../../../../arm-elf/lib/thumb/interwork/libm.a(w_atan2.o)
 .debug_pubnames
                0x0000008a       0x1b /usr/local/arm7/bin/../lib/gcc/arm-elf/4.1.1/../../../../arm-elf/lib/thumb/interwork/libm.a(w_sqrt.o)
 .debug_pubnames
                0x000000a5       0x26 /usr/local/arm7/bin/../lib/gcc/arm-elf/4.1.1/../../../../arm-elf/lib/thumb/interwork/libm.a(e_atan2.o)
 .debug_pubnames
                0x000000cb       0x29 /usr/local/arm7/bin/../lib/gcc/arm-elf/4.1.1/../../../../arm-elf/lib/thumb/interwork/libm.a(e_rem_pio2.o)
 .debug_pubnames
                0x000000f4       0x25 /usr/local/arm7/bin/../lib/gcc/arm-elf/4.1.1/../../../../arm-elf/lib/thumb/interwork/libm.a(e_sqrt.o)
 .debug_pubnames
                0x00000119       0x23 /usr/local/arm7/bin/../lib/gcc/arm-elf/4.1.1/../../../../arm-elf/lib/thumb/interwork/libm.a(k_cos.o)
 .debug_pubnames
                0x0000013c       0x28 /usr/local/arm7/bin/../lib/gcc/arm-elf/4.1.1/../../../../arm-elf/lib/thumb/interwork/libm.a(k_rem_pio2.o)
 .debug_pubnames
                0x00000164       0x23 /usr/local/arm7/bin/../lib/gcc/arm-elf/4.1.1/../../../../arm-elf/lib/thumb/interwork/libm.a(k_sin.o)
 .debug_pubnames
                0x00000187       0x1b /usr/local/arm7/bin/../lib/gcc/arm-elf/4.1.1/../../../../arm-elf/lib/thumb/interwork/libm.a(s_atan.o)
 .debug_pubnames
                0x000001a2       0x1b /usr/local/arm7/bin/../lib/gcc/arm-elf/4.1.1/../../../../arm-elf/lib/thumb/interwork/libm.a(s_fabs.o)
 .debug_pubnames
                0x000001bd       0x1c /usr/local/arm7/bin/../lib/gcc/arm-elf/4.1.1/../../../../arm-elf/lib/thumb/interwork/libm.a(s_floor.o)
 .debug_pubnames
                0x000001d9       0x1c /usr/local/arm7/bin/../lib/gcc/arm-elf/4.1.1/../../../../arm-elf/lib/thumb/interwork/libm.a(s_isnan.o)
 .debug_pubnames
                0x000001f5       0x26 /usr/local/arm7/bin/../lib/gcc/arm-elf/4.1.1/../../../../arm-elf/lib/thumb/interwork/libm.a(s_lib_ver.o)
 .debug_pubnames
                0x0000021b       0x1e /usr/local/arm7/bin/../lib/gcc/arm-elf/4.1.1/../../../../arm-elf/lib/thumb/interwork/libm.a(s_matherr.o)
 .debug_pubnames
                0x00000239       0x1d /usr/local/arm7/bin/../lib/gcc/arm-elf/4.1.1/../../../../arm-elf/lib/thumb/interwork/libm.a(s_scalbn.o)
 .debug_pubnames
                0x00000256       0x1f /usr/local/arm7/bin/../lib/gcc/arm-elf/4.1.1/../../../../arm-elf/lib/thumb/interwork/libm.a(s_copysign.o)
 .debug_pubnames
                0x00000275       0x1e /usr/local/arm7/bin/../lib/gcc/arm-elf/4.1.1/../../../../arm-elf/lib/thumb/interwork/libg.a(errno.o)
 .debug_pubnames
                0x00000293       0x39 /usr/local/arm7/bin/../lib/gcc/arm-elf/4.1.1/../../../../arm-elf/lib/thumb/interwork/libg.a(impure.o)

.debug_info     0x00000000     0x4f90
 *(.debug_info .gnu.linkonce.wi.*)
 .debug_info    0x00000000      0x1d0 /usr/local/arm7/bin/../lib/gcc/arm-elf/4.1.1/../../../../arm-elf/lib/thumb/interwork/libc.a(memcpy.o)
 .debug_info    0x000001d0      0x204 /usr/local/arm7/bin/../lib/gcc/arm-elf/4.1.1/../../../../arm-elf/lib/thumb/interwork/libc.a(memset.o)
 .debug_info    0x000003d4      0x1f7 /usr/local/arm7/bin/../lib/gcc/arm-elf/4.1.1/../../../../arm-elf/lib/thumb/interwork/libm.a(s_cos.o)
 .debug_info    0x000005cb      0x1f7 /usr/local/arm7/bin/../lib/gcc/arm-elf/4.1.1/../../../../arm-elf/lib/thumb/interwork/libm.a(s_sin.o)
 .debug_info    0x000007c2      0x2cc /usr/local/arm7/bin/../lib/gcc/arm-elf/4.1.1/../../../../arm-elf/lib/thumb/interwork/libm.a(w_atan2.o)
 .debug_info    0x00000a8e      0x2be /usr/local/arm7/bin/../lib/gcc/arm-elf/4.1.1/../../../../arm-elf/lib/thumb/interwork/libm.a(w_sqrt.o)
 .debug_info    0x00000d4c      0x3bf /usr/local/arm7/bin/../lib/gcc/arm-elf/4.1.1/../../../../arm-elf/lib/thumb/interwork/libm.a(e_atan2.o)
 .debug_info    0x0000110b      0x4b5 /usr/local/arm7/bin/../lib/gcc/arm-elf/4.1.1/../../../../arm-elf/lib/thumb/interwork/libm.a(e_rem_pio2.o)
 .debug_info    0x000015c0      0x353 /usr/local/arm7/bin/../lib/gcc/arm-elf/4.1.1/../../../../arm-elf/lib/thumb/interwork/libm.a(e_sqrt.o)
 .debug_info    0x00001913      0x33d /usr/local/arm7/bin/../lib/gcc/arm-elf/4.1.1/../../../../arm-elf/lib/thumb/interwork/libm.a(k_cos.o)
 .debug_info    0x00001c50      0x405 /usr/local/arm7/bin/../lib/gcc/arm-elf/4.1.1/../../../../arm-elf/lib/thumb/interwork/libm.a(k_rem_pio2.o)
 .debug_info    0x00002055      0x29a /usr/local/arm7/bin/../lib/gcc/arm-elf/4.1.1/../../../../arm-elf/lib/thumb/interwork/libm.a(k_sin.o)
 .debug_info    0x000022ef      0x371 /usr/local/arm7/bin/../lib/gcc/arm-elf/4.1.1/../../../../arm-elf/lib/thumb/interwork/libm.a(s_atan.o)
 .debug_info    0x00002660      0x275 /usr/local/arm7/bin/../lib/gcc/arm-elf/4.1.1/../../../../arm-elf/lib/thumb/interwork/libm.a(s_fabs.o)
 .debug_info    0x000028d5      0x2d3 /usr/local/arm7/bin/../lib/gcc/arm-elf/4.1.1/../../../../arm-elf/lib/thumb/interwork/libm.a(s_floor.o)
 .debug_info    0x00002ba8      0x1cf /usr/local/arm7/bin/../lib/gcc/arm-elf/4.1.1/../../../../arm-elf/lib/thumb/interwork/libm.a(s_isnan.o)
 .debug_info    0x00002d77      0x207 /usr/local/arm7/bin/../lib/gcc/arm-elf/4.1.1/../../../../arm-elf/lib/thumb/interwork/libm.a(s_lib_ver.o)
 .debug_info    0x00002f7e      0x23e /usr/local/arm7/bin/../lib/gcc/arm-elf/4.1.1/../../../../arm-elf/lib/thumb/interwork/libm.a(s_matherr.o)
 .debug_info    0x000031bc      0x309 /usr/local/arm7/bin/../lib/gcc/arm-elf/4.1.1/../../../../arm-elf/lib/thumb/interwork/libm.a(s_scalbn.o)
 .debug_info    0x000034c5      0x2b4 /usr/local/arm7/bin/../lib/gcc/arm-elf/4.1.1/../../../../arm-elf/lib/thumb/interwork/libm.a(s_copysign.o)
 .debug_info    0x00003779      0xbfa /usr/local/arm7/bin/../lib/gcc/arm-elf/4.1.1/../../../../arm-elf/lib/thumb/interwork/libg.a(errno.o)
 .debug_info    0x00004373      0xc1d /usr/local/arm7/bin/../lib/gcc/arm-elf/4.1.1/../../../../arm-elf/lib/thumb/interwork/libg.a(impure.o)

.debug_abbrev   0x00000000     0x11df
 *(.debug_abbrev)
 .debug_abbrev  0x00000000       0x7f /usr/local/arm7/bin/../lib/gcc/arm-elf/4.1.1/../../../../arm-elf/lib/thumb/interwork/libc.a(memcpy.o)
 .debug_abbrev  0x0000007f       0x8b /usr/local/arm7/bin/../lib/gcc/arm-elf/4.1.1/../../../../arm-elf/lib/thumb/interwork/libc.a(memset.o)
 .debug_abbrev  0x0000010a       0x9a /usr/local/arm7/bin/../lib/gcc/arm-elf/4.1.1/../../../../arm-elf/lib/thumb/interwork/libm.a(s_cos.o)
 .debug_abbrev  0x000001a4       0x9a /usr/local/arm7/bin/../lib/gcc/arm-elf/4.1.1/../../../../arm-elf/lib/thumb/interwork/libm.a(s_sin.o)
 .debug_abbrev  0x0000023e       0xb8 /usr/local/arm7/bin/../lib/gcc/arm-elf/4.1.1/../../../../arm-elf/lib/thumb/interwork/libm.a(w_atan2.o)
 .debug_abbrev  0x000002f6       0xc7 /usr/local/arm7/bin/../lib/gcc/arm-elf/4.1.1/../../../../arm-elf/lib/thumb/interwork/libm.a(w_sqrt.o)
 .debug_abbrev  0x000003bd      0x100 /usr/local/arm7/bin/../lib/gcc/arm-elf/4.1.1/../../../../arm-elf/lib/thumb/interwork/libm.a(e_atan2.o)
 .debug_abbrev  0x000004bd      0x119 /usr/local/arm7/bin/../lib/gcc/arm-elf/4.1.1/../../../../arm-elf/lib/thumb/interwork/libm.a(e_rem_pio2.o)
 .debug_abbrev  0x000005d6       0xf5 /usr/local/arm7/bin/../lib/gcc/arm-elf/4.1.1/../../../../arm-elf/lib/thumb/interwork/libm.a(e_sqrt.o)
 .debug_abbrev  0x000006cb       0xec /usr/local/arm7/bin/../lib/gcc/arm-elf/4.1.1/../../../../arm-elf/lib/thumb/interwork/libm.a(k_cos.o)
 .debug_abbrev  0x000007b7       0xc8 /usr/local/arm7/bin/../lib/gcc/arm-elf/4.1.1/../../../../arm-elf/lib/thumb/interwork/libm.a(k_rem_pio2.o)
 .debug_abbrev  0x0000087f       0xa0 /usr/local/arm7/bin/../lib/gcc/arm-elf/4.1.1/../../../../arm-elf/lib/thumb/interwork/libm.a(k_sin.o)
 .debug_abbrev  0x0000091f      0x107 /usr/local/arm7/bin/../lib/gcc/arm-elf/4.1.1/../../../../arm-elf/lib/thumb/interwork/libm.a(s_atan.o)
 .debug_abbrev  0x00000a26       0xd2 /usr/local/arm7/bin/../lib/gcc/arm-elf/4.1.1/../../../../arm-elf/lib/thumb/interwork/libm.a(s_fabs.o)
 .debug_abbrev  0x00000af8       0xea /usr/local/arm7/bin/../lib/gcc/arm-elf/4.1.1/../../../../arm-elf/lib/thumb/interwork/libm.a(s_floor.o)
 .debug_abbrev  0x00000be2       0x79 /usr/local/arm7/bin/../lib/gcc/arm-elf/4.1.1/../../../../arm-elf/lib/thumb/interwork/libm.a(s_isnan.o)
 .debug_abbrev  0x00000c5b       0x5a /usr/local/arm7/bin/../lib/gcc/arm-elf/4.1.1/../../../../arm-elf/lib/thumb/interwork/libm.a(s_lib_ver.o)
 .debug_abbrev  0x00000cb5       0x86 /usr/local/arm7/bin/../lib/gcc/arm-elf/4.1.1/../../../../arm-elf/lib/thumb/interwork/libm.a(s_matherr.o)
 .debug_abbrev  0x00000d3b       0xf5 /usr/local/arm7/bin/../lib/gcc/arm-elf/4.1.1/../../../../arm-elf/lib/thumb/interwork/libm.a(s_scalbn.o)
 .debug_abbrev  0x00000e30       0xdb /usr/local/arm7/bin/../lib/gcc/arm-elf/4.1.1/../../../../arm-elf/lib/thumb/interwork/libm.a(s_copysign.o)
 .debug_abbrev  0x00000f0b      0x16e /usr/local/arm7/bin/../lib/gcc/arm-elf/4.1.1/../../../../arm-elf/lib/thumb/interwork/libg.a(errno.o)
 .debug_abbrev  0x00001079      0x166 /usr/local/arm7/bin/../lib/gcc/arm-elf/4.1.1/../../../../arm-elf/lib/thumb/interwork/libg.a(impure.o)

.debug_line     0x00000000     0x347b
 *(.debug_line)
 .debug_line    0x00000000      0x133 /usr/local/arm7/bin/../lib/gcc/arm-elf/4.1.1/../../../../arm-elf/lib/thumb/interwork/libc.a(memcpy.o)
 .debug_line    0x00000133      0x1f2 /usr/local/arm7/bin/../lib/gcc/arm-elf/4.1.1/../../../../arm-elf/lib/thumb/interwork/libc.a(memset.o)
 .debug_line    0x00000325      0x1f1 /usr/local/arm7/bin/../lib/gcc/arm-elf/4.1.1/../../../../arm-elf/lib/thumb/interwork/libm.a(s_cos.o)
 .debug_line    0x00000516      0x1e9 /usr/local/arm7/bin/../lib/gcc/arm-elf/4.1.1/../../../../arm-elf/lib/thumb/interwork/libm.a(s_sin.o)
 .debug_line    0x000006ff      0x238 /usr/local/arm7/bin/../lib/gcc/arm-elf/4.1.1/../../../../arm-elf/lib/thumb/interwork/libm.a(w_atan2.o)
 .debug_line    0x00000937      0x24f /usr/local/arm7/bin/../lib/gcc/arm-elf/4.1.1/../../../../arm-elf/lib/thumb/interwork/libm.a(w_sqrt.o)
 .debug_line    0x00000b86      0x30f /usr/local/arm7/bin/../lib/gcc/arm-elf/4.1.1/../../../../arm-elf/lib/thumb/interwork/libm.a(e_atan2.o)
 .debug_line    0x00000e95      0x4aa /usr/local/arm7/bin/../lib/gcc/arm-elf/4.1.1/../../../../arm-elf/lib/thumb/interwork/libm.a(e_rem_pio2.o)
 .debug_line    0x0000133f      0x407 /usr/local/arm7/bin/../lib/gcc/arm-elf/4.1.1/../../../../arm-elf/lib/thumb/interwork/libm.a(e_sqrt.o)
 .debug_line    0x00001746      0x235 /usr/local/arm7/bin/../lib/gcc/arm-elf/4.1.1/../../../../arm-elf/lib/thumb/interwork/libm.a(k_cos.o)
 .debug_line    0x0000197b      0x761 /usr/local/arm7/bin/../lib/gcc/arm-elf/4.1.1/../../../../arm-elf/lib/thumb/interwork/libm.a(k_rem_pio2.o)
 .debug_line    0x000020dc      0x1f1 /usr/local/arm7/bin/../lib/gcc/arm-elf/4.1.1/../../../../arm-elf/lib/thumb/interwork/libm.a(k_sin.o)
 .debug_line    0x000022cd      0x2dc /usr/local/arm7/bin/../lib/gcc/arm-elf/4.1.1/../../../../arm-elf/lib/thumb/interwork/libm.a(s_atan.o)
 .debug_line    0x000025a9      0x18a /usr/local/arm7/bin/../lib/gcc/arm-elf/4.1.1/../../../../arm-elf/lib/thumb/interwork/libm.a(s_fabs.o)
 .debug_line    0x00002733      0x259 /usr/local/arm7/bin/../lib/gcc/arm-elf/4.1.1/../../../../arm-elf/lib/thumb/interwork/libm.a(s_floor.o)
 .debug_line    0x0000298c      0x18b /usr/local/arm7/bin/../lib/gcc/arm-elf/4.1.1/../../../../arm-elf/lib/thumb/interwork/libm.a(s_isnan.o)
 .debug_line    0x00002b17      0x163 /usr/local/arm7/bin/../lib/gcc/arm-elf/4.1.1/../../../../arm-elf/lib/thumb/interwork/libm.a(s_lib_ver.o)
 .debug_line    0x00002c7a      0x185 /usr/local/arm7/bin/../lib/gcc/arm-elf/4.1.1/../../../../arm-elf/lib/thumb/interwork/libm.a(s_matherr.o)
 .debug_line    0x00002dff      0x23e /usr/local/arm7/bin/../lib/gcc/arm-elf/4.1.1/../../../../arm-elf/lib/thumb/interwork/libm.a(s_scalbn.o)
 .debug_line    0x0000303d      0x19e /usr/local/arm7/bin/../lib/gcc/arm-elf/4.1.1/../../../../arm-elf/lib/thumb/interwork/libm.a(s_copysign.o)
 .debug_line    0x000031db      0x142 /usr/local/arm7/bin/../lib/gcc/arm-elf/4.1.1/../../../../arm-elf/lib/thumb/interwork/libg.a(errno.o)
 .debug_line    0x0000331d      0x15e /usr/local/arm7/bin/../lib/gcc/arm-elf/4.1.1/../../../../arm-elf/lib/thumb/interwork/libg.a(impure.o)

.debug_frame    0x00000000      0x42c
 *(.debug_frame)
 .debug_frame   0x00000000       0x2c /usr/local/arm7/bin/../lib/gcc/arm-elf/4.1.1/../../../../arm-elf/lib/thumb/interwork/libc.a(memcpy.o)
 .debug_frame   0x0000002c       0x2c /usr/local/arm7/bin/../lib/gcc/arm-elf/4.1.1/../../../../arm-elf/lib/thumb/interwork/libc.a(memset.o)
 .debug_frame   0x00000058       0x28 /usr/local/arm7/bin/../lib/gcc/arm-elf/4.1.1/thumb/interwork/libgcc.a(_udivsi3.o)
 .debug_frame   0x00000080       0x28 /usr/local/arm7/bin/../lib/gcc/arm-elf/4.1.1/thumb/interwork/libgcc.a(_divsi3.o)
 .debug_frame   0x000000a8       0x30 /usr/local/arm7/bin/../lib/gcc/arm-elf/4.1.1/../../../../arm-elf/lib/thumb/interwork/libm.a(s_cos.o)
 .debug_frame   0x000000d8       0x30 /usr/local/arm7/bin/../lib/gcc/arm-elf/4.1.1/../../../../arm-elf/lib/thumb/interwork/libm.a(s_sin.o)
 .debug_frame   0x00000108       0x38 /usr/local/arm7/bin/../lib/gcc/arm-elf/4.1.1/../../../../arm-elf/lib/thumb/interwork/libm.a(w_atan2.o)
 .debug_frame   0x00000140       0x38 /usr/local/arm7/bin/../lib/gcc/arm-elf/4.1.1/../../../../arm-elf/lib/thumb/interwork/libm.a(w_sqrt.o)
 .debug_frame   0x00000178       0x3c /usr/local/arm7/bin/../lib/gcc/arm-elf/4.1.1/../../../../arm-elf/lib/thumb/interwork/libm.a(e_atan2.o)
 .debug_frame   0x000001b4       0x3c /usr/local/arm7/bin/../lib/gcc/arm-elf/4.1.1/../../../../arm-elf/lib/thumb/interwork/libm.a(e_rem_pio2.o)
 .debug_frame   0x000001f0       0x3c /usr/local/arm7/bin/../lib/gcc/arm-elf/4.1.1/../../../../arm-elf/lib/thumb/interwork/libm.a(e_sqrt.o)
 .debug_frame   0x0000022c       0x38 /usr/local/arm7/bin/../lib/gcc/arm-elf/4.1.1/../../../../arm-elf/lib/thumb/interwork/libm.a(k_cos.o)
 .debug_frame   0x00000264       0x3c /usr/local/arm7/bin/../lib/gcc/arm-elf/4.1.1/../../../../arm-elf/lib/thumb/interwork/libm.a(k_rem_pio2.o)
 .debug_frame   0x000002a0       0x30 /usr/local/arm7/bin/../lib/gcc/arm-elf/4.1.1/../../../../arm-elf/lib/thumb/interwork/libm.a(k_sin.o)
 .debug_frame   0x000002d0       0x38 /usr/local/arm7/bin/../lib/gcc/arm-elf/4.1.1/../../../../arm-elf/lib/thumb/interwork/libm.a(s_atan.o)
 .debug_frame   0x00000308       0x28 /usr/local/arm7/bin/../lib/gcc/arm-elf/4.1.1/../../../../arm-elf/lib/thumb/interwork/libm.a(s_fabs.o)
 .debug_frame   0x00000330       0x3c /usr/local/arm7/bin/../lib/gcc/arm-elf/4.1.1/../../../../arm-elf/lib/thumb/interwork/libm.a(s_floor.o)
 .debug_frame   0x0000036c       0x20 /usr/local/arm7/bin/../lib/gcc/arm-elf/4.1.1/../../../../arm-elf/lib/thumb/interwork/libm.a(s_isnan.o)
 .debug_frame   0x0000038c       0x20 /usr/local/arm7/bin/../lib/gcc/arm-elf/4.1.1/../../../../arm-elf/lib/thumb/interwork/libm.a(s_matherr.o)
 .debug_frame   0x000003ac       0x34 /usr/local/arm7/bin/../lib/gcc/arm-elf/4.1.1/../../../../arm-elf/lib/thumb/interwork/libm.a(s_scalbn.o)
 .debug_frame   0x000003e0       0x2c /usr/local/arm7/bin/../lib/gcc/arm-elf/4.1.1/../../../../arm-elf/lib/thumb/interwork/libm.a(s_copysign.o)
 .debug_frame   0x0000040c       0x20 /usr/local/arm7/bin/../lib/gcc/arm-elf/4.1.1/../../../../arm-elf/lib/thumb/interwork/libg.a(errno.o)

.debug_str      0x00000000      0x196
 *(.debug_str)
 .debug_str     0x00000000       0x12 /usr/local/arm7/bin/../lib/gcc/arm-elf/4.1.1/../../../../arm-elf/lib/thumb/interwork/libc.a(memset.o)
 .debug_str     0x00000012       0x12 /usr/local/arm7/bin/../lib/gcc/arm-elf/4.1.1/../../../../arm-elf/lib/thumb/interwork/libm.a(s_cos.o)
 .debug_str     0x00000024       0x12 /usr/local/arm7/bin/../lib/gcc/arm-elf/4.1.1/../../../../arm-elf/lib/thumb/interwork/libm.a(s_sin.o)
 .debug_str     0x00000036       0x12 /usr/local/arm7/bin/../lib/gcc/arm-elf/4.1.1/../../../../arm-elf/lib/thumb/interwork/libm.a(w_atan2.o)
 .debug_str     0x00000048       0x12 /usr/local/arm7/bin/../lib/gcc/arm-elf/4.1.1/../../../../arm-elf/lib/thumb/interwork/libm.a(w_sqrt.o)
 .debug_str     0x0000005a       0x12 /usr/local/arm7/bin/../lib/gcc/arm-elf/4.1.1/../../../../arm-elf/lib/thumb/interwork/libm.a(e_atan2.o)
 .debug_str     0x0000006c       0x12 /usr/local/arm7/bin/../lib/gcc/arm-elf/4.1.1/../../../../arm-elf/lib/thumb/interwork/libm.a(e_rem_pio2.o)
 .debug_str     0x0000007e       0x12 /usr/local/arm7/bin/../lib/gcc/arm-elf/4.1.1/../../../../arm-elf/lib/thumb/interwork/libm.a(e_sqrt.o)
 .debug_str     0x00000090       0x12 /usr/local/arm7/bin/../lib/gcc/arm-elf/4.1.1/../../../../arm-elf/lib/thumb/interwork/libm.a(k_cos.o)
 .debug_str     0x000000a2       0x12 /usr/local/arm7/bin/../lib/gcc/arm-elf/4.1.1/../../../../arm-elf/lib/thumb/interwork/libm.a(k_rem_pio2.o)
 .debug_str     0x000000b4       0x12 /usr/local/arm7/bin/../lib/gcc/arm-elf/4.1.1/../../../../arm-elf/lib/thumb/interwork/libm.a(k_sin.o)
 .debug_str     0x000000c6       0x12 /usr/local/arm7/bin/../lib/gcc/arm-elf/4.1.1/../../../../arm-elf/lib/thumb/interwork/libm.a(s_atan.o)
 .debug_str     0x000000d8       0x12 /usr/local/arm7/bin/../lib/gcc/arm-elf/4.1.1/../../../../arm-elf/lib/thumb/interwork/libm.a(s_fabs.o)
 .debug_str     0x000000ea       0x12 /usr/local/arm7/bin/../lib/gcc/arm-elf/4.1.1/../../../../arm-elf/lib/thumb/interwork/libm.a(s_floor.o)
 .debug_str     0x000000fc       0x12 /usr/local/arm7/bin/../lib/gcc/arm-elf/4.1.1/../../../../arm-elf/lib/thumb/interwork/libm.a(s_isnan.o)
 .debug_str     0x0000010e       0x12 /usr/local/arm7/bin/../lib/gcc/arm-elf/4.1.1/../../../../arm-elf/lib/thumb/interwork/libm.a(s_lib_ver.o)
 .debug_str     0x00000120       0x12 /usr/local/arm7/bin/../lib/gcc/arm-elf/4.1.1/../../../../arm-elf/lib/thumb/interwork/libm.a(s_matherr.o)
 .debug_str     0x00000132       0x12 /usr/local/arm7/bin/../lib/gcc/arm-elf/4.1.1/../../../../arm-elf/lib/thumb/interwork/libm.a(s_scalbn.o)
 .debug_str     0x00000144       0x12 /usr/local/arm7/bin/../lib/gcc/arm-elf/4.1.1/../../../../arm-elf/lib/thumb/interwork/libm.a(s_copysign.o)
 .debug_str     0x00000156       0x20 /usr/local/arm7/bin/../lib/gcc/arm-elf/4.1.1/../../../../arm-elf/lib/thumb/interwork/libg.a(errno.o)
 .debug_str     0x00000176       0x20 /usr/local/arm7/bin/../lib/gcc/arm-elf/4.1.1/../../../../arm-elf/lib/thumb/interwork/libg.a(impure.o)

.debug_loc      0x00000000     0x2632
 *(.debug_loc)
 .debug_loc     0x00000000      0x125 /usr/local/arm7/bin/../lib/gcc/arm-elf/4.1.1/../../../../arm-elf/lib/thumb/interwork/libc.a(memcpy.o)
 .debug_loc     0x00000125      0x11d /usr/local/arm7/bin/../lib/gcc/arm-elf/4.1.1/../../../../arm-elf/lib/thumb/interwork/libc.a(memset.o)
 .debug_loc     0x00000242       0xd0 /usr/local/arm7/bin/../lib/gcc/arm-elf/4.1.1/../../../../arm-elf/lib/thumb/interwork/libm.a(s_cos.o)
 .debug_loc     0x00000312       0xaf /usr/local/arm7/bin/../lib/gcc/arm-elf/4.1.1/../../../../arm-elf/lib/thumb/interwork/libm.a(s_sin.o)
 .debug_loc     0x000003c1       0xb8 /usr/local/arm7/bin/../lib/gcc/arm-elf/4.1.1/../../../../arm-elf/lib/thumb/interwork/libm.a(w_atan2.o)
 .debug_loc     0x00000479       0xa8 /usr/local/arm7/bin/../lib/gcc/arm-elf/4.1.1/../../../../arm-elf/lib/thumb/interwork/libm.a(w_sqrt.o)
 .debug_loc     0x00000521      0x3f2 /usr/local/arm7/bin/../lib/gcc/arm-elf/4.1.1/../../../../arm-elf/lib/thumb/interwork/libm.a(e_atan2.o)
 .debug_loc     0x00000913      0x3de /usr/local/arm7/bin/../lib/gcc/arm-elf/4.1.1/../../../../arm-elf/lib/thumb/interwork/libm.a(e_rem_pio2.o)
 .debug_loc     0x00000cf1      0x3fc /usr/local/arm7/bin/../lib/gcc/arm-elf/4.1.1/../../../../arm-elf/lib/thumb/interwork/libm.a(e_sqrt.o)
 .debug_loc     0x000010ed      0x152 /usr/local/arm7/bin/../lib/gcc/arm-elf/4.1.1/../../../../arm-elf/lib/thumb/interwork/libm.a(k_cos.o)
 .debug_loc     0x0000123f      0xa50 /usr/local/arm7/bin/../lib/gcc/arm-elf/4.1.1/../../../../arm-elf/lib/thumb/interwork/libm.a(k_rem_pio2.o)
 .debug_loc     0x00001c8f      0x115 /usr/local/arm7/bin/../lib/gcc/arm-elf/4.1.1/../../../../arm-elf/lib/thumb/interwork/libm.a(k_sin.o)
 .debug_loc     0x00001da4      0x360 /usr/local/arm7/bin/../lib/gcc/arm-elf/4.1.1/../../../../arm-elf/lib/thumb/interwork/libm.a(s_atan.o)
 .debug_loc     0x00002104       0x4a /usr/local/arm7/bin/../lib/gcc/arm-elf/4.1.1/../../../../arm-elf/lib/thumb/interwork/libm.a(s_fabs.o)
 .debug_loc     0x0000214e      0x28d /usr/local/arm7/bin/../lib/gcc/arm-elf/4.1.1/../../../../arm-elf/lib/thumb/interwork/libm.a(s_floor.o)
 .debug_loc     0x000023db       0x18 /usr/local/arm7/bin/../lib/gcc/arm-elf/4.1.1/../../../../arm-elf/lib/thumb/interwork/libm.a(s_isnan.o)
 .debug_loc     0x000023f3       0x13 /usr/local/arm7/bin/../lib/gcc/arm-elf/4.1.1/../../../../arm-elf/lib/thumb/interwork/libm.a(s_matherr.o)
 .debug_loc     0x00002406      0x19f /usr/local/arm7/bin/../lib/gcc/arm-elf/4.1.1/../../../../arm-elf/lib/thumb/interwork/libm.a(s_scalbn.o)
 .debug_loc     0x000025a5       0x8d /usr/local/arm7/bin/../lib/gcc/arm-elf/4.1.1/../../../../arm-elf/lib/thumb/interwork/libm.a(s_copysign.o)

.debug_macinfo
 *(.debug_macinfo)

.debug_weaknames
 *(.debug_weaknames)

.debug_funcnames
 *(.debug_funcnames)

.debug_typenames
 *(.debug_typenames)

.debug_varnames
 *(.debug_varnames)
OUTPUT(main.elf elf32-littlearm)

.debug_ranges   0x00000000       0xd0
 .debug_ranges  0x00000000       0x20 /usr/local/arm7/bin/../lib/gcc/arm-elf/4.1.1/../../../../arm-elf/lib/thumb/interwork/libm.a(e_atan2.o)
 .debug_ranges  0x00000020       0x30 /usr/local/arm7/bin/../lib/gcc/arm-elf/4.1.1/../../../../arm-elf/lib/thumb/interwork/libm.a(e_rem_pio2.o)
 .debug_ranges  0x00000050       0x20 /usr/local/arm7/bin/../lib/gcc/arm-elf/4.1.1/../../../../arm-elf/lib/thumb/interwork/libm.a(e_sqrt.o)
 .debug_ranges  0x00000070       0x28 /usr/local/arm7/bin/../lib/gcc/arm-elf/4.1.1/../../../../arm-elf/lib/thumb/interwork/libm.a(s_atan.o)
 .debug_ranges  0x00000098       0x18 /usr/local/arm7/bin/../lib/gcc/arm-elf/4.1.1/../../../../arm-elf/lib/thumb/interwork/libm.a(s_scalbn.o)
 .debug_ranges  0x000000b0       0x20 /usr/local/arm7/bin/../lib/gcc/arm-elf/4.1.1/../../../../arm-elf/lib/thumb/interwork/libm.a(s_copysign.o)

Cross Reference Table

Symbol                                            File
ADC0IntDone                                       adc.o
ADC0Read                                          adc.o
ADC0Value                                         adc.o
ADC0getSamplingResults                            adc.o
                                                  main.o
ADC0triggerSampling                               adc.o
                                                  main.o
ADC1IntDone                                       adc.o
ADC1Read                                          adc.o
ADC1Value                                         adc.o
ADCInit                                           adc.o
                                                  system.o
CAMERA_Commands                                   pelican_ptu.o
CAMERA_ptu                                        pelican_ptu.o
CurrentRxIndex                                    ssp.o
CurrentTxIndex                                    ssp.o
DataOutputsPerSecond                              main.o
                                                  uart.o
FiqDisable                                        Common_WinARM/src/swi_handler.o
FiqEnable                                         Common_WinARM/src/swi_handler.o
FiqRestore                                        Common_WinARM/src/swi_handler.o
GPS_Data                                          .//libublox.a(ublox.o)
                                                  main.o
                                                  sdk.o
                                                  gpsmath.o
                                                  LL_HL_comm.o
GPS_RawBuffer                                     .//libublox.a(ublox.o)
GPS_Time                                          .//libublox.a(ublox.o)
                                                  main.o
GPS_raw_data_size                                 .//libublox.a(ublox.o)
GPS_timeout                                       main.o
                                                  .//libublox.a(ublox.o)
                                                  pelican_ptu.o
                                                  ssp.o
                                                  uart.o
                                                  system.o
                                                  hardware.o
                                                  buzzer.o
                                                  sdk.o
                                                  LL_HL_comm.o
HL2LL_write_cycle                                 LL_HL_comm.o
                                                  main.o
HL_Status                                         main.o
                                                  LL_HL_comm.o
I2C0MasterHandler                                 i2c.o
I2C0_send_motordata                               i2c.o
I2CCmd                                            i2c.o
I2CCount                                          i2c.o
I2CEngine                                         i2c.o
I2CInit                                           i2c.o
I2CMasterBuffer                                   i2c.o
I2CMasterState                                    i2c.o
I2CMode                                           i2c.o
I2CReadLength                                     i2c.o
I2CSlaveBuffer                                    i2c.o
I2CSlaveState                                     i2c.o
I2CStart                                          i2c.o
I2CStop                                           i2c.o
I2CWriteLength                                    i2c.o
IMU_CalcData                                      pelican_ptu.o
                                                  main.o
                                                  sdk.o
                                                  LL_HL_comm.o
IMU_CalcData_tmp                                  main.o
IntDisable                                        Common_WinARM/src/swi_handler.o
IntEnable                                         Common_WinARM/src/swi_handler.o
IntGetCPSR                                        Common_WinARM/src/swi_handler.o
IntRestore                                        Common_WinARM/src/swi_handler.o
LED                                               hardware.o
                                                  main.o
LL_1khz_attitude_data                             buzzer.o
                                                  LL_HL_comm.o
LL_1khz_control_input                             LL_HL_comm.o
LL_write                                          ssp.o
LL_write_ctrl_data                                LL_HL_comm.o
LL_write_init                                     ssp.o
                                                  main.o
PTU_init                                          pelican_ptu.o
                                                  main.o
PTU_update                                        pelican_ptu.o
                                                  main.o
PWM_Init                                          system.o
RO_ALL_Data                                       main.o
                                                  sdk.o
                                                  LL_HL_comm.o
RO_RC_Data                                        sdk.o
                                                  LL_HL_comm.o
RdIndex                                           i2c.o
SDK_EXAMPLE_attitude_commands                     sdk.o
SDK_EXAMPLE_direct_individual_motor_commands      sdk.o
SDK_EXAMPLE_direct_motor_commands_with_standard_output_mapping sdk.o
SDK_EXAMPLE_gps_waypoint_control                  sdk.o
SDK_EXAMPLE_turn_motors_off                       sdk.o
SDK_EXAMPLE_turn_motors_on                        sdk.o
SDK_mainloop                                      sdk.o
                                                  main.o
SERVO_pitch_move                                  pelican_ptu.o
SERVO_roll_move                                   pelican_ptu.o
SPIRDData                                         ssp.o
SPIWRData                                         ssp.o
                                                  LL_HL_comm.o
SPIWR_num_bytes                                   ssp.o
                                                  LL_HL_comm.o
SSPHandler                                        ssp.o
                                                  system.o
SSP_ack                                           LL_HL_comm.o
SSP_data_distribution_HL                          LL_HL_comm.o
SSP_receiption_complete                           ssp.o
SSP_rx_handler_HL                                 LL_HL_comm.o
                                                  ssp.o
SSP_trans_cnt                                     ssp.o
                                                  uart.o
                                                  system.o
                                                  main.o
SYSTEM_initialized                                main.o
                                                  pelican_ptu.o
                                                  ssp.o
                                                  uart.o
                                                  system.o
                                                  hardware.o
                                                  buzzer.o
                                                  sdk.o
                                                  LL_HL_comm.o
SoftwareInterrupt                                 Common_WinARM/src/swi_handler.o
                                                  Common_WinARM/src/Startup.o
UART1Initialize                                   uart.o
                                                  .//libublox.a(ublox.o)
                                                  system.o
UART1ReadChar                                     uart.o
UART1WriteChar                                    uart.o
UART1_rxcount                                     uart.o
UART1_rxptr                                       uart.o
UART1_send                                        uart.o
                                                  .//libublox.a(ublox.o)
UART1_send_ringbuffer                             uart.o
UART1_syncstate                                   uart.o
UARTInitialize                                    uart.o
                                                  system.o
UARTReadChar                                      uart.o
                                                  syscalls.o
UARTWriteChar                                     uart.o
                                                  syscalls.o
                                                  MyProtocol.o
UART_CalibDoneFlag                                uart.o
UART_SendPacket                                   uart.o
UART_rxcount                                      uart.o
UART_rxptr                                        uart.o
UART_send                                         uart.o
UART_send_ringbuffer                              uart.o
UART_syncstate                                    uart.o
WO_CTRL_Input                                     sdk.o
                                                  LL_HL_comm.o
WO_Direct_Individual_Motor_Control                sdk.o
                                                  LL_HL_comm.o
WO_Direct_Motor_Control                           sdk.o
                                                  LL_HL_comm.o
WO_SDK                                            sdk.o
                                                  LL_HL_comm.o
WrIndex                                           i2c.o
__IRQ_Wrapper                                     Common_WinARM/src/Startup.o
____divsi3_from_arm                               linker stubs
____udivsi3_from_arm                              linker stubs
__adddf3                                          /usr/local/arm7/bin/../lib/gcc/arm-elf/4.1.1/thumb/interwork/libgcc.a(_addsubdf3.o)
                                                  /usr/local/arm7/bin/../lib/gcc/arm-elf/4.1.1/../../../../arm-elf/lib/thumb/interwork/libm.a(s_scalbn.o)
                                                  /usr/local/arm7/bin/../lib/gcc/arm-elf/4.1.1/../../../../arm-elf/lib/thumb/interwork/libm.a(s_floor.o)
                                                  /usr/local/arm7/bin/../lib/gcc/arm-elf/4.1.1/../../../../arm-elf/lib/thumb/interwork/libm.a(s_atan.o)
                                                  /usr/local/arm7/bin/../lib/gcc/arm-elf/4.1.1/../../../../arm-elf/lib/thumb/interwork/libm.a(k_sin.o)
                                                  /usr/local/arm7/bin/../lib/gcc/arm-elf/4.1.1/../../../../arm-elf/lib/thumb/interwork/libm.a(k_rem_pio2.o)
                                                  /usr/local/arm7/bin/../lib/gcc/arm-elf/4.1.1/../../../../arm-elf/lib/thumb/interwork/libm.a(k_cos.o)
                                                  /usr/local/arm7/bin/../lib/gcc/arm-elf/4.1.1/../../../../arm-elf/lib/thumb/interwork/libm.a(e_sqrt.o)
                                                  /usr/local/arm7/bin/../lib/gcc/arm-elf/4.1.1/../../../../arm-elf/lib/thumb/interwork/libm.a(e_rem_pio2.o)
                                                  /usr/local/arm7/bin/../lib/gcc/arm-elf/4.1.1/../../../../arm-elf/lib/thumb/interwork/libm.a(e_atan2.o)
                                                  .//libdeclination.a(declination.o)
                                                  gpsmath.o