Archive member included because of file (symbol)

/usr/local/arm7/bin/../lib/gcc/arm-elf/4.1.1/../../../../arm-elf/lib/thumb/interwork/libc.a(memcpy.o)
                              MyProtocol.o (memcpy)
/usr/local/arm7/bin/../lib/gcc/arm-elf/4.1.1/../../../../arm-elf/lib/thumb/interwork/libc.a(memset.o)
                              MyProtocol.o (memset)
/usr/local/arm7/bin/../lib/gcc/arm-elf/4.1.1/thumb/interwork/libgcc.a(_udivsi3.o)
                              system.o (__udivsi3)
/usr/local/arm7/bin/../lib/gcc/arm-elf/4.1.1/thumb/interwork/libgcc.a(_divsi3.o)
                              main.o (__divsi3)
/usr/local/arm7/bin/../lib/gcc/arm-elf/4.1.1/thumb/interwork/libgcc.a(_dvmd_tls.o)
                              /usr/local/arm7/bin/../lib/gcc/arm-elf/4.1.1/thumb/interwork/libgcc.a(_udivsi3.o) (__div0)
/usr/local/arm7/bin/../lib/gcc/arm-elf/4.1.1/thumb/interwork/libgcc.a(_addsubdf3.o)
                              gpsmath.o (__adddf3)
/usr/local/arm7/bin/../lib/gcc/arm-elf/4.1.1/thumb/interwork/libgcc.a(_muldivdf3.o)
                              gpsmath.o (__muldf3)
/usr/local/arm7/bin/../lib/gcc/arm-elf/4.1.1/thumb/interwork/libgcc.a(_cmpdf2.o)
                              pid.o (__ltdf2)
/usr/local/arm7/bin/../lib/gcc/arm-elf/4.1.1/thumb/interwork/libgcc.a(_fixdfsi.o)
                              sdk.o (__fixdfsi)
/usr/local/arm7/bin/../lib/gcc/arm-elf/4.1.1/thumb/interwork/libgcc.a(_addsubsf3.o)
                              pid.o (__subsf3)
/usr/local/arm7/bin/../lib/gcc/arm-elf/4.1.1/thumb/interwork/libgcc.a(_muldivsf3.o)
                              sdk.o (__mulsf3)
/usr/local/arm7/bin/../lib/gcc/arm-elf/4.1.1/thumb/interwork/libgcc.a(_cmpsf2.o)
                              pid.o (__gtsf2)
/usr/local/arm7/bin/../lib/gcc/arm-elf/4.1.1/thumb/interwork/libgcc.a(_fixsfsi.o)
                              sdk.o (__fixsfsi)
.//libdeclination.a(declination.o)
                              LL_HL_comm.o (estimatedDeclination)
.//libublox.a(ublox.o)        main.o (gpsLEDTrigger)
/usr/local/arm7/bin/../lib/gcc/arm-elf/4.1.1/../../../../arm-elf/lib/thumb/interwork/libm.a(s_cos.o)
                              gpsmath.o (cos)
/usr/local/arm7/bin/../lib/gcc/arm-elf/4.1.1/../../../../arm-elf/lib/thumb/interwork/libm.a(s_sin.o)
                              .//libdeclination.a(declination.o) (sin)
/usr/local/arm7/bin/../lib/gcc/arm-elf/4.1.1/../../../../arm-elf/lib/thumb/interwork/libm.a(sf_cos.o)
                              position_controller.o (cosf)
/usr/local/arm7/bin/../lib/gcc/arm-elf/4.1.1/../../../../arm-elf/lib/thumb/interwork/libm.a(sf_sin.o)
                              position_controller.o (sinf)
/usr/local/arm7/bin/../lib/gcc/arm-elf/4.1.1/../../../../arm-elf/lib/thumb/interwork/libm.a(w_atan2.o)
                              .//libdeclination.a(declination.o) (atan2)
/usr/local/arm7/bin/../lib/gcc/arm-elf/4.1.1/../../../../arm-elf/lib/thumb/interwork/libm.a(w_sqrt.o)
                              .//libdeclination.a(declination.o) (sqrt)
/usr/local/arm7/bin/../lib/gcc/arm-elf/4.1.1/../../../../arm-elf/lib/thumb/interwork/libm.a(e_atan2.o)
                              /usr/local/arm7/bin/../lib/gcc/arm-elf/4.1.1/../../../../arm-elf/lib/thumb/interwork/libm.a(w_atan2.o) (__ieee754_atan2)
/usr/local/arm7/bin/../lib/gcc/arm-elf/4.1.1/../../../../arm-elf/lib/thumb/interwork/libm.a(e_rem_pio2.o)
                              /usr/local/arm7/bin/../lib/gcc/arm-elf/4.1.1/../../../../arm-elf/lib/thumb/interwork/libm.a(s_cos.o) (__ieee754_rem_pio2)
/usr/local/arm7/bin/../lib/gcc/arm-elf/4.1.1/../../../../arm-elf/lib/thumb/interwork/libm.a(e_sqrt.o)
                              /usr/local/arm7/bin/../lib/gcc/arm-elf/4.1.1/../../../../arm-elf/lib/thumb/interwork/libm.a(w_sqrt.o) (__ieee754_sqrt)
/usr/local/arm7/bin/../lib/gcc/arm-elf/4.1.1/../../../../arm-elf/lib/thumb/interwork/libm.a(ef_rem_pio2.o)
                              /usr/local/arm7/bin/../lib/gcc/arm-elf/4.1.1/../../../../arm-elf/lib/thumb/interwork/libm.a(sf_cos.o) (__ieee754_rem_pio2f)
/usr/local/arm7/bin/../lib/gcc/arm-elf/4.1.1/../../../../arm-elf/lib/thumb/interwork/libm.a(k_cos.o)
                              /usr/local/arm7/bin/../lib/gcc/arm-elf/4.1.1/../../../../arm-elf/lib/thumb/interwork/libm.a(s_cos.o) (__kernel_cos)
/usr/local/arm7/bin/../lib/gcc/arm-elf/4.1.1/../../../../arm-elf/lib/thumb/interwork/libm.a(k_rem_pio2.o)
                              /usr/local/arm7/bin/../lib/gcc/arm-elf/4.1.1/../../../../arm-elf/lib/thumb/interwork/libm.a(e_rem_pio2.o) (__kernel_rem_pio2)
/usr/local/arm7/bin/../lib/gcc/arm-elf/4.1.1/../../../../arm-elf/lib/thumb/interwork/libm.a(k_sin.o)
                              /usr/local/arm7/bin/../lib/gcc/arm-elf/4.1.1/../../../../arm-elf/lib/thumb/interwork/libm.a(s_cos.o) (__kernel_sin)
/usr/local/arm7/bin/../lib/gcc/arm-elf/4.1.1/../../../../arm-elf/lib/thumb/interwork/libm.a(kf_cos.o)
[...]
Memory Configuration

Name             Origin             Length             Attributes
ROM              0x00000000         0x00080000         xr
RAM              0x40000000         0x00008000         rw
*default*        0x00000000         0xffffffff

Linker script and memory map

LOAD Common_WinARM/src/Startup.o
LOAD Common_WinARM/src/swi_handler.o
LOAD LL_HL_comm.o
LOAD mymath.o
LOAD gpsmath.o
LOAD sdk.o
LOAD MyProtocol.o
LOAD pid.o
LOAD position_controller.o
LOAD buzzer.o
LOAD main.o
LOAD hardware.o
LOAD LPC2k_ee.o
LOAD system.o
LOAD uart.o
LOAD syscalls.o
LOAD i2c.o
LOAD Common_WinARM/src/irq.o
LOAD adc.o
LOAD ssp.o
LOAD pelican_ptu.o
LOAD /usr/local/arm7/bin/../lib/gcc/arm-elf/4.1.1/../../../../arm-elf/lib/thumb/interwork/libc.a
LOAD /usr/local/arm7/bin/../lib/gcc/arm-elf/4.1.1/../../../../arm-elf/lib/thumb/interwork/libc.a
LOAD /usr/local/arm7/bin/../lib/gcc/arm-elf/4.1.1/thumb/interwork/libgcc.a
LOAD .//libdeclination.a
LOAD .//libublox.a
LOAD /usr/local/arm7/bin/../lib/gcc/arm-elf/4.1.1/../../../../arm-elf/lib/thumb/interwork/libm.a
START GROUP
LOAD /usr/local/arm7/bin/../lib/gcc/arm-elf/4.1.1/thumb/interwork/libgcc.a
LOAD /usr/local/arm7/bin/../lib/gcc/arm-elf/4.1.1/../../../../arm-elf/lib/thumb/interwork/libg.a
LOAD /usr/local/arm7/bin/../lib/gcc/arm-elf/4.1.1/../../../../arm-elf/lib/thumb/interwork/libc.a
END GROUP

.text           0x00000000    0x12d04
 *(.vectorg)
 .vectorg       0x00000000       0x98 Common_WinARM/src/Startup.o
                0x00000050                __IRQ_Wrapper
 .vectorg       0x00000098       0xd0 Common_WinARM/src/swi_handler.o
                0x00000098                SoftwareInterrupt
                0x00000168                . = ALIGN (0x4)
 *(.init)
 .init          0x00000168      0x168 Common_WinARM/src/Startup.o
                0x00000168                __startup
                0x00000290                __exit_ARM
                0x00000294                __exit_THUMB
 *(.text .text.*)
 .text          0x000002d0        0x0 Common_WinARM/src/Startup.o
 .text          0x000002d0       0x38 Common_WinARM/src/swi_handler.o
                0x000002d0                IntRestore
                0x000002d8                FiqRestore
                0x000002e0                IntGetCPSR
                0x000002e8                IntEnable
                0x000002f0                IntDisable
                0x000002f8                FiqEnable
                0x00000300                FiqDisable
 .text          0x00000308     0x1368 LL_HL_comm.o
                0x00000308                SSP_data_distribution_HL
                0x0000090c                HL2LL_write_cycle
                0x000011c0                LL_write_ctrl_data
                0x00001434                SSP_rx_handler_HL
 .text          0x00001670        0x0 mymath.o
 .text          0x00001670      0x194 gpsmath.o
                0x00001670                xy2latlon
 .text          0x00001804     0x1420 sdk.o
                0x00001804                fake_gps3
                0x00001ac4                SDK_mainloop
                0x00001ae0                SDK_EXAMPLE_direct_individual_motor_commands
                0x00001ce8                SDK_EXAMPLE_direct_motor_commands_with_standard_output_mapping
                0x00001e00                SDK_EXAMPLE_attitude_commands
                0x00001e50                SDK_EXAMPLE_gps_waypoint_control
                0x00002a18                SDK_EXAMPLE_turn_motors_on
                0x00002b20                SDK_EXAMPLE_turn_motors_off
 .text          0x00002c24      0x614 MyProtocol.o
                0x00002c24                my_send
                0x00002d98                send_single
                0x00002dcc                receive_single
                0x00002e08                my_receive
                0x00003184                getPackageLength
 .text          0x00003238      0x7cc pid.o
                0x00003238                constrain
                0x000032f8                deadband
                0x000033bc                pidInit
                0x00003474                pidUpdate
                0x00003740                pidSetIntegralLimit
                0x00003770                pidReset
                0x000037c4                pidSetError
                0x000037f4                pidSetDesired
                0x00003824                pidGetDesired
                0x00003850                pidIsActive
                0x00003944                pidSetKp
                0x00003974                pidSetKi
                0x000039a4                pidSetKd
                0x000039d4                pidSetDt
 .text          0x00003a04      0x950 position_controller.o
                0x00003a04                positionEstimate
                0x00003b20                positionControllerInit
                0x00003cd4                runPid
                0x00003d40                data_fusion
                0x00003e94                positionController
                0x00004324                positionControllerResetAllPID
 .text          0x00004354     0x108c buzzer.o
                0x00004354                buzzer_handler
                0x00005384                buzzer
 .text          0x000053e0      0x8e0 main.o
                0x000053e0                timer0ISR
                0x000054c8                main
                0x000056f8                mainloop
 .text          0x00005cc0       0x8c hardware.o
                0x00005cc0                LED
 .text          0x00005d4c      0x614 LPC2k_ee.o
                0x00005d4c                ee_erase
                0x00005e88                ee_write
                0x000060ac                ee_read
                0x0000613c                ee_readn
                0x000061a4                ee_count
                0x00006218                ee_locate
 .text          0x00006360      0x58c system.o
                0x00006360                init
                0x000063e8                init_interrupts
                0x00006494                init_ports
                0x0000653c                init_timer0
                0x000065e4                PWM_Init
                0x00006698                init_spi
                0x000066d0                init_spi1
                0x0000676c                pll_init
                0x000067ac                pll_feed
                0x000067ec                processorClockFrequency
                0x0000680c                peripheralClockFrequency
                0x000068a4                delay
 .text          0x000068ec     0x1008 uart.o
                0x000068ec                uart1ISR
                0x000069bc                uart0ISR
                0x00006db4                UARTInitialize
                0x00006e60                UART1Initialize
                0x00006f0c                UARTWriteChar
                0x00006f5c                UART1WriteChar
                0x00006fac                UARTReadChar
                0x00006ff4                UART1ReadChar
                0x0000703c                __putchar
                0x00007080                UART_send
                0x0000713c                UART1_send
                0x000071d0                UART_send_ringbuffer
                0x00007238                UART1_send_ringbuffer
                0x000072a0                UART_SendPacket
                0x00007398                crc_update
                0x00007488                crc16
                0x0000751c                ringbuffer
                0x00007708                ringbuffer1
 .text          0x000078f4      0x2b4 syscalls.o
                0x000078f4                _read_r
                0x000079d4                _write_r
                0x00007a70                _close_r
                0x00007a9c                _lseek_r
                0x00007ad0                _fstat_r
                0x00007b0c                isatty
                0x00007b34                _sbrk_r
 .text          0x00007ba8      0x750 i2c.o
                0x00007ba8                I2C0MasterHandler
                0x00008044                I2C0_send_motordata
                0x000080f0                I2CStart
                0x00008184                I2CStop
                0x000081e0                I2CInit
                0x00008268                I2CEngine
 .text          0x000082f8      0x2d0 Common_WinARM/src/irq.o
                0x00008318                init_VIC
                0x000083dc                install_irq
                0x000084d0                uninstall_irq
 .text          0x000085c8      0x3ec adc.o
                0x000085c8                ADCInit
                0x00008650                ADC0Read
                0x0000878c                ADC1Read
                0x00008894                ADC0triggerSampling
                0x000088d8                ADC0getSamplingResults
 .text          0x000089b4      0x420 ssp.o
                0x000089b4                SSPHandler
                0x00008b8c                LL_write_init
                0x00008bcc                LL_write
 .text          0x00008dd4      0x48c pelican_ptu.o
                0x00008dd4                PTU_init
                0x00008ea0                PTU_update
                0x00009098                SERVO_pitch_move
                0x00009180                SERVO_roll_move
 .text          0x00009260       0x5c /usr/local/arm7/bin/../lib/gcc/arm-elf/4.1.1/../../../../arm-elf/lib/thumb/interwork/libc.a(memcpy.o)
                0x00009260                memcpy
 .text          0x000092bc       0x60 /usr/local/arm7/bin/../lib/gcc/arm-elf/4.1.1/../../../../arm-elf/lib/thumb/interwork/libc.a(memset.o)
                0x000092bc                memset
 .text          0x0000931c       0x8c /usr/local/arm7/bin/../lib/gcc/arm-elf/4.1.1/thumb/interwork/libgcc.a(_udivsi3.o)
                0x0000931c                __udivsi3
                0x0000931c                __aeabi_uidiv
                0x00009398                __aeabi_uidivmod
 .text          0x000093a8       0xa4 /usr/local/arm7/bin/../lib/gcc/arm-elf/4.1.1/thumb/interwork/libgcc.a(_divsi3.o)
                0x000093a8                __aeabi_idiv
                0x000093a8                __divsi3
                0x0000943c                __aeabi_idivmod
 .text          0x0000944c        0x4 /usr/local/arm7/bin/../lib/gcc/arm-elf/4.1.1/thumb/interwork/libgcc.a(_dvmd_tls.o)
                0x0000944c                __aeabi_ldiv0
                0x0000944c                __div0
                0x0000944c                __aeabi_idiv0
 .text          0x00009450      0x430 /usr/local/arm7/bin/../lib/gcc/arm-elf/4.1.1/thumb/interwork/libgcc.a(_addsubdf3.o)
                0x00009450                __aeabi_drsub
                0x00009458                __aeabi_dsub
                0x00009458                __subdf3
                0x0000945c                __adddf3
                0x0000945c                __aeabi_dadd
                0x0000976c                __aeabi_ui2d
                0x0000976c                __floatunsidf
                0x00009794                __floatsidf
                0x00009794                __aeabi_i2d
                0x000097c0                __extendsfdf2
                0x000097c0                __aeabi_f2d
                0x00009800                __aeabi_ul2d
                0x00009800                __floatundidf
                0x00009814                __floatdidf
                0x00009814                __aeabi_l2d
 .text          0x00009880      0x49c /usr/local/arm7/bin/../lib/gcc/arm-elf/4.1.1/thumb/interwork/libgcc.a(_muldivdf3.o)
                0x00009880                __aeabi_dmul
                0x00009880                __muldf3
                0x00009b10                __aeabi_ddiv
                0x00009b10                __divdf3
 .text          0x00009d1c      0x140 /usr/local/arm7/bin/../lib/gcc/arm-elf/4.1.1/thumb/interwork/libgcc.a(_cmpdf2.o)
                0x00009d1c                __gtdf2
                0x00009d1c                __gedf2
                0x00009d24                __ltdf2
                0x00009d24                __ledf2
                0x00009d2c                __cmpdf2
                0x00009d2c                __eqdf2
                0x00009d2c                __nedf2
                0x00009db0                __aeabi_cdrcmple
                0x00009dcc                __aeabi_cdcmple
                0x00009dcc                __aeabi_cdcmpeq
                0x00009de4                __aeabi_dcmpeq
                0x00009dfc                __aeabi_dcmplt
                0x00009e14                __aeabi_dcmple
                0x00009e2c                __aeabi_dcmpge
                0x00009e44                __aeabi_dcmpgt
 .text          0x00009e5c       0x5c /usr/local/arm7/bin/../lib/gcc/arm-elf/4.1.1/thumb/interwork/libgcc.a(_fixdfsi.o)
                0x00009e5c                __fixdfsi
                0x00009e5c                __aeabi_d2iz
 .text          0x00009eb8      0x2ac /usr/local/arm7/bin/../lib/gcc/arm-elf/4.1.1/thumb/interwork/libgcc.a(_addsubsf3.o)
                0x00009eb8                __aeabi_frsub
                0x00009ec0                __subsf3
                0x00009ec0                __aeabi_fsub
                0x00009ec4                __aeabi_fadd
                0x00009ec4                __addsf3
                0x0000a080                __aeabi_ui2f
                0x0000a080                __floatunsisf
                0x0000a088                __aeabi_i2f
                0x0000a088                __floatsisf
                0x0000a0a8                __floatundisf
                0x0000a0a8                __aeabi_ul2f
                0x0000a0b8                __floatdisf
                0x0000a0b8                __aeabi_l2f
 .text          0x0000a164      0x2f8 /usr/local/arm7/bin/../lib/gcc/arm-elf/4.1.1/thumb/interwork/libgcc.a(_muldivsf3.o)
                0x0000a164                __mulsf3
                0x0000a164                __aeabi_fmul
                0x0000a2fc                __divsf3
                0x0000a2fc                __aeabi_fdiv
 .text          0x0000a45c      0x110 /usr/local/arm7/bin/../lib/gcc/arm-elf/4.1.1/thumb/interwork/libgcc.a(_cmpsf2.o)
                0x0000a45c                __gtsf2
                0x0000a45c                __gesf2
                0x0000a464                __lesf2
                0x0000a464                __ltsf2
                0x0000a46c                __nesf2
                0x0000a46c                __eqsf2
                0x0000a46c                __cmpsf2
                0x0000a4cc                __aeabi_cfrcmple
                0x0000a4dc                __aeabi_cfcmple
                0x0000a4dc                __aeabi_cfcmpeq
                0x0000a4f4                __aeabi_fcmpeq
                0x0000a50c                __aeabi_fcmplt
                0x0000a524                __aeabi_fcmple
                0x0000a53c                __aeabi_fcmpge
                0x0000a554                __aeabi_fcmpgt
 .text          0x0000a56c       0x5c /usr/local/arm7/bin/../lib/gcc/arm-elf/4.1.1/thumb/interwork/libgcc.a(_fixsfsi.o)
                0x0000a56c                __fixsfsi
                0x0000a56c                __aeabi_f2iz
 .text          0x0000a5c8     0x3250 .//libdeclination.a(declination.o)
                0x0000d00c                geomag
                0x0000d074                geomg1
                0x0000d0e4                getDeclination
 .text          0x0000d818     0x1e88 .//libublox.a(ublox.o)
                0x0000d818                uBloxSendMessage
                0x0000da30                pollMessageRate
                0x0000da88                setMessageRate
                0x0000daec                uBloxResetConfiguration
                0x0000db88                uBloxHandleMessage
                0x0000e340                uBloxReceiveHandler
                0x0000ea04                uBloxReceiveEngine
 .text          0x0000f6a0       0xb8 /usr/local/arm7/bin/../lib/gcc/arm-elf/4.1.1/../../../../arm-elf/lib/thumb/interwork/libm.a(s_cos.o)
                0x0000f6a0                cos
 .text          0x0000f758       0xbc /usr/local/arm7/bin/../lib/gcc/arm-elf/4.1.1/../../../../arm-elf/lib/thumb/interwork/libm.a(s_sin.o)
                0x0000f758                sin
 .text          0x0000f814       0x88 /usr/local/arm7/bin/../lib/gcc/arm-elf/4.1.1/../../../../arm-elf/lib/thumb/interwork/libm.a(sf_cos.o)
                0x0000f814                cosf
 .text          0x0000f89c       0x88 /usr/local/arm7/bin/../lib/gcc/arm-elf/4.1.1/../../../../arm-elf/lib/thumb/interwork/libm.a(sf_sin.o)
                0x0000f89c                sinf
 .text          0x0000f924       0xd0 /usr/local/arm7/bin/../lib/gcc/arm-elf/4.1.1/../../../../arm-elf/lib/thumb/interwork/libm.a(w_atan2.o)
                0x0000f924                atan2
 .text          0x0000f9f4       0xc4 /usr/local/arm7/bin/../lib/gcc/arm-elf/4.1.1/../../../../arm-elf/lib/thumb/interwork/libm.a(w_sqrt.o)
                0x0000f9f4                sqrt
 .text          0x0000fab8      0x220 /usr/local/arm7/bin/../lib/gcc/arm-elf/4.1.1/../../../../arm-elf/lib/thumb/interwork/libm.a(e_atan2.o)
                0x0000fab8                __ieee754_atan2
 .text          0x0000fcd8      0x440 /usr/local/arm7/bin/../lib/gcc/arm-elf/4.1.1/../../../../arm-elf/lib/thumb/interwork/libm.a(e_rem_pio2.o)
                0x0000fcd8                __ieee754_rem_pio2
 .text          0x00010118      0x1d8 /usr/local/arm7/bin/../lib/gcc/arm-elf/4.1.1/../../../../arm-elf/lib/thumb/interwork/libm.a(e_sqrt.o)
                0x00010118                __ieee754_sqrt
 .text          0x000102f0      0x308 /usr/local/arm7/bin/../lib/gcc/arm-elf/4.1.1/../../../../arm-elf/lib/thumb/interwork/libm.a(ef_rem_pio2.o)
                0x000102f0                __ieee754_rem_pio2f
 .text          0x000105f8      0x28c /usr/local/arm7/bin/../lib/gcc/arm-elf/4.1.1/../../../../arm-elf/lib/thumb/interwork/libm.a(k_cos.o)
                0x000105f8                __kernel_cos
 .text          0x00010884      0x89c /usr/local/arm7/bin/../lib/gcc/arm-elf/4.1.1/../../../../arm-elf/lib/thumb/interwork/libm.a(k_rem_pio2.o)
                0x00010884                __kernel_rem_pio2
 .text          0x00011120      0x180 /usr/local/arm7/bin/../lib/gcc/arm-elf/4.1.1/../../../../arm-elf/lib/thumb/interwork/libm.a(k_sin.o)
                0x00011120                __kernel_sin
 .text          0x000112a0      0x1ac /usr/local/arm7/bin/../lib/gcc/arm-elf/4.1.1/../../../../arm-elf/lib/thumb/interwork/libm.a(kf_cos.o)
                0x000112a0                __kernel_cosf
 .text          0x0001144c      0x6fc /usr/local/arm7/bin/../lib/gcc/arm-elf/4.1.1/../../../../arm-elf/lib/thumb/interwork/libm.a(kf_rem_pio2.o)
                0x0001144c                __kernel_rem_pio2f
 .text          0x00011b48      0x10c /usr/local/arm7/bin/../lib/gcc/arm-elf/4.1.1/../../../../arm-elf/lib/thumb/interwork/libm.a(kf_sin.o)
                0x00011b48                __kernel_sinf
 .text          0x00011c54      0x380 /usr/local/arm7/bin/../lib/gcc/arm-elf/4.1.1/../../../../arm-elf/lib/thumb/interwork/libm.a(s_atan.o)
                0x00011c54                atan
 .text          0x00011fd4       0x18 /usr/local/arm7/bin/../lib/gcc/arm-elf/4.1.1/../../../../arm-elf/lib/thumb/interwork/libm.a(s_fabs.o)
                0x00011fd4                fabs
 .text          0x00011fec      0x16c /usr/local/arm7/bin/../lib/gcc/arm-elf/4.1.1/../../../../arm-elf/lib/thumb/interwork/libm.a(s_floor.o)
                0x00011fec                floor
 .text          0x00012158       0x1c /usr/local/arm7/bin/../lib/gcc/arm-elf/4.1.1/../../../../arm-elf/lib/thumb/interwork/libm.a(s_isnan.o)
                0x00012158                isnan
 .text          0x00012174        0x0 /usr/local/arm7/bin/../lib/gcc/arm-elf/4.1.1/../../../../arm-elf/lib/thumb/interwork/libm.a(s_lib_ver.o)
 .text          0x00012174        0x4 /usr/local/arm7/bin/../lib/gcc/arm-elf/4.1.1/../../../../arm-elf/lib/thumb/interwork/libm.a(s_matherr.o)
                0x00012174                matherr
 .text          0x00012178      0x130 /usr/local/arm7/bin/../lib/gcc/arm-elf/4.1.1/../../../../arm-elf/lib/thumb/interwork/libm.a(s_scalbn.o)
                0x00012178                scalbn
 .text          0x000122a8        0xc /usr/local/arm7/bin/../lib/gcc/arm-elf/4.1.1/../../../../arm-elf/lib/thumb/interwork/libm.a(sf_fabs.o)
                0x000122a8                fabsf
 .text          0x000122b4       0x9c /usr/local/arm7/bin/../lib/gcc/arm-elf/4.1.1/../../../../arm-elf/lib/thumb/interwork/libm.a(sf_floor.o)
                0x000122b4                floorf
 .text          0x00012350       0xd8 /usr/local/arm7/bin/../lib/gcc/arm-elf/4.1.1/../../../../arm-elf/lib/thumb/interwork/libm.a(sf_scalbn.o)
                0x00012350                scalbnf
 .text          0x00012428       0x24 /usr/local/arm7/bin/../lib/gcc/arm-elf/4.1.1/../../../../arm-elf/lib/thumb/interwork/libm.a(s_copysign.o)
                0x00012428                copysign
 .text          0x0001244c       0x14 /usr/local/arm7/bin/../lib/gcc/arm-elf/4.1.1/../../../../arm-elf/lib/thumb/interwork/libm.a(sf_copysign.o)
                0x0001244c                copysignf
 .text          0x00012460       0xa0 /usr/local/arm7/bin/../lib/gcc/arm-elf/4.1.1/thumb/interwork/libgcc.a(_truncdfsf2.o)
                0x00012460                __aeabi_d2f
                0x00012460                __truncdfsf2
 .text          0x00012500        0xc /usr/local/arm7/bin/../lib/gcc/arm-elf/4.1.1/../../../../arm-elf/lib/thumb/interwork/libg.a(errno.o)
                0x00012500                __errno
 .text          0x0001250c        0x0 /usr/local/arm7/bin/../lib/gcc/arm-elf/4.1.1/../../../../arm-elf/lib/thumb/interwork/libg.a(impure.o)
 *(.gnu.linkonce.t.*)
 *(.glue_7)
 .glue_7        0x0001250c       0x78 linker stubs
                0x0001250c                __cos_from_arm
                0x00012518                __memcpy_from_arm
                0x00012524                __memset_from_arm
                0x00012530                __cosf_from_arm
                0x0001253c                __sinf_from_arm
                0x00012548                ____divsi3_from_arm
                0x00012554                ____udivsi3_from_arm
                0x00012560                __sqrt_from_arm
                0x0001256c                __sin_from_arm
                0x00012578                __atan2_from_arm
 *fill*         0x00012584        0x4 00
 .glue_7.stub   0x00012588       0x90 linker stubs
 *(.glue_7t)
 .glue_7t       0x00000000        0x0 linker stubs
 *(.gcc_except_table)
 *(.rodata)
 .rodata        0x00012618        0x4 position_controller.o
                0x00012618                thrustScale
 .rodata        0x0001261c       0xe2 .//libublox.a(ublox.o)
 *fill*         0x000126fe        0x2 00
 .rodata        0x00012700        0x8 /usr/local/arm7/bin/../lib/gcc/arm-elf/4.1.1/../../../../arm-elf/lib/thumb/interwork/libm.a(w_atan2.o)
 .rodata        0x00012708        0x8 /usr/local/arm7/bin/../lib/gcc/arm-elf/4.1.1/../../../../arm-elf/lib/thumb/interwork/libm.a(w_sqrt.o)
 .rodata        0x00012710      0x188 /usr/local/arm7/bin/../lib/gcc/arm-elf/4.1.1/../../../../arm-elf/lib/thumb/interwork/libm.a(e_rem_pio2.o)
 .rodata        0x00012898      0x398 /usr/local/arm7/bin/../lib/gcc/arm-elf/4.1.1/../../../../arm-elf/lib/thumb/interwork/libm.a(ef_rem_pio2.o)
 .rodata        0x00012c30       0x50 /usr/local/arm7/bin/../lib/gcc/arm-elf/4.1.1/../../../../arm-elf/lib/thumb/interwork/libm.a(k_rem_pio2.o)
 .rodata        0x00012c80       0x38 /usr/local/arm7/bin/../lib/gcc/arm-elf/4.1.1/../../../../arm-elf/lib/thumb/interwork/libm.a(kf_rem_pio2.o)
 .rodata        0x00012cb8       0x40 /usr/local/arm7/bin/../lib/gcc/arm-elf/4.1.1/../../../../arm-elf/lib/thumb/interwork/libm.a(s_atan.o)
 .rodata        0x00012cf8        0x4 /usr/local/arm7/bin/../lib/gcc/arm-elf/4.1.1/../../../../arm-elf/lib/thumb/interwork/libm.a(s_lib_ver.o)
                0x00012cf8                __fdlib_version
 .rodata        0x00012cfc        0x8 /usr/local/arm7/bin/../lib/gcc/arm-elf/4.1.1/../../../../arm-elf/lib/thumb/interwork/libg.a(impure.o)
                0x00012cfc                _global_impure_ptr
 *(.rodata*)
 *(.gnu.linkonce.r.*)
                0x00012d04                . = ALIGN (0x4)

.vfp11_veneer   0x00012d04        0x0
 .vfp11_veneer  0x00000000        0x0 linker stubs

.v4_bx          0x00012d04        0x0
 .v4_bx         0x00000000        0x0 linker stubs

.iplt           0x00012d04        0x0
 .iplt          0x00000000        0x0 Common_WinARM/src/Startup.o

.rel.dyn        0x00012d04        0x0
 .rel.iplt      0x00000000        0x0 Common_WinARM/src/Startup.o
                0x00012d04                . = ALIGN (0x4)

.ctors          0x00012d04        0x0
                0x00012d04                PROVIDE (__ctors_start__, .)
 *(SORT(.ctors.*))
 *(.ctors)
                0x00012d04                . = ALIGN (0x4)
                0x00012d04                PROVIDE (__ctors_end__, .)
                0x00012d04                . = ALIGN (0x4)

.dtors          0x00012d04        0x0
                0x00012d04                PROVIDE (__dtors_start__, .)
 *(SORT(.dtors.*))
 *(.dtors)
                0x00012d04                . = ALIGN (0x4)
                0x00012d04                PROVIDE (__dtors_end__, .)
                0x00012d04                . = ALIGN (0x4)
                0x00012d04                . = ALIGN (0x4)
                0x00012d04                _etext = .
                0x00012d04                PROVIDE (etext, .)

.data           0x40000000      0xb7c load address 0x00012d04
                0x40000000                _data = .
 *(.vectmapped)
                0x40000000                . = ALIGN (0x4)
 *(.fastrun)
                0x40000000                . = ALIGN (0x4)
                0x40000000                . = ALIGN (0x4)
 *(.data)
 .data          0x40000000        0x0 Common_WinARM/src/Startup.o
 .data          0x40000000        0x0 Common_WinARM/src/swi_handler.o
 .data          0x40000000        0x0 LL_HL_comm.o
 .data          0x40000000        0x0 mymath.o
 .data          0x40000000        0x0 gpsmath.o
 .data          0x40000000       0x38 sdk.o
                0x40000000                receiveCmdData
                0x40000004                output_thrust
                0x40000008                my_setpoint
 .data          0x40000038        0x0 MyProtocol.o
 .data          0x40000038        0x0 pid.o
 .data          0x40000038      0x1e0 position_controller.o
                0x40000038                rpLimit
                0x4000003c                rpLimitOverhead
                0x40000040                xyVelMax
                0x40000044                zVelMax
                0x40000048                velMaxOverhead
                0x4000004c                my_this
 .data          0x40000218        0x0 buzzer.o
 .data          0x40000218        0x2 main.o
                0x40000218                DataOutputsPerSecond
 .data          0x4000021a        0x0 hardware.o
 .data          0x4000021a        0x0 LPC2k_ee.o
 .data          0x4000021a        0x0 system.o
 .data          0x4000021a        0x7 uart.o
                0x4000021a                chksum_trigger
                0x4000021b                startstring
                0x4000021e                stopstring
 .data          0x40000221        0x0 syscalls.o
 .data          0x40000221        0x0 i2c.o
 .data          0x40000221        0x0 Common_WinARM/src/irq.o
 .data          0x40000221        0x0 adc.o
 .data          0x40000221        0x3 ssp.o
                0x40000221                data_sent_to_LL
                0x40000222                SSP_receiption_complete
                0x40000223                data_sent_to_HL
 .data          0x40000224        0x0 pelican_ptu.o
 .data          0x40000224        0x0 /usr/local/arm7/bin/../lib/gcc/arm-elf/4.1.1/../../../../arm-elf/lib/thumb/interwork/libc.a(memcpy.o)
 .data          0x40000224        0x0 /usr/local/arm7/bin/../lib/gcc/arm-elf/4.1.1/../../../../arm-elf/lib/thumb/interwork/libc.a(memset.o)
 .data          0x40000224        0x0 /usr/local/arm7/bin/../lib/gcc/arm-elf/4.1.1/thumb/interwork/libgcc.a(_udivsi3.o)
 .data          0x40000224        0x0 /usr/local/arm7/bin/../lib/gcc/arm-elf/4.1.1/thumb/interwork/libgcc.a(_divsi3.o)
 .data          0x40000224        0x0 /usr/local/arm7/bin/../lib/gcc/arm-elf/4.1.1/thumb/interwork/libgcc.a(_dvmd_tls.o)
 .data          0x40000224        0x0 /usr/local/arm7/bin/../lib/gcc/arm-elf/4.1.1/thumb/interwork/libgcc.a(_addsubdf3.o)
 .data          0x40000224        0x0 /usr/local/arm7/bin/../lib/gcc/arm-elf/4.1.1/thumb/interwork/libgcc.a(_muldivdf3.o)
 .data          0x40000224        0x0 /usr/local/arm7/bin/../lib/gcc/arm-elf/4.1.1/thumb/interwork/libgcc.a(_cmpdf2.o)
 .data          0x40000224        0x0 /usr/local/arm7/bin/../lib/gcc/arm-elf/4.1.1/thumb/interwork/libgcc.a(_fixdfsi.o)
 .data          0x40000224        0x0 /usr/local/arm7/bin/../lib/gcc/arm-elf/4.1.1/thumb/interwork/libgcc.a(_addsubsf3.o)
 .data          0x40000224        0x0 /usr/local/arm7/bin/../lib/gcc/arm-elf/4.1.1/thumb/interwork/libgcc.a(_muldivsf3.o)
 .data          0x40000224        0x0 /usr/local/arm7/bin/../lib/gcc/arm-elf/4.1.1/thumb/interwork/libgcc.a(_cmpsf2.o)
 .data          0x40000224        0x0 /usr/local/arm7/bin/../lib/gcc/arm-elf/4.1.1/thumb/interwork/libgcc.a(_fixsfsi.o)
 .data          0x40000224      0x54c .//libdeclination.a(declination.o)
 .data          0x40000770        0x8 .//libublox.a(ublox.o)
                0x40000770                gpsLEDTrigger
 .data          0x40000778        0x0 /usr/local/arm7/bin/../lib/gcc/arm-elf/4.1.1/../../../../arm-elf/lib/thumb/interwork/libm.a(s_cos.o)
 .data          0x40000778        0x0 /usr/local/arm7/bin/../lib/gcc/arm-elf/4.1.1/../../../../arm-elf/lib/thumb/interwork/libm.a(s_sin.o)
 .data          0x40000778        0x0 /usr/local/arm7/bin/../lib/gcc/arm-elf/4.1.1/../../../../arm-elf/lib/thumb/interwork/libm.a(sf_cos.o)
 .data          0x40000778        0x0 /usr/local/arm7/bin/../lib/gcc/arm-elf/4.1.1/../../../../arm-elf/lib/thumb/interwork/libm.a(sf_sin.o)
 .data          0x40000778        0x0 /usr/local/arm7/bin/../lib/gcc/arm-elf/4.1.1/../../../../arm-elf/lib/thumb/interwork/libm.a(w_atan2.o)
 .data          0x40000778        0x0 /usr/local/arm7/bin/../lib/gcc/arm-elf/4.1.1/../../../../arm-elf/lib/thumb/interwork/libm.a(w_sqrt.o)
 .data          0x40000778        0x0 /usr/local/arm7/bin/../lib/gcc/arm-elf/4.1.1/../../../../arm-elf/lib/thumb/interwork/libm.a(e_atan2.o)
 .data          0x40000778        0x0 /usr/local/arm7/bin/../lib/gcc/arm-elf/4.1.1/../../../../arm-elf/lib/thumb/interwork/libm.a(e_rem_pio2.o)
 .data          0x40000778        0x0 /usr/local/arm7/bin/../lib/gcc/arm-elf/4.1.1/../../../../arm-elf/lib/thumb/interwork/libm.a(e_sqrt.o)
 .data          0x40000778        0x0 /usr/local/arm7/bin/../lib/gcc/arm-elf/4.1.1/../../../../arm-elf/lib/thumb/interwork/libm.a(ef_rem_pio2.o)
 .data          0x40000778        0x0 /usr/local/arm7/bin/../lib/gcc/arm-elf/4.1.1/../../../../arm-elf/lib/thumb/interwork/libm.a(k_cos.o)
 .data          0x40000778        0x0 /usr/local/arm7/bin/../lib/gcc/arm-elf/4.1.1/../../../../arm-elf/lib/thumb/interwork/libm.a(k_rem_pio2.o)
 .data          0x40000778        0x0 /usr/local/arm7/bin/../lib/gcc/arm-elf/4.1.1/../../../../arm-elf/lib/thumb/interwork/libm.a(k_sin.o)
 .data          0x40000778        0x0 /usr/local/arm7/bin/../lib/gcc/arm-elf/4.1.1/../../../../arm-elf/lib/thumb/interwork/libm.a(kf_cos.o)
 .data          0x40000778        0x0 /usr/local/arm7/bin/../lib/gcc/arm-elf/4.1.1/../../../../arm-elf/lib/thumb/interwork/libm.a(kf_rem_pio2.o)
 .data          0x40000778        0x0 /usr/local/arm7/bin/../lib/gcc/arm-elf/4.1.1/../../../../arm-elf/lib/thumb/interwork/libm.a(kf_sin.o)
 .data          0x40000778        0x0 /usr/local/arm7/bin/../lib/gcc/arm-elf/4.1.1/../../../../arm-elf/lib/thumb/interwork/libm.a(s_atan.o)
 .data          0x40000778        0x0 /usr/local/arm7/bin/../lib/gcc/arm-elf/4.1.1/../../../../arm-elf/lib/thumb/interwork/libm.a(s_fabs.o)
 .data          0x40000778        0x0 /usr/local/arm7/bin/../lib/gcc/arm-elf/4.1.1/../../../../arm-elf/lib/thumb/interwork/libm.a(s_floor.o)
 .data          0x40000778        0x0 /usr/local/arm7/bin/../lib/gcc/arm-elf/4.1.1/../../../../arm-elf/lib/thumb/interwork/libm.a(s_isnan.o)
 .data          0x40000778        0x0 /usr/local/arm7/bin/../lib/gcc/arm-elf/4.1.1/../../../../arm-elf/lib/thumb/interwork/libm.a(s_lib_ver.o)
 .data          0x40000778        0x0 /usr/local/arm7/bin/../lib/gcc/arm-elf/4.1.1/../../../../arm-elf/lib/thumb/interwork/libm.a(s_matherr.o)
 .data          0x40000778        0x0 /usr/local/arm7/bin/../lib/gcc/arm-elf/4.1.1/../../../../arm-elf/lib/thumb/interwork/libm.a(s_scalbn.o)
 .data          0x40000778        0x0 /usr/local/arm7/bin/../lib/gcc/arm-elf/4.1.1/../../../../arm-elf/lib/thumb/interwork/libm.a(sf_fabs.o)
 .data          0x40000778        0x0 /usr/local/arm7/bin/../lib/gcc/arm-elf/4.1.1/../../../../arm-elf/lib/thumb/interwork/libm.a(sf_floor.o)
 .data          0x40000778        0x0 /usr/local/arm7/bin/../lib/gcc/arm-elf/4.1.1/../../../../arm-elf/lib/thumb/interwork/libm.a(sf_scalbn.o)
 .data          0x40000778        0x0 /usr/local/arm7/bin/../lib/gcc/arm-elf/4.1.1/../../../../arm-elf/lib/thumb/interwork/libm.a(s_copysign.o)
 .data          0x40000778        0x0 /usr/local/arm7/bin/../lib/gcc/arm-elf/4.1.1/../../../../arm-elf/lib/thumb/interwork/libm.a(sf_copysign.o)
 .data          0x40000778        0x0 /usr/local/arm7/bin/../lib/gcc/arm-elf/4.1.1/thumb/interwork/libgcc.a(_truncdfsf2.o)
 .data          0x40000778        0x0 /usr/local/arm7/bin/../lib/gcc/arm-elf/4.1.1/../../../../arm-elf/lib/thumb/interwork/libg.a(errno.o)
 .data          0x40000778      0x404 /usr/local/arm7/bin/../lib/gcc/arm-elf/4.1.1/../../../../arm-elf/lib/thumb/interwork/libg.a(impure.o)
                0x40000778                _impure_ptr
 *(.data.*)
 *(.gnu.linkonce.d*)
                0x40000b7c                . = ALIGN (0x4)

.igot.plt       0x40000b7c        0x0 load address 0x00013880
 .igot.plt      0x00000000        0x0 Common_WinARM/src/Startup.o
                0x40000b7c                . = ALIGN (0x4)
                0x40000b7c                _edata = .
                0x40000b7c                PROVIDE (edata, .)

.bss            0x40000b7c     0x1c14 load address 0x00013880
                0x40000b7c                __bss_start = .
                0x40000b7c                __bss_start__ = .
 *(.bss)
 .bss           0x40000b7c        0x0 Common_WinARM/src/Startup.o
 .bss           0x40000b7c        0x0 Common_WinARM/src/swi_handler.o
 .bss           0x40000b7c       0x18 LL_HL_comm.o
                0x40000b7c                SSP_ack
                0x40000b7e                wpCtrlWpCmd
                0x40000b7f                wpCtrlWpCmdUpdated
                0x40000b80                wpCtrlAckTrigger
                0x40000b82                wpCtrlNavStatus
                0x40000b84                wpCtrlDistToWp
 .bss           0x40000b94        0x0 mymath.o
 .bss           0x40000b94        0x4 gpsmath.o
                0x40000b94                gpsDataOkTrigger
 .bss           0x40000b98      0x24c sdk.o
                0x40000b98                allDataBuffer
                0x40000c98                receivedViconData
                0x40000cc0                sendDebugData
                0x40000d00                receiveDebugData
                0x40000d40                sendParamDebug
                0x40000d64                receiveParamDebug
                0x40000d88                pack_id
                0x40000d8c                vicon_count
                0x40000d90                vicon_tp
                0x40000d94                receive_valid_data_flag
                0x40000d98                my_state
 .bss           0x40000de4       0x10 MyProtocol.o
 .bss           0x40000df4        0x0 pid.o
 .bss           0x40000df4       0x14 position_controller.o
 .bss           0x40000e08       0x14 buzzer.o
 .bss           0x40000e1c       0x24 main.o
                0x40000e1c                int_cnt
                0x40000e20                cnt
                0x40000e24                mainloop_cnt
                0x40000e28                mainloop_trigger
                0x40000e2c                GPS_timeout
                0x40000e30                trigger_cnt
                0x40000e34                SYSTEM_initialized
 .bss           0x40000e40        0x0 hardware.o
 .bss           0x40000e40        0x0 LPC2k_ee.o
 .bss           0x40000e40        0x0 system.o
 .bss           0x40000e40      0x32c uart.o
                0x40000e40                data_requested
                0x40000e41                chksum_to_check
                0x40000e42                transmission_running
                0x40000e43                transmission1_running
                0x40000e44                trigger_transmission
                0x40000e45                baudrate1_change
                0x40000e46                UART_syncstate
                0x40000e47                UART1_syncstate
                0x40000e48                UART_rxcount
                0x40000e4c                UART1_rxcount
                0x40000e50                UART_CalibDoneFlag
 .bss           0x4000116c        0x4 syscalls.o
 .bss           0x40001170       0x14 i2c.o
                0x40001170                I2CMasterState
                0x40001174                I2CSlaveState
                0x40001178                I2CCount
                0x4000117c                RdIndex
                0x40001180                WrIndex
 .bss           0x40001184        0x0 Common_WinARM/src/irq.o
 .bss           0x40001184        0x8 adc.o
                0x40001184                ADC0IntDone
                0x40001188                ADC1IntDone
 .bss           0x4000118c        0x4 ssp.o
                0x4000118c                SSP_trans_cnt
 .bss           0x40001190        0x8 pelican_ptu.o
 .bss           0x40001198        0x0 /usr/local/arm7/bin/../lib/gcc/arm-elf/4.1.1/../../../../arm-elf/lib/thumb/interwork/libc.a(memcpy.o)
 .bss           0x40001198        0x0 /usr/local/arm7/bin/../lib/gcc/arm-elf/4.1.1/../../../../arm-elf/lib/thumb/interwork/libc.a(memset.o)
 .bss           0x40001198        0x0 /usr/local/arm7/bin/../lib/gcc/arm-elf/4.1.1/thumb/interwork/libgcc.a(_udivsi3.o)
 .bss           0x40001198        0x0 /usr/local/arm7/bin/../lib/gcc/arm-elf/4.1.1/thumb/interwork/libgcc.a(_divsi3.o)
 .bss           0x40001198        0x0 /usr/local/arm7/bin/../lib/gcc/arm-elf/4.1.1/thumb/interwork/libgcc.a(_dvmd_tls.o)
 .bss           0x40001198        0x0 /usr/local/arm7/bin/../lib/gcc/arm-elf/4.1.1/thumb/interwork/libgcc.a(_addsubdf3.o)
 .bss           0x40001198        0x0 /usr/local/arm7/bin/../lib/gcc/arm-elf/4.1.1/thumb/interwork/libgcc.a(_muldivdf3.o)
 .bss           0x40001198        0x0 /usr/local/arm7/bin/../lib/gcc/arm-elf/4.1.1/thumb/interwork/libgcc.a(_cmpdf2.o)
 .bss           0x40001198        0x0 /usr/local/arm7/bin/../lib/gcc/arm-elf/4.1.1/thumb/interwork/libgcc.a(_fixdfsi.o)
 .bss           0x40001198        0x0 /usr/local/arm7/bin/../lib/gcc/arm-elf/4.1.1/thumb/interwork/libgcc.a(_addsubsf3.o)
 .bss           0x40001198        0x0 /usr/local/arm7/bin/../lib/gcc/arm-elf/4.1.1/thumb/interwork/libgcc.a(_muldivsf3.o)
 .bss           0x40001198        0x0 /usr/local/arm7/bin/../lib/gcc/arm-elf/4.1.1/thumb/interwork/libgcc.a(_cmpsf2.o)
 .bss           0x40001198        0x0 /usr/local/arm7/bin/../lib/gcc/arm-elf/4.1.1/thumb/interwork/libgcc.a(_fixsfsi.o)
 .bss           0x40001198      0xcc4 .//libdeclination.a(declination.o)
                0x40001198                estimatedDeclination
                0x4000119c                estimatedInclination
                0x400011a0                declinationAvailable
 .bss           0x40001e5c       0x28 .//libublox.a(ublox.o)
                0x40001e5c                urTimeCnt
                0x40001e60                GPS_raw_data_size
                0x40001e64                urAckReceived
                0x40001e65                urAckClass
                0x40001e66                urAckId
                0x40001e67                urConfigMessageReceived
                0x40001e68                urVersionCheck
                0x40001e6a                urMsgCnt
                0x40001e6c                ubloxVersion
 .bss           0x40001e84        0x0 /usr/local/arm7/bin/../lib/gcc/arm-elf/4.1.1/../../../../arm-elf/lib/thumb/interwork/libm.a(s_cos.o)
 .bss           0x40001e84        0x0 /usr/local/arm7/bin/../lib/gcc/arm-elf/4.1.1/../../../../arm-elf/lib/thumb/interwork/libm.a(s_sin.o)
 .bss           0x40001e84        0x0 /usr/local/arm7/bin/../lib/gcc/arm-elf/4.1.1/../../../../arm-elf/lib/thumb/interwork/libm.a(sf_cos.o)
 .bss           0x40001e84        0x0 /usr/local/arm7/bin/../lib/gcc/arm-elf/4.1.1/../../../../arm-elf/lib/thumb/interwork/libm.a(sf_sin.o)
 .bss           0x40001e84        0x0 /usr/local/arm7/bin/../lib/gcc/arm-elf/4.1.1/../../../../arm-elf/lib/thumb/interwork/libm.a(w_atan2.o)
 .bss           0x40001e84        0x0 /usr/local/arm7/bin/../lib/gcc/arm-elf/4.1.1/../../../../arm-elf/lib/thumb/interwork/libm.a(w_sqrt.o)
 .bss           0x40001e84        0x0 /usr/local/arm7/bin/../lib/gcc/arm-elf/4.1.1/../../../../arm-elf/lib/thumb/interwork/libm.a(e_atan2.o)
 .bss           0x40001e84        0x0 /usr/local/arm7/bin/../lib/gcc/arm-elf/4.1.1/../../../../arm-elf/lib/thumb/interwork/libm.a(e_rem_pio2.o)
 .bss           0x40001e84        0x0 /usr/local/arm7/bin/../lib/gcc/arm-elf/4.1.1/../../../../arm-elf/lib/thumb/interwork/libm.a(e_sqrt.o)
 .bss           0x40001e84        0x0 /usr/local/arm7/bin/../lib/gcc/arm-elf/4.1.1/../../../../arm-elf/lib/thumb/interwork/libm.a(ef_rem_pio2.o)
 .bss           0x40001e84        0x0 /usr/local/arm7/bin/../lib/gcc/arm-elf/4.1.1/../../../../arm-elf/lib/thumb/interwork/libm.a(k_cos.o)
 .bss           0x40001e84        0x0 /usr/local/arm7/bin/../lib/gcc/arm-elf/4.1.1/../../../../arm-elf/lib/thumb/interwork/libm.a(k_rem_pio2.o)
 .bss           0x40001e84        0x0 /usr/local/arm7/bin/../lib/gcc/arm-elf/4.1.1/../../../../arm-elf/lib/thumb/interwork/libm.a(k_sin.o)
 .bss           0x40001e84        0x0 /usr/local/arm7/bin/../lib/gcc/arm-elf/4.1.1/../../../../arm-elf/lib/thumb/interwork/libm.a(kf_cos.o)
 .bss           0x40001e84        0x0 /usr/local/arm7/bin/../lib/gcc/arm-elf/4.1.1/../../../../arm-elf/lib/thumb/interwork/libm.a(kf_rem_pio2.o)
 .bss           0x40001e84        0x0 /usr/local/arm7/bin/../lib/gcc/arm-elf/4.1.1/../../../../arm-elf/lib/thumb/interwork/libm.a(kf_sin.o)
 .bss           0x40001e84        0x0 /usr/local/arm7/bin/../lib/gcc/arm-elf/4.1.1/../../../../arm-elf/lib/thumb/interwork/libm.a(s_atan.o)
 .bss           0x40001e84        0x0 /usr/local/arm7/bin/../lib/gcc/arm-elf/4.1.1/../../../../arm-elf/lib/thumb/interwork/libm.a(s_fabs.o)
 .bss           0x40001e84        0x0 /usr/local/arm7/bin/../lib/gcc/arm-elf/4.1.1/../../../../arm-elf/lib/thumb/interwork/libm.a(s_floor.o)
 .bss           0x40001e84        0x0 /usr/local/arm7/bin/../lib/gcc/arm-elf/4.1.1/../../../../arm-elf/lib/thumb/interwork/libm.a(s_isnan.o)
 .bss           0x40001e84        0x0 /usr/local/arm7/bin/../lib/gcc/arm-elf/4.1.1/../../../../arm-elf/lib/thumb/interwork/libm.a(s_lib_ver.o)
 .bss           0x40001e84        0x0 /usr/local/arm7/bin/../lib/gcc/arm-elf/4.1.1/../../../../arm-elf/lib/thumb/interwork/libm.a(s_matherr.o)
 .bss           0x40001e84        0x0 /usr/local/arm7/bin/../lib/gcc/arm-elf/4.1.1/../../../../arm-elf/lib/thumb/interwork/libm.a(s_scalbn.o)
 .bss           0x40001e84        0x0 /usr/local/arm7/bin/../lib/gcc/arm-elf/4.1.1/../../../../arm-elf/lib/thumb/interwork/libm.a(sf_fabs.o)
 .bss           0x40001e84        0x0 /usr/local/arm7/bin/../lib/gcc/arm-elf/4.1.1/../../../../arm-elf/lib/thumb/interwork/libm.a(sf_floor.o)
 .bss           0x40001e84        0x0 /usr/local/arm7/bin/../lib/gcc/arm-elf/4.1.1/../../../../arm-elf/lib/thumb/interwork/libm.a(sf_scalbn.o)
 .bss           0x40001e84        0x0 /usr/local/arm7/bin/../lib/gcc/arm-elf/4.1.1/../../../../arm-elf/lib/thumb/interwork/libm.a(s_copysign.o)
 .bss           0x40001e84        0x0 /usr/local/arm7/bin/../lib/gcc/arm-elf/4.1.1/../../../../arm-elf/lib/thumb/interwork/libm.a(sf_copysign.o)
 .bss           0x40001e84        0x0 /usr/local/arm7/bin/../lib/gcc/arm-elf/4.1.1/thumb/interwork/libgcc.a(_truncdfsf2.o)
 .bss           0x40001e84        0x0 /usr/local/arm7/bin/../lib/gcc/arm-elf/4.1.1/../../../../arm-elf/lib/thumb/interwork/libg.a(errno.o)
 .bss           0x40001e84        0x0 /usr/local/arm7/bin/../lib/gcc/arm-elf/4.1.1/../../../../arm-elf/lib/thumb/interwork/libg.a(impure.o)
 *(.gnu.linkonce.b*)
 *(COMMON)
 COMMON         0x40001e84       0xb0 LL_HL_comm.o
                0x40001e84                LL_1khz_attitude_data
                0x40001ee0                LL_1khz_control_input
                0x40001f18                wpToLL
 COMMON         0x40001f34       0x58 gpsmath.o
                0x40001f34                GPS_Data
                0x40001f60                gps_data_temp
 COMMON         0x40001f8c       0xc4 sdk.o
                0x40001f8c                WO_CTRL_Input
                0x40001f98                WO_Direct_Motor_Control
                0x40001f9c                calc_thrust
                0x40001fa0                WO_Direct_Individual_Motor_Control
                0x40001fa8                WO_SDK
                0x40001fac                calc_roll
                0x40001fb0                RO_RC_Data
                0x40001fc0                calc_pitch
                0x40001fc4                RO_ALL_Data
 COMMON         0x40002050       0xdc main.o
                0x40002050                GPS_Time
                0x40002058                IMU_CalcData
                0x400020b4                HL_Status
                0x400020cc                uart_cnt
                0x400020d0                IMU_CalcData_tmp
 COMMON         0x4000212c        0x4 LPC2k_ee.o
                0x4000212c                iap_entry
 COMMON         0x40002130      0x120 uart.o
                0x40002130                UART_rxptr
                0x40002134                send_buffer
                0x40002144                current_chksum
                0x40002146                packets
                0x40002148                tx_buff
                0x4000214c                my_buffer
                0x4000224c                UART1_rxptr
 COMMON         0x40002250       0x50 i2c.o
                0x40002250                I2CReadLength
                0x40002254                I2CSlaveBuffer
                0x40002274                I2CMode
                0x40002278                I2CMasterBuffer
                0x40002298                I2CCmd
                0x4000229c                I2CWriteLength
 COMMON         0x400022a0       0x60 adc.o
                0x400022a0                ADC0Value
                0x400022c0                ADC1Value
                0x400022e0                adcChannelValues
 COMMON         0x40002300      0x10c ssp.o
                0x40002300                CurrentRxIndex
                0x40002304                SPIWR_num_bytes
                0x40002308                CurrentTxIndex
                0x4000230c                SPIWRData
                0x4000238c                SPIRDData
 COMMON         0x4000240c       0x2c pelican_ptu.o
                0x4000240c                CAMERA_Commands
                0x40002418                CAMERA_ptu
 COMMON         0x40002438      0x356 .//libublox.a(ublox.o)
                0x40002438                GPS_RawBuffer
                0x400025b8                urRecData
                0x400026b8                satInfo
                0x40002778                urConfigCnt
                0x4000277c                urCfgIdList
                0x40002780                gpsHardwareStatus
                0x40002790                . = ALIGN (0x4)
 *fill*         0x4000278e        0x2 00
                0x40002790                . = ALIGN (0x4)
                0x40002790                __bss_end__ = .
                0x40002790                PROVIDE (__bss_end, .)

.stack          0x40002800     0x1980
 *(.stack)
 .stack         0x40002800     0x1980 Common_WinARM/src/Startup.o
                0x40004180                PROVIDE (_stack, .)
                0x40004180                . = ALIGN (0x4)
                0x40004180                _end = .
                0x40004180                PROVIDE (end, .)

.stab           0x00000000     0x933c
 *(.stab)
 .stab          0x00000000      0x57c Common_WinARM/src/Startup.o
 .stab          0x0000057c      0x3a8 Common_WinARM/src/swi_handler.o
                                0x3b4 (size before relaxing)
 .stab          0x00000924      0xd98 LL_HL_comm.o
                                0xda4 (size before relaxing)
 .stab          0x000016bc       0xd8 mymath.o
                                 0xe4 (size before relaxing)
 .stab          0x00001794      0x1f8 gpsmath.o
                                0x228 (size before relaxing)
 .stab          0x0000198c     0x10a4 sdk.o
                               0x114c (size before relaxing)
 .stab          0x00002a30      0x7bc MyProtocol.o
                                0x954 (size before relaxing)
 .stab          0x000031ec      0x738 pid.o
                                0x780 (size before relaxing)
 .stab          0x00003924      0x63c position_controller.o
                                0x768 (size before relaxing)
 .stab          0x00003f60      0x7a4 buzzer.o
                                0x828 (size before relaxing)
 .stab          0x00004704      0x954 main.o
                                0xcf0 (size before relaxing)
 .stab          0x00005058      0x1d4 hardware.o
                                0x498 (size before relaxing)
 .stab          0x0000522c      0x7b0 LPC2k_ee.o
                                0x7bc (size before relaxing)
 .stab          0x000059dc      0x744 system.o
                                0xa08 (size before relaxing)
 .stab          0x00006120     0x11c4 uart.o
                               0x1578 (size before relaxing)
 .stab          0x000072e4      0x858 syscalls.o
                                0xac8 (size before relaxing)
 .stab          0x00007b3c      0x6d8 i2c.o
                                0x720 (size before relaxing)
 .stab          0x00008214      0x408 Common_WinARM/src/irq.o
                                0x414 (size before relaxing)
 .stab          0x0000861c      0x48c adc.o
                                0x4d4 (size before relaxing)
 .stab          0x00008aa8      0x498 ssp.o
                                0x594 (size before relaxing)
 .stab          0x00008f40      0x3fc pelican_ptu.o
                                0x45c (size before relaxing)

.stabstr        0x00000000     0x9cf6
 *(.stabstr)
 .stabstr       0x00000000     0x9cf6 Common_WinARM/src/Startup.o

.stab.excl
 *(.stab.excl)

.stab.exclstr
 *(.stab.exclstr)

.stab.index
 *(.stab.index)

.stab.indexstr
 *(.stab.indexstr)

.comment        0x00000000       0x47
 *(.comment)
 .comment       0x00000000       0x11 LL_HL_comm.o
                                 0x12 (size before relaxing)
 .comment       0x00000000       0x12 mymath.o
 .comment       0x00000000       0x12 gpsmath.o
 .comment       0x00000000       0x12 sdk.o
 .comment       0x00000000       0x12 MyProtocol.o
 .comment       0x00000000       0x12 pid.o
 .comment       0x00000000       0x12 position_controller.o
 .comment       0x00000000       0x12 buzzer.o
 .comment       0x00000000       0x12 main.o
 .comment       0x00000000       0x12 hardware.o
 .comment       0x00000000       0x12 LPC2k_ee.o
 .comment       0x00000000       0x12 system.o
 .comment       0x00000000       0x12 uart.o
 .comment       0x00000000       0x12 syscalls.o
 .comment       0x00000000       0x12 i2c.o
 .comment       0x00000000       0x12 Common_WinARM/src/irq.o
 .comment       0x00000000       0x12 adc.o
 .comment       0x00000000       0x12 ssp.o
 .comment       0x00000000       0x12 pelican_ptu.o
 .comment       0x00000000       0x12 /usr/local/arm7/bin/../lib/gcc/arm-elf/4.1.1/../../../../arm-elf/lib/thumb/interwork/libc.a(memcpy.o)
 .comment       0x00000000       0x12 /usr/local/arm7/bin/../lib/gcc/arm-elf/4.1.1/../../../../arm-elf/lib/thumb/interwork/libc.a(memset.o)
 .comment       0x00000011       0x1b .//libdeclination.a(declination.o)
 .comment       0x0000002c       0x1b .//libublox.a(ublox.o)
 .comment       0x00000000       0x12 /usr/local/arm7/bin/../lib/gcc/arm-elf/4.1.1/../../../../arm-elf/lib/thumb/interwork/libm.a(s_cos.o)
 .comment       0x00000000       0x12 /usr/local/arm7/bin/../lib/gcc/arm-elf/4.1.1/../../../../arm-elf/lib/thumb/interwork/libm.a(s_sin.o)
 .comment       0x00000000       0x12 /usr/local/arm7/bin/../lib/gcc/arm-elf/4.1.1/../../../../arm-elf/lib/thumb/interwork/libm.a(sf_cos.o)
 .comment       0x00000000       0x12 /usr/local/arm7/bin/../lib/gcc/arm-elf/4.1.1/../../../../arm-elf/lib/thumb/interwork/libm.a(sf_sin.o)
 .comment       0x00000000       0x12 /usr/local/arm7/bin/../lib/gcc/arm-elf/4.1.1/../../../../arm-elf/lib/thumb/interwork/libm.a(w_atan2.o)
 .comment       0x00000000       0x12 /usr/local/arm7/bin/../lib/gcc/arm-elf/4.1.1/../../../../arm-elf/lib/thumb/interwork/libm.a(w_sqrt.o)
 .comment       0x00000000       0x12 /usr/local/arm7/bin/../lib/gcc/arm-elf/4.1.1/../../../../arm-elf/lib/thumb/interwork/libm.a(e_atan2.o)
 .comment       0x00000000       0x12 /usr/local/arm7/bin/../lib/gcc/arm-elf/4.1.1/../../../../arm-elf/lib/thumb/interwork/libm.a(e_rem_pio2.o)
 .comment       0x00000000       0x12 /usr/local/arm7/bin/../lib/gcc/arm-elf/4.1.1/../../../../arm-elf/lib/thumb/interwork/libm.a(e_sqrt.o)
 .comment       0x00000000       0x12 /usr/local/arm7/bin/../lib/gcc/arm-elf/4.1.1/../../../../arm-elf/lib/thumb/interwork/libm.a(ef_rem_pio2.o)
 .comment       0x00000000       0x12 /usr/local/arm7/bin/../lib/gcc/arm-elf/4.1.1/../../../../arm-elf/lib/thumb/interwork/libm.a(k_cos.o)
 .comment       0x00000000       0x12 /usr/local/arm7/bin/../lib/gcc/arm-elf/4.1.1/../../../../arm-elf/lib/thumb/interwork/libm.a(k_rem_pio2.o)
 .comment       0x00000000       0x12 /usr/local/arm7/bin/../lib/gcc/arm-elf/4.1.1/../../../../arm-elf/lib/thumb/interwork/libm.a(k_sin.o)
 .comment       0x00000000       0x12 /usr/local/arm7/bin/../lib/gcc/arm-elf/4.1.1/../../../../arm-elf/lib/thumb/interwork/libm.a(kf_cos.o)
 .comment       0x00000000       0x12 /usr/local/arm7/bin/../lib/gcc/arm-elf/4.1.1/../../../../arm-elf/lib/thumb/interwork/libm.a(kf_rem_pio2.o)
 .comment       0x00000000       0x12 /usr/local/arm7/bin/../lib/gcc/arm-elf/4.1.1/../../../../arm-elf/lib/thumb/interwork/libm.a(kf_sin.o)
 .comment       0x00000000       0x12 /usr/local/arm7/bin/../lib/gcc/arm-elf/4.1.1/../../../../arm-elf/lib/thumb/interwork/libm.a(s_atan.o)
 .comment       0x00000000       0x12 /usr/local/arm7/bin/../lib/gcc/arm-elf/4.1.1/../../../../arm-elf/lib/thumb/interwork/libm.a(s_fabs.o)
 .comment       0x00000000       0x12 /usr/local/arm7/bin/../lib/gcc/arm-elf/4.1.1/../../../../arm-elf/lib/thumb/interwork/libm.a(s_floor.o)
 .comment       0x00000000       0x12 /usr/local/arm7/bin/../lib/gcc/arm-elf/4.1.1/../../../../arm-elf/lib/thumb/interwork/libm.a(s_isnan.o)
 .comment       0x00000000       0x12 /usr/local/arm7/bin/../lib/gcc/arm-elf/4.1.1/../../../../arm-elf/lib/thumb/interwork/libm.a(s_lib_ver.o)
 .comment       0x00000000       0x12 /usr/local/arm7/bin/../lib/gcc/arm-elf/4.1.1/../../../../arm-elf/lib/thumb/interwork/libm.a(s_matherr.o)
 .comment       0x00000000       0x12 /usr/local/arm7/bin/../lib/gcc/arm-elf/4.1.1/../../../../arm-elf/lib/thumb/interwork/libm.a(s_scalbn.o)
 .comment       0x00000000       0x12 /usr/local/arm7/bin/../lib/gcc/arm-elf/4.1.1/../../../../arm-elf/lib/thumb/interwork/libm.a(sf_fabs.o)
 .comment       0x00000000       0x12 /usr/local/arm7/bin/../lib/gcc/arm-elf/4.1.1/../../../../arm-elf/lib/thumb/interwork/libm.a(sf_floor.o)
 .comment       0x00000000       0x12 /usr/local/arm7/bin/../lib/gcc/arm-elf/4.1.1/../../../../arm-elf/lib/thumb/interwork/libm.a(sf_scalbn.o)
 .comment       0x00000000       0x12 /usr/local/arm7/bin/../lib/gcc/arm-elf/4.1.1/../../../../arm-elf/lib/thumb/interwork/libm.a(s_copysign.o)
 .comment       0x00000000       0x12 /usr/local/arm7/bin/../lib/gcc/arm-elf/4.1.1/../../../../arm-elf/lib/thumb/interwork/libm.a(sf_copysign.o)
 .comment       0x00000000       0x12 /usr/local/arm7/bin/../lib/gcc/arm-elf/4.1.1/../../../../arm-elf/lib/thumb/interwork/libg.a(errno.o)
 .comment       0x00000000       0x12 /usr/local/arm7/bin/../lib/gcc/arm-elf/4.1.1/../../../../arm-elf/lib/thumb/interwork/libg.a(impure.o)

.ARM.attributes
                0x00000000       0x10
 .ARM.attributes
                0x00000000       0x10 Common_WinARM/src/Startup.o
 .ARM.attributes
                0x00000010       0x10 Common_WinARM/src/swi_handler.o
 .ARM.attributes
                0x00000020       0x10 LL_HL_comm.o
 .ARM.attributes
                0x00000030       0x10 mymath.o
 .ARM.attributes
                0x00000040       0x10 gpsmath.o
 .ARM.attributes
                0x00000050       0x10 sdk.o
 .ARM.attributes
                0x00000060       0x10 MyProtocol.o
 .ARM.attributes
                0x00000070       0x10 pid.o
 .ARM.attributes
                0x00000080       0x10 position_controller.o
 .ARM.attributes
                0x00000090       0x10 buzzer.o
 .ARM.attributes
                0x000000a0       0x10 main.o
 .ARM.attributes
                0x000000b0       0x10 hardware.o
 .ARM.attributes
                0x000000c0       0x10 LPC2k_ee.o
 .ARM.attributes
                0x000000d0       0x10 system.o
 .ARM.attributes
                0x000000e0       0x10 uart.o
 .ARM.attributes
                0x000000f0       0x10 syscalls.o
 .ARM.attributes
                0x00000100       0x10 i2c.o
 .ARM.attributes
                0x00000110       0x10 Common_WinARM/src/irq.o
 .ARM.attributes
                0x00000120       0x10 adc.o
 .ARM.attributes
                0x00000130       0x10 ssp.o
 .ARM.attributes
                0x00000140       0x10 pelican_ptu.o
 .ARM.attributes
                0x00000150       0x10 /usr/local/arm7/bin/../lib/gcc/arm-elf/4.1.1/../../../../arm-elf/lib/thumb/interwork/libc.a(memcpy.o)
 .ARM.attributes
                0x00000160       0x10 /usr/local/arm7/bin/../lib/gcc/arm-elf/4.1.1/../../../../arm-elf/lib/thumb/interwork/libc.a(memset.o)
 .ARM.attributes
                0x00000170       0x10 /usr/local/arm7/bin/../lib/gcc/arm-elf/4.1.1/thumb/interwork/libgcc.a(_udivsi3.o)
 .ARM.attributes
                0x00000180       0x10 /usr/local/arm7/bin/../lib/gcc/arm-elf/4.1.1/thumb/interwork/libgcc.a(_divsi3.o)
 .ARM.attributes
                0x00000190       0x10 /usr/local/arm7/bin/../lib/gcc/arm-elf/4.1.1/thumb/interwork/libgcc.a(_dvmd_tls.o)
 .ARM.attributes
                0x000001a0       0x10 /usr/local/arm7/bin/../lib/gcc/arm-elf/4.1.1/thumb/interwork/libgcc.a(_addsubdf3.o)
 .ARM.attributes
                0x000001b0       0x10 /usr/local/arm7/bin/../lib/gcc/arm-elf/4.1.1/thumb/interwork/libgcc.a(_muldivdf3.o)
 .ARM.attributes
                0x000001c0       0x10 /usr/local/arm7/bin/../lib/gcc/arm-elf/4.1.1/thumb/interwork/libgcc.a(_cmpdf2.o)
 .ARM.attributes
                0x000001d0       0x10 /usr/local/arm7/bin/../lib/gcc/arm-elf/4.1.1/thumb/interwork/libgcc.a(_fixdfsi.o)
 .ARM.attributes
                0x000001e0       0x10 /usr/local/arm7/bin/../lib/gcc/arm-elf/4.1.1/thumb/interwork/libgcc.a(_addsubsf3.o)
 .ARM.attributes
                0x000001f0       0x10 /usr/local/arm7/bin/../lib/gcc/arm-elf/4.1.1/thumb/interwork/libgcc.a(_muldivsf3.o)
 .ARM.attributes
                0x00000200       0x10 /usr/local/arm7/bin/../lib/gcc/arm-elf/4.1.1/thumb/interwork/libgcc.a(_cmpsf2.o)
 .ARM.attributes
                0x00000210       0x10 /usr/local/arm7/bin/../lib/gcc/arm-elf/4.1.1/thumb/interwork/libgcc.a(_fixsfsi.o)
 .ARM.attributes
                0x00000220       0x10 /usr/local/arm7/bin/../lib/gcc/arm-elf/4.1.1/../../../../arm-elf/lib/thumb/interwork/libm.a(s_cos.o)
 .ARM.attributes
                0x00000230       0x10 /usr/local/arm7/bin/../lib/gcc/arm-elf/4.1.1/../../../../arm-elf/lib/thumb/interwork/libm.a(s_sin.o)
 .ARM.attributes
                0x00000240       0x10 /usr/local/arm7/bin/../lib/gcc/arm-elf/4.1.1/../../../../arm-elf/lib/thumb/interwork/libm.a(sf_cos.o)
 .ARM.attributes
                0x00000250       0x10 /usr/local/arm7/bin/../lib/gcc/arm-elf/4.1.1/../../../../arm-elf/lib/thumb/interwork/libm.a(sf_sin.o)
 .ARM.attributes
                0x00000260       0x10 /usr/local/arm7/bin/../lib/gcc/arm-elf/4.1.1/../../../../arm-elf/lib/thumb/interwork/libm.a(w_atan2.o)
 .ARM.attributes
                0x00000270       0x10 /usr/local/arm7/bin/../lib/gcc/arm-elf/4.1.1/../../../../arm-elf/lib/thumb/interwork/libm.a(w_sqrt.o)
 .ARM.attributes
                0x00000280       0x10 /usr/local/arm7/bin/../lib/gcc/arm-elf/4.1.1/../../../../arm-elf/lib/thumb/interwork/libm.a(e_atan2.o)
 .ARM.attributes
                0x00000290       0x10 /usr/local/arm7/bin/../lib/gcc/arm-elf/4.1.1/../../../../arm-elf/lib/thumb/interwork/libm.a(e_rem_pio2.o)
 .ARM.attributes
                0x000002a0       0x10 /usr/local/arm7/bin/../lib/gcc/arm-elf/4.1.1/../../../../arm-elf/lib/thumb/interwork/libm.a(e_sqrt.o)
 .ARM.attributes
                0x000002b0       0x10 /usr/local/arm7/bin/../lib/gcc/arm-elf/4.1.1/../../../../arm-elf/lib/thumb/interwork/libm.a(ef_rem_pio2.o)
 .ARM.attributes
                0x000002c0       0x10 /usr/local/arm7/bin/../lib/gcc/arm-elf/4.1.1/../../../../arm-elf/lib/thumb/interwork/libm.a(k_cos.o)
 .ARM.attributes
                0x000002d0       0x10 /usr/local/arm7/bin/../lib/gcc/arm-elf/4.1.1/../../../../arm-elf/lib/thumb/interwork/libm.a(k_rem_pio2.o)
 .ARM.attributes
                0x000002e0       0x10 /usr/local/arm7/bin/../lib/gcc/arm-elf/4.1.1/../../../../arm-elf/lib/thumb/interwork/libm.a(k_sin.o)
 .ARM.attributes
                0x000002f0       0x10 /usr/local/arm7/bin/../lib/gcc/arm-elf/4.1.1/../../../../arm-elf/lib/thumb/interwork/libm.a(kf_cos.o)
 .ARM.attributes
                0x00000300       0x10 /usr/local/arm7/bin/../lib/gcc/arm-elf/4.1.1/../../../../arm-elf/lib/thumb/interwork/libm.a(kf_rem_pio2.o)
 .ARM.attributes
                0x00000310       0x10 /usr/local/arm7/bin/../lib/gcc/arm-elf/4.1.1/../../../../arm-elf/lib/thumb/interwork/libm.a(kf_sin.o)
 .ARM.attributes
                0x00000320       0x10 /usr/local/arm7/bin/../lib/gcc/arm-elf/4.1.1/../../../../arm-elf/lib/thumb/interwork/libm.a(s_atan.o)
 .ARM.attributes
                0x00000330       0x10 /usr/local/arm7/bin/../lib/gcc/arm-elf/4.1.1/../../../../arm-elf/lib/thumb/interwork/libm.a(s_fabs.o)
 .ARM.attributes
                0x00000340       0x10 /usr/local/arm7/bin/../lib/gcc/arm-elf/4.1.1/../../../../arm-elf/lib/thumb/interwork/libm.a(s_floor.o)
 .ARM.attributes
                0x00000350       0x10 /usr/local/arm7/bin/../lib/gcc/arm-elf/4.1.1/../../../../arm-elf/lib/thumb/interwork/libm.a(s_isnan.o)
 .ARM.attributes
                0x00000360       0x10 /usr/local/arm7/bin/../lib/gcc/arm-elf/4.1.1/../../../../arm-elf/lib/thumb/interwork/libm.a(s_lib_ver.o)
 .ARM.attributes
                0x00000370       0x10 /usr/local/arm7/bin/../lib/gcc/arm-elf/4.1.1/../../../../arm-elf/lib/thumb/interwork/libm.a(s_matherr.o)
 .ARM.attributes
                0x00000380       0x10 /usr/local/arm7/bin/../lib/gcc/arm-elf/4.1.1/../../../../arm-elf/lib/thumb/interwork/libm.a(s_scalbn.o)
 .ARM.attributes
                0x00000390       0x10 /usr/local/arm7/bin/../lib/gcc/arm-elf/4.1.1/../../../../arm-elf/lib/thumb/interwork/libm.a(sf_fabs.o)
 .ARM.attributes
                0x000003a0       0x10 /usr/local/arm7/bin/../lib/gcc/arm-elf/4.1.1/../../../../arm-elf/lib/thumb/interwork/libm.a(sf_floor.o)
 .ARM.attributes
                0x000003b0       0x10 /usr/local/arm7/bin/../lib/gcc/arm-elf/4.1.1/../../../../arm-elf/lib/thumb/interwork/libm.a(sf_scalbn.o)
 .ARM.attributes
                0x000003c0       0x10 /usr/local/arm7/bin/../lib/gcc/arm-elf/4.1.1/../../../../arm-elf/lib/thumb/interwork/libm.a(s_copysign.o)
 .ARM.attributes
                0x000003d0       0x10 /usr/local/arm7/bin/../lib/gcc/arm-elf/4.1.1/../../../../arm-elf/lib/thumb/interwork/libm.a(sf_copysign.o)
 .ARM.attributes
                0x000003e0       0x10 /usr/local/arm7/bin/../lib/gcc/arm-elf/4.1.1/thumb/interwork/libgcc.a(_truncdfsf2.o)
 .ARM.attributes
                0x000003f0       0x10 /usr/local/arm7/bin/../lib/gcc/arm-elf/4.1.1/../../../../arm-elf/lib/thumb/interwork/libg.a(errno.o)
 .ARM.attributes
                0x00000400       0x10 /usr/local/arm7/bin/../lib/gcc/arm-elf/4.1.1/../../../../arm-elf/lib/thumb/interwork/libg.a(impure.o)

.debug
 *(.debug)

.line
 *(.line)

.debug_srcinfo
 *(.debug_srcinfo)

.debug_sfnames
 *(.debug_sfnames)

.debug_aranges  0x00000000      0x3c0
 *(.debug_aranges)
 .debug_aranges
                0x00000000       0x20 /usr/local/arm7/bin/../lib/gcc/arm-elf/4.1.1/../../../../arm-elf/lib/thumb/interwork/libc.a(memcpy.o)
 .debug_aranges
                0x00000020       0x20 /usr/local/arm7/bin/../lib/gcc/arm-elf/4.1.1/../../../../arm-elf/lib/thumb/interwork/libc.a(memset.o)
 .debug_aranges
                0x00000040       0x20 /usr/local/arm7/bin/../lib/gcc/arm-elf/4.1.1/../../../../arm-elf/lib/thumb/interwork/libm.a(s_cos.o)
 .debug_aranges
                0x00000060       0x20 /usr/local/arm7/bin/../lib/gcc/arm-elf/4.1.1/../../../../arm-elf/lib/thumb/interwork/libm.a(s_sin.o)
 .debug_aranges
                0x00000080       0x20 /usr/local/arm7/bin/../lib/gcc/arm-elf/4.1.1/../../../../arm-elf/lib/thumb/interwork/libm.a(sf_cos.o)
 .debug_aranges
                0x000000a0       0x20 /usr/local/arm7/bin/../lib/gcc/arm-elf/4.1.1/../../../../arm-elf/lib/thumb/interwork/libm.a(sf_sin.o)
 .debug_aranges
                0x000000c0       0x20 /usr/local/arm7/bin/../lib/gcc/arm-elf/4.1.1/../../../../arm-elf/lib/thumb/interwork/libm.a(w_atan2.o)
 .debug_aranges
                0x000000e0       0x20 /usr/local/arm7/bin/../lib/gcc/arm-elf/4.1.1/../../../../arm-elf/lib/thumb/interwork/libm.a(w_sqrt.o)
 .debug_aranges
                0x00000100       0x20 /usr/local/arm7/bin/../lib/gcc/arm-elf/4.1.1/../../../../arm-elf/lib/thumb/interwork/libm.a(e_atan2.o)
 .debug_aranges
                0x00000120       0x20 /usr/local/arm7/bin/../lib/gcc/arm-elf/4.1.1/../../../../arm-elf/lib/thumb/interwork/libm.a(e_rem_pio2.o)
 .debug_aranges
                0x00000140       0x20 /usr/local/arm7/bin/../lib/gcc/arm-elf/4.1.1/../../../../arm-elf/lib/thumb/interwork/libm.a(e_sqrt.o)
 .debug_aranges
                0x00000160       0x20 /usr/local/arm7/bin/../lib/gcc/arm-elf/4.1.1/../../../../arm-elf/lib/thumb/interwork/libm.a(ef_rem_pio2.o)
 .debug_aranges
                0x00000180       0x20 /usr/local/arm7/bin/../lib/gcc/arm-elf/4.1.1/../../../../arm-elf/lib/thumb/interwork/libm.a(k_cos.o)
 .debug_aranges
                0x000001a0       0x20 /usr/local/arm7/bin/../lib/gcc/arm-elf/4.1.1/../../../../arm-elf/lib/thumb/interwork/libm.a(k_rem_pio2.o)
 .debug_aranges
                0x000001c0       0x20 /usr/local/arm7/bin/../lib/gcc/arm-elf/4.1.1/../../../../arm-elf/lib/thumb/interwork/libm.a(k_sin.o)
 .debug_aranges
                0x000001e0       0x20 /usr/local/arm7/bin/../lib/gcc/arm-elf/4.1.1/../../../../arm-elf/lib/thumb/interwork/libm.a(kf_cos.o)
 .debug_aranges
                0x00000200       0x20 /usr/local/arm7/bin/../lib/gcc/arm-elf/4.1.1/../../../../arm-elf/lib/thumb/interwork/libm.a(kf_rem_pio2.o)
 .debug_aranges
                0x00000220       0x20 /usr/local/arm7/bin/../lib/gcc/arm-elf/4.1.1/../../../../arm-elf/lib/thumb/interwork/libm.a(kf_sin.o)
 .debug_aranges
                0x00000240       0x20 /usr/local/arm7/bin/../lib/gcc/arm-elf/4.1.1/../../../../arm-elf/lib/thumb/interwork/libm.a(s_atan.o)
 .debug_aranges
                0x00000260       0x20 /usr/local/arm7/bin/../lib/gcc/arm-elf/4.1.1/../../../../arm-elf/lib/thumb/interwork/libm.a(s_fabs.o)
 .debug_aranges
                0x00000280       0x20 /usr/local/arm7/bin/../lib/gcc/arm-elf/4.1.1/../../../../arm-elf/lib/thumb/interwork/libm.a(s_floor.o)
 .debug_aranges
                0x000002a0       0x20 /usr/local/arm7/bin/../lib/gcc/arm-elf/4.1.1/../../../../arm-elf/lib/thumb/interwork/libm.a(s_isnan.o)
 .debug_aranges
                0x000002c0       0x20 /usr/local/arm7/bin/../lib/gcc/arm-elf/4.1.1/../../../../arm-elf/lib/thumb/interwork/libm.a(s_matherr.o)
 .debug_aranges
                0x000002e0       0x20 /usr/local/arm7/bin/../lib/gcc/arm-elf/4.1.1/../../../../arm-elf/lib/thumb/interwork/libm.a(s_scalbn.o)
 .debug_aranges
                0x00000300       0x20 /usr/local/arm7/bin/../lib/gcc/arm-elf/4.1.1/../../../../arm-elf/lib/thumb/interwork/libm.a(sf_fabs.o)
 .debug_aranges
                0x00000320       0x20 /usr/local/arm7/bin/../lib/gcc/arm-elf/4.1.1/../../../../arm-elf/lib/thumb/interwork/libm.a(sf_floor.o)
 .debug_aranges
                0x00000340       0x20 /usr/local/arm7/bin/../lib/gcc/arm-elf/4.1.1/../../../../arm-elf/lib/thumb/interwork/libm.a(sf_scalbn.o)
 .debug_aranges
                0x00000360       0x20 /usr/local/arm7/bin/../lib/gcc/arm-elf/4.1.1/../../../../arm-elf/lib/thumb/interwork/libm.a(s_copysign.o)
 .debug_aranges
                0x00000380       0x20 /usr/local/arm7/bin/../lib/gcc/arm-elf/4.1.1/../../../../arm-elf/lib/thumb/interwork/libm.a(sf_copysign.o)
 .debug_aranges
                0x000003a0       0x20 /usr/local/arm7/bin/../lib/gcc/arm-elf/4.1.1/../../../../arm-elf/lib/thumb/interwork/libg.a(errno.o)

.debug_pubnames
                0x00000000      0x414
 *(.debug_pubnames)
 .debug_pubnames
                0x00000000       0x1d /usr/local/arm7/bin/../lib/gcc/arm-elf/4.1.1/../../../../arm-elf/lib/thumb/interwork/libc.a(memcpy.o)
 .debug_pubnames
                0x0000001d       0x1d /usr/local/arm7/bin/../lib/gcc/arm-elf/4.1.1/../../../../arm-elf/lib/thumb/interwork/libc.a(memset.o)
 .debug_pubnames
                0x0000003a       0x1a /usr/local/arm7/bin/../lib/gcc/arm-elf/4.1.1/../../../../arm-elf/lib/thumb/interwork/libm.a(s_cos.o)
 .debug_pubnames
                0x00000054       0x1a /usr/local/arm7/bin/../lib/gcc/arm-elf/4.1.1/../../../../arm-elf/lib/thumb/interwork/libm.a(s_sin.o)
 .debug_pubnames
                0x0000006e       0x1b /usr/local/arm7/bin/../lib/gcc/arm-elf/4.1.1/../../../../arm-elf/lib/thumb/interwork/libm.a(sf_cos.o)
 .debug_pubnames
                0x00000089       0x1b /usr/local/arm7/bin/../lib/gcc/arm-elf/4.1.1/../../../../arm-elf/lib/thumb/interwork/libm.a(sf_sin.o)
 .debug_pubnames
                0x000000a4       0x1c /usr/local/arm7/bin/../lib/gcc/arm-elf/4.1.1/../../../../arm-elf/lib/thumb/interwork/libm.a(w_atan2.o)
 .debug_pubnames
                0x000000c0       0x1b /usr/local/arm7/bin/../lib/gcc/arm-elf/4.1.1/../../../../arm-elf/lib/thumb/interwork/libm.a(w_sqrt.o)
 .debug_pubnames
                0x000000db       0x26 /usr/local/arm7/bin/../lib/gcc/arm-elf/4.1.1/../../../../arm-elf/lib/thumb/interwork/libm.a(e_atan2.o)
 .debug_pubnames
                0x00000101       0x29 /usr/local/arm7/bin/../lib/gcc/arm-elf/4.1.1/../../../../arm-elf/lib/thumb/interwork/libm.a(e_rem_pio2.o)
 .debug_pubnames
                0x0000012a       0x25 /usr/local/arm7/bin/../lib/gcc/arm-elf/4.1.1/../../../../arm-elf/lib/thumb/interwork/libm.a(e_sqrt.o)
 .debug_pubnames
                0x0000014f       0x2a /usr/local/arm7/bin/../lib/gcc/arm-elf/4.1.1/../../../../arm-elf/lib/thumb/interwork/libm.a(ef_rem_pio2.o)
 .debug_pubnames
                0x00000179       0x23 /usr/local/arm7/bin/../lib/gcc/arm-elf/4.1.1/../../../../arm-elf/lib/thumb/interwork/libm.a(k_cos.o)
 .debug_pubnames
                0x0000019c       0x28 /usr/local/arm7/bin/../lib/gcc/arm-elf/4.1.1/../../../../arm-elf/lib/thumb/interwork/libm.a(k_rem_pio2.o)
 .debug_pubnames
                0x000001c4       0x23 /usr/local/arm7/bin/../lib/gcc/arm-elf/4.1.1/../../../../arm-elf/lib/thumb/interwork/libm.a(k_sin.o)
 .debug_pubnames
                0x000001e7       0x24 /usr/local/arm7/bin/../lib/gcc/arm-elf/4.1.1/../../../../arm-elf/lib/thumb/interwork/libm.a(kf_cos.o)
 .debug_pubnames
                0x0000020b       0x29 /usr/local/arm7/bin/../lib/gcc/arm-elf/4.1.1/../../../../arm-elf/lib/thumb/interwork/libm.a(kf_rem_pio2.o)
 .debug_pubnames
                0x00000234       0x24 /usr/local/arm7/bin/../lib/gcc/arm-elf/4.1.1/../../../../arm-elf/lib/thumb/interwork/libm.a(kf_sin.o)
 .debug_pubnames
                0x00000258       0x1b /usr/local/arm7/bin/../lib/gcc/arm-elf/4.1.1/../../../../arm-elf/lib/thumb/interwork/libm.a(s_atan.o)
 .debug_pubnames
                0x00000273       0x1b /usr/local/arm7/bin/../lib/gcc/arm-elf/4.1.1/../../../../arm-elf/lib/thumb/interwork/libm.a(s_fabs.o)
 .debug_pubnames
                0x0000028e       0x1c /usr/local/arm7/bin/../lib/gcc/arm-elf/4.1.1/../../../../arm-elf/lib/thumb/interwork/libm.a(s_floor.o)
 .debug_pubnames
                0x000002aa       0x1c /usr/local/arm7/bin/../lib/gcc/arm-elf/4.1.1/../../../../arm-elf/lib/thumb/interwork/libm.a(s_isnan.o)
 .debug_pubnames
                0x000002c6       0x26 /usr/local/arm7/bin/../lib/gcc/arm-elf/4.1.1/../../../../arm-elf/lib/thumb/interwork/libm.a(s_lib_ver.o)
 .debug_pubnames
                0x000002ec       0x1e /usr/local/arm7/bin/../lib/gcc/arm-elf/4.1.1/../../../../arm-elf/lib/thumb/interwork/libm.a(s_matherr.o)
 .debug_pubnames
                0x0000030a       0x1d /usr/local/arm7/bin/../lib/gcc/arm-elf/4.1.1/../../../../arm-elf/lib/thumb/interwork/libm.a(s_scalbn.o)
 .debug_pubnames
                0x00000327       0x1c /usr/local/arm7/bin/../lib/gcc/arm-elf/4.1.1/../../../../arm-elf/lib/thumb/interwork/libm.a(sf_fabs.o)
 .debug_pubnames
                0x00000343       0x1d /usr/local/arm7/bin/../lib/gcc/arm-elf/4.1.1/../../../../arm-elf/lib/thumb/interwork/libm.a(sf_floor.o)
 .debug_pubnames
                0x00000360       0x1e /usr/local/arm7/bin/../lib/gcc/arm-elf/4.1.1/../../../../arm-elf/lib/thumb/interwork/libm.a(sf_scalbn.o)
 .debug_pubnames
                0x0000037e       0x1f /usr/local/arm7/bin/../lib/gcc/arm-elf/4.1.1/../../../../arm-elf/lib/thumb/interwork/libm.a(s_copysign.o)
 .debug_pubnames
                0x0000039d       0x20 /usr/local/arm7/bin/../lib/gcc/arm-elf/4.1.1/../../../../arm-elf/lib/thumb/interwork/libm.a(sf_copysign.o)
 .debug_pubnames
                0x000003bd       0x1e /usr/local/arm7/bin/../lib/gcc/arm-elf/4.1.1/../../../../arm-elf/lib/thumb/interwork/libg.a(errno.o)
 .debug_pubnames
                0x000003db       0x39 /usr/local/arm7/bin/../lib/gcc/arm-elf/4.1.1/../../../../arm-elf/lib/thumb/interwork/libg.a(impure.o)

.debug_info     0x00000000     0x6b9c
 *(.debug_info .gnu.linkonce.wi.*)
 .debug_info    0x00000000      0x1d0 /usr/local/arm7/bin/../lib/gcc/arm-elf/4.1.1/../../../../arm-elf/lib/thumb/interwork/libc.a(memcpy.o)
 .debug_info    0x000001d0      0x204 /usr/local/arm7/bin/../lib/gcc/arm-elf/4.1.1/../../../../arm-elf/lib/thumb/interwork/libc.a(memset.o)
 .debug_info    0x000003d4      0x1f7 /usr/local/arm7/bin/../lib/gcc/arm-elf/4.1.1/../../../../arm-elf/lib/thumb/interwork/libm.a(s_cos.o)
 .debug_info    0x000005cb      0x1f7 /usr/local/arm7/bin/../lib/gcc/arm-elf/4.1.1/../../../../arm-elf/lib/thumb/interwork/libm.a(s_sin.o)
 .debug_info    0x000007c2      0x213 /usr/local/arm7/bin/../lib/gcc/arm-elf/4.1.1/../../../../arm-elf/lib/thumb/interwork/libm.a(sf_cos.o)
 .debug_info    0x000009d5      0x1fa /usr/local/arm7/bin/../lib/gcc/arm-elf/4.1.1/../../../../arm-elf/lib/thumb/interwork/libm.a(sf_sin.o)
 .debug_info    0x00000bcf      0x2cc /usr/local/arm7/bin/../lib/gcc/arm-elf/4.1.1/../../../../arm-elf/lib/thumb/interwork/libm.a(w_atan2.o)
 .debug_info    0x00000e9b      0x2be /usr/local/arm7/bin/../lib/gcc/arm-elf/4.1.1/../../../../arm-elf/lib/thumb/interwork/libm.a(w_sqrt.o)
 .debug_info    0x00001159      0x3bf /usr/local/arm7/bin/../lib/gcc/arm-elf/4.1.1/../../../../arm-elf/lib/thumb/interwork/libm.a(e_atan2.o)
 .debug_info    0x00001518      0x4b5 /usr/local/arm7/bin/../lib/gcc/arm-elf/4.1.1/../../../../arm-elf/lib/thumb/interwork/libm.a(e_rem_pio2.o)
 .debug_info    0x000019cd      0x353 /usr/local/arm7/bin/../lib/gcc/arm-elf/4.1.1/../../../../arm-elf/lib/thumb/interwork/libm.a(e_sqrt.o)
 .debug_info    0x00001d20      0x44f /usr/local/arm7/bin/../lib/gcc/arm-elf/4.1.1/../../../../arm-elf/lib/thumb/interwork/libm.a(ef_rem_pio2.o)
 .debug_info    0x0000216f      0x33d /usr/local/arm7/bin/../lib/gcc/arm-elf/4.1.1/../../../../arm-elf/lib/thumb/interwork/libm.a(k_cos.o)
 .debug_info    0x000024ac      0x405 /usr/local/arm7/bin/../lib/gcc/arm-elf/4.1.1/../../../../arm-elf/lib/thumb/interwork/libm.a(k_rem_pio2.o)
 .debug_info    0x000028b1      0x29a /usr/local/arm7/bin/../lib/gcc/arm-elf/4.1.1/../../../../arm-elf/lib/thumb/interwork/libm.a(k_sin.o)
 .debug_info    0x00002b4b      0x2f6 /usr/local/arm7/bin/../lib/gcc/arm-elf/4.1.1/../../../../arm-elf/lib/thumb/interwork/libm.a(kf_cos.o)
 .debug_info    0x00002e41      0x3f7 /usr/local/arm7/bin/../lib/gcc/arm-elf/4.1.1/../../../../arm-elf/lib/thumb/interwork/libm.a(kf_rem_pio2.o)
 .debug_info    0x00003238      0x2f1 /usr/local/arm7/bin/../lib/gcc/arm-elf/4.1.1/../../../../arm-elf/lib/thumb/interwork/libm.a(kf_sin.o)
 .debug_info    0x00003529      0x371 /usr/local/arm7/bin/../lib/gcc/arm-elf/4.1.1/../../../../arm-elf/lib/thumb/interwork/libm.a(s_atan.o)
 .debug_info    0x0000389a      0x275 /usr/local/arm7/bin/../lib/gcc/arm-elf/4.1.1/../../../../arm-elf/lib/thumb/interwork/libm.a(s_fabs.o)
 .debug_info    0x00003b0f      0x2d3 /usr/local/arm7/bin/../lib/gcc/arm-elf/4.1.1/../../../../arm-elf/lib/thumb/interwork/libm.a(s_floor.o)
 .debug_info    0x00003de2      0x1cf /usr/local/arm7/bin/../lib/gcc/arm-elf/4.1.1/../../../../arm-elf/lib/thumb/interwork/libm.a(s_isnan.o)
 .debug_info    0x00003fb1      0x207 /usr/local/arm7/bin/../lib/gcc/arm-elf/4.1.1/../../../../arm-elf/lib/thumb/interwork/libm.a(s_lib_ver.o)
 .debug_info    0x000041b8      0x23e /usr/local/arm7/bin/../lib/gcc/arm-elf/4.1.1/../../../../arm-elf/lib/thumb/interwork/libm.a(s_matherr.o)
 .debug_info    0x000043f6      0x309 /usr/local/arm7/bin/../lib/gcc/arm-elf/4.1.1/../../../../arm-elf/lib/thumb/interwork/libm.a(s_scalbn.o)
 .debug_info    0x000046ff      0x21d /usr/local/arm7/bin/../lib/gcc/arm-elf/4.1.1/../../../../arm-elf/lib/thumb/interwork/libm.a(sf_fabs.o)
 .debug_info    0x0000491c      0x28f /usr/local/arm7/bin/../lib/gcc/arm-elf/4.1.1/../../../../arm-elf/lib/thumb/interwork/libm.a(sf_floor.o)
 .debug_info    0x00004bab      0x2ce /usr/local/arm7/bin/../lib/gcc/arm-elf/4.1.1/../../../../arm-elf/lib/thumb/interwork/libm.a(sf_scalbn.o)
 .debug_info    0x00004e79      0x2b4 /usr/local/arm7/bin/../lib/gcc/arm-elf/4.1.1/../../../../arm-elf/lib/thumb/interwork/libm.a(s_copysign.o)
 .debug_info    0x0000512d      0x258 /usr/local/arm7/bin/../lib/gcc/arm-elf/4.1.1/../../../../arm-elf/lib/thumb/interwork/libm.a(sf_copysign.o)
 .debug_info    0x00005385      0xbfa /usr/local/arm7/bin/../lib/gcc/arm-elf/4.1.1/../../../../arm-elf/lib/thumb/interwork/libg.a(errno.o)
 .debug_info    0x00005f7f      0xc1d /usr/local/arm7/bin/../lib/gcc/arm-elf/4.1.1/../../../../arm-elf/lib/thumb/interwork/libg.a(impure.o)

.debug_abbrev   0x00000000     0x1947
 *(.debug_abbrev)
 .debug_abbrev  0x00000000       0x7f /usr/local/arm7/bin/../lib/gcc/arm-elf/4.1.1/../../../../arm-elf/lib/thumb/interwork/libc.a(memcpy.o)
 .debug_abbrev  0x0000007f       0x8b /usr/local/arm7/bin/../lib/gcc/arm-elf/4.1.1/../../../../arm-elf/lib/thumb/interwork/libc.a(memset.o)
 .debug_abbrev  0x0000010a       0x9a /usr/local/arm7/bin/../lib/gcc/arm-elf/4.1.1/../../../../arm-elf/lib/thumb/interwork/libm.a(s_cos.o)
 .debug_abbrev  0x000001a4       0x9a /usr/local/arm7/bin/../lib/gcc/arm-elf/4.1.1/../../../../arm-elf/lib/thumb/interwork/libm.a(s_sin.o)
 .debug_abbrev  0x0000023e       0xa3 /usr/local/arm7/bin/../lib/gcc/arm-elf/4.1.1/../../../../arm-elf/lib/thumb/interwork/libm.a(sf_cos.o)
 .debug_abbrev  0x000002e1       0x8b /usr/local/arm7/bin/../lib/gcc/arm-elf/4.1.1/../../../../arm-elf/lib/thumb/interwork/libm.a(sf_sin.o)
 .debug_abbrev  0x0000036c       0xb8 /usr/local/arm7/bin/../lib/gcc/arm-elf/4.1.1/../../../../arm-elf/lib/thumb/interwork/libm.a(w_atan2.o)
 .debug_abbrev  0x00000424       0xc7 /usr/local/arm7/bin/../lib/gcc/arm-elf/4.1.1/../../../../arm-elf/lib/thumb/interwork/libm.a(w_sqrt.o)
 .debug_abbrev  0x000004eb      0x100 /usr/local/arm7/bin/../lib/gcc/arm-elf/4.1.1/../../../../arm-elf/lib/thumb/interwork/libm.a(e_atan2.o)
 .debug_abbrev  0x000005eb      0x119 /usr/local/arm7/bin/../lib/gcc/arm-elf/4.1.1/../../../../arm-elf/lib/thumb/interwork/libm.a(e_rem_pio2.o)
 .debug_abbrev  0x00000704       0xf5 /usr/local/arm7/bin/../lib/gcc/arm-elf/4.1.1/../../../../arm-elf/lib/thumb/interwork/libm.a(e_sqrt.o)
 .debug_abbrev  0x000007f9       0xff /usr/local/arm7/bin/../lib/gcc/arm-elf/4.1.1/../../../../arm-elf/lib/thumb/interwork/libm.a(ef_rem_pio2.o)
 .debug_abbrev  0x000008f8       0xec /usr/local/arm7/bin/../lib/gcc/arm-elf/4.1.1/../../../../arm-elf/lib/thumb/interwork/libm.a(k_cos.o)
 .debug_abbrev  0x000009e4       0xc8 /usr/local/arm7/bin/../lib/gcc/arm-elf/4.1.1/../../../../arm-elf/lib/thumb/interwork/libm.a(k_rem_pio2.o)
 .debug_abbrev  0x00000aac       0xa0 /usr/local/arm7/bin/../lib/gcc/arm-elf/4.1.1/../../../../arm-elf/lib/thumb/interwork/libm.a(k_sin.o)
 .debug_abbrev  0x00000b4c       0xc1 /usr/local/arm7/bin/../lib/gcc/arm-elf/4.1.1/../../../../arm-elf/lib/thumb/interwork/libm.a(kf_cos.o)
 .debug_abbrev  0x00000c0d       0xc8 /usr/local/arm7/bin/../lib/gcc/arm-elf/4.1.1/../../../../arm-elf/lib/thumb/interwork/libm.a(kf_rem_pio2.o)
 .debug_abbrev  0x00000cd5       0xc1 /usr/local/arm7/bin/../lib/gcc/arm-elf/4.1.1/../../../../arm-elf/lib/thumb/interwork/libm.a(kf_sin.o)
 .debug_abbrev  0x00000d96      0x107 /usr/local/arm7/bin/../lib/gcc/arm-elf/4.1.1/../../../../arm-elf/lib/thumb/interwork/libm.a(s_atan.o)
 .debug_abbrev  0x00000e9d       0xd2 /usr/local/arm7/bin/../lib/gcc/arm-elf/4.1.1/../../../../arm-elf/lib/thumb/interwork/libm.a(s_fabs.o)
 .debug_abbrev  0x00000f6f       0xea /usr/local/arm7/bin/../lib/gcc/arm-elf/4.1.1/../../../../arm-elf/lib/thumb/interwork/libm.a(s_floor.o)
 .debug_abbrev  0x00001059       0x79 /usr/local/arm7/bin/../lib/gcc/arm-elf/4.1.1/../../../../arm-elf/lib/thumb/interwork/libm.a(s_isnan.o)
 .debug_abbrev  0x000010d2       0x5a /usr/local/arm7/bin/../lib/gcc/arm-elf/4.1.1/../../../../arm-elf/lib/thumb/interwork/libm.a(s_lib_ver.o)
 .debug_abbrev  0x0000112c       0x86 /usr/local/arm7/bin/../lib/gcc/arm-elf/4.1.1/../../../../arm-elf/lib/thumb/interwork/libm.a(s_matherr.o)
 .debug_abbrev  0x000011b2       0xf5 /usr/local/arm7/bin/../lib/gcc/arm-elf/4.1.1/../../../../arm-elf/lib/thumb/interwork/libm.a(s_scalbn.o)
 .debug_abbrev  0x000012a7       0x9a /usr/local/arm7/bin/../lib/gcc/arm-elf/4.1.1/../../../../arm-elf/lib/thumb/interwork/libm.a(sf_fabs.o)
 .debug_abbrev  0x00001341       0xca /usr/local/arm7/bin/../lib/gcc/arm-elf/4.1.1/../../../../arm-elf/lib/thumb/interwork/libm.a(sf_floor.o)
 .debug_abbrev  0x0000140b       0xcc /usr/local/arm7/bin/../lib/gcc/arm-elf/4.1.1/../../../../arm-elf/lib/thumb/interwork/libm.a(sf_scalbn.o)
 .debug_abbrev  0x000014d7       0xdb /usr/local/arm7/bin/../lib/gcc/arm-elf/4.1.1/../../../../arm-elf/lib/thumb/interwork/libm.a(s_copysign.o)
 .debug_abbrev  0x000015b2       0xc1 /usr/local/arm7/bin/../lib/gcc/arm-elf/4.1.1/../../../../arm-elf/lib/thumb/interwork/libm.a(sf_copysign.o)
 .debug_abbrev  0x00001673      0x16e /usr/local/arm7/bin/../lib/gcc/arm-elf/4.1.1/../../../../arm-elf/lib/thumb/interwork/libg.a(errno.o)
 .debug_abbrev  0x000017e1      0x166 /usr/local/arm7/bin/../lib/gcc/arm-elf/4.1.1/../../../../arm-elf/lib/thumb/interwork/libg.a(impure.o)

.debug_line     0x00000000     0x4f09
 *(.debug_line)
 .debug_line    0x00000000      0x133 /usr/local/arm7/bin/../lib/gcc/arm-elf/4.1.1/../../../../arm-elf/lib/thumb/interwork/libc.a(memcpy.o)
 .debug_line    0x00000133      0x1f2 /usr/local/arm7/bin/../lib/gcc/arm-elf/4.1.1/../../../../arm-elf/lib/thumb/interwork/libc.a(memset.o)
 .debug_line    0x00000325      0x1f1 /usr/local/arm7/bin/../lib/gcc/arm-elf/4.1.1/../../../../arm-elf/lib/thumb/interwork/libm.a(s_cos.o)
 .debug_line    0x00000516      0x1e9 /usr/local/arm7/bin/../lib/gcc/arm-elf/4.1.1/../../../../arm-elf/lib/thumb/interwork/libm.a(s_sin.o)
 .debug_line    0x000006ff      0x1ea /usr/local/arm7/bin/../lib/gcc/arm-elf/4.1.1/../../../../arm-elf/lib/thumb/interwork/libm.a(sf_cos.o)
 .debug_line    0x000008e9      0x1ea /usr/local/arm7/bin/../lib/gcc/arm-elf/4.1.1/../../../../arm-elf/lib/thumb/interwork/libm.a(sf_sin.o)
 .debug_line    0x00000ad3      0x238 /usr/local/arm7/bin/../lib/gcc/arm-elf/4.1.1/../../../../arm-elf/lib/thumb/interwork/libm.a(w_atan2.o)
 .debug_line    0x00000d0b      0x24f /usr/local/arm7/bin/../lib/gcc/arm-elf/4.1.1/../../../../arm-elf/lib/thumb/interwork/libm.a(w_sqrt.o)
 .debug_line    0x00000f5a      0x30f /usr/local/arm7/bin/../lib/gcc/arm-elf/4.1.1/../../../../arm-elf/lib/thumb/interwork/libm.a(e_atan2.o)
 .debug_line    0x00001269      0x4aa /usr/local/arm7/bin/../lib/gcc/arm-elf/4.1.1/../../../../arm-elf/lib/thumb/interwork/libm.a(e_rem_pio2.o)
 .debug_line    0x00001713      0x407 /usr/local/arm7/bin/../lib/gcc/arm-elf/4.1.1/../../../../arm-elf/lib/thumb/interwork/libm.a(e_sqrt.o)
 .debug_line    0x00001b1a      0x433 /usr/local/arm7/bin/../lib/gcc/arm-elf/4.1.1/../../../../arm-elf/lib/thumb/interwork/libm.a(ef_rem_pio2.o)
 .debug_line    0x00001f4d      0x235 /usr/local/arm7/bin/../lib/gcc/arm-elf/4.1.1/../../../../arm-elf/lib/thumb/interwork/libm.a(k_cos.o)
 .debug_line    0x00002182      0x761 /usr/local/arm7/bin/../lib/gcc/arm-elf/4.1.1/../../../../arm-elf/lib/thumb/interwork/libm.a(k_rem_pio2.o)
 .debug_line    0x000028e3      0x1f1 /usr/local/arm7/bin/../lib/gcc/arm-elf/4.1.1/../../../../arm-elf/lib/thumb/interwork/libm.a(k_sin.o)
 .debug_line    0x00002ad4      0x22e /usr/local/arm7/bin/../lib/gcc/arm-elf/4.1.1/../../../../arm-elf/lib/thumb/interwork/libm.a(kf_cos.o)
 .debug_line    0x00002d02      0x6f0 /usr/local/arm7/bin/../lib/gcc/arm-elf/4.1.1/../../../../arm-elf/lib/thumb/interwork/libm.a(kf_rem_pio2.o)
 .debug_line    0x000033f2      0x1f2 /usr/local/arm7/bin/../lib/gcc/arm-elf/4.1.1/../../../../arm-elf/lib/thumb/interwork/libm.a(kf_sin.o)
 .debug_line    0x000035e4      0x2dc /usr/local/arm7/bin/../lib/gcc/arm-elf/4.1.1/../../../../arm-elf/lib/thumb/interwork/libm.a(s_atan.o)
 .debug_line    0x000038c0      0x18a /usr/local/arm7/bin/../lib/gcc/arm-elf/4.1.1/../../../../arm-elf/lib/thumb/interwork/libm.a(s_fabs.o)
 .debug_line    0x00003a4a      0x259 /usr/local/arm7/bin/../lib/gcc/arm-elf/4.1.1/../../../../arm-elf/lib/thumb/interwork/libm.a(s_floor.o)
 .debug_line    0x00003ca3      0x18b /usr/local/arm7/bin/../lib/gcc/arm-elf/4.1.1/../../../../arm-elf/lib/thumb/interwork/libm.a(s_isnan.o)
 .debug_line    0x00003e2e      0x163 /usr/local/arm7/bin/../lib/gcc/arm-elf/4.1.1/../../../../arm-elf/lib/thumb/interwork/libm.a(s_lib_ver.o)
 .debug_line    0x00003f91      0x185 /usr/local/arm7/bin/../lib/gcc/arm-elf/4.1.1/../../../../arm-elf/lib/thumb/interwork/libm.a(s_matherr.o)
 .debug_line    0x00004116      0x23e /usr/local/arm7/bin/../lib/gcc/arm-elf/4.1.1/../../../../arm-elf/lib/thumb/interwork/libm.a(s_scalbn.o)
 .debug_line    0x00004354      0x18b /usr/local/arm7/bin/../lib/gcc/arm-elf/4.1.1/../../../../arm-elf/lib/thumb/interwork/libm.a(sf_fabs.o)
 .debug_line    0x000044df      0x216 /usr/local/arm7/bin/../lib/gcc/arm-elf/4.1.1/../../../../arm-elf/lib/thumb/interwork/libm.a(sf_floor.o)
 .debug_line    0x000046f5      0x23f /usr/local/arm7/bin/../lib/gcc/arm-elf/4.1.1/../../../../arm-elf/lib/thumb/interwork/libm.a(sf_scalbn.o)
 .debug_line    0x00004934      0x19e /usr/local/arm7/bin/../lib/gcc/arm-elf/4.1.1/../../../../arm-elf/lib/thumb/interwork/libm.a(s_copysign.o)
 .debug_line    0x00004ad2      0x197 /usr/local/arm7/bin/../lib/gcc/arm-elf/4.1.1/../../../../arm-elf/lib/thumb/interwork/libm.a(sf_copysign.o)
 .debug_line    0x00004c69      0x142 /usr/local/arm7/bin/../lib/gcc/arm-elf/4.1.1/../../../../arm-elf/lib/thumb/interwork/libg.a(errno.o)
 .debug_line    0x00004dab      0x15e /usr/local/arm7/bin/../lib/gcc/arm-elf/4.1.1/../../../../arm-elf/lib/thumb/interwork/libg.a(impure.o)

.debug_frame    0x00000000      0x5f0
 *(.debug_frame)
 .debug_frame   0x00000000       0x2c /usr/local/arm7/bin/../lib/gcc/arm-elf/4.1.1/../../../../arm-elf/lib/thumb/interwork/libc.a(memcpy.o)
 .debug_frame   0x0000002c       0x2c /usr/local/arm7/bin/../lib/gcc/arm-elf/4.1.1/../../../../arm-elf/lib/thumb/interwork/libc.a(memset.o)
 .debug_frame   0x00000058       0x28 /usr/local/arm7/bin/../lib/gcc/arm-elf/4.1.1/thumb/interwork/libgcc.a(_udivsi3.o)
 .debug_frame   0x00000080       0x28 /usr/local/arm7/bin/../lib/gcc/arm-elf/4.1.1/thumb/interwork/libgcc.a(_divsi3.o)
 .debug_frame   0x000000a8       0x30 /usr/local/arm7/bin/../lib/gcc/arm-elf/4.1.1/../../../../arm-elf/lib/thumb/interwork/libm.a(s_cos.o)
 .debug_frame   0x000000d8       0x30 /usr/local/arm7/bin/../lib/gcc/arm-elf/4.1.1/../../../../arm-elf/lib/thumb/interwork/libm.a(s_sin.o)
 .debug_frame   0x00000108       0x28 /usr/local/arm7/bin/../lib/gcc/arm-elf/4.1.1/../../../../arm-elf/lib/thumb/interwork/libm.a(sf_cos.o)
 .debug_frame   0x00000130       0x28 /usr/local/arm7/bin/../lib/gcc/arm-elf/4.1.1/../../../../arm-elf/lib/thumb/interwork/libm.a(sf_sin.o)
 .debug_frame   0x00000158       0x38 /usr/local/arm7/bin/../lib/gcc/arm-elf/4.1.1/../../../../arm-elf/lib/thumb/interwork/libm.a(w_atan2.o)
 .debug_frame   0x00000190       0x38 /usr/local/arm7/bin/../lib/gcc/arm-elf/4.1.1/../../../../arm-elf/lib/thumb/interwork/libm.a(w_sqrt.o)
 .debug_frame   0x000001c8       0x3c /usr/local/arm7/bin/../lib/gcc/arm-elf/4.1.1/../../../../arm-elf/lib/thumb/interwork/libm.a(e_atan2.o)
 .debug_frame   0x00000204       0x3c /usr/local/arm7/bin/../lib/gcc/arm-elf/4.1.1/../../../../arm-elf/lib/thumb/interwork/libm.a(e_rem_pio2.o)
 .debug_frame   0x00000240       0x3c /usr/local/arm7/bin/../lib/gcc/arm-elf/4.1.1/../../../../arm-elf/lib/thumb/interwork/libm.a(e_sqrt.o)
 .debug_frame   0x0000027c       0x3c /usr/local/arm7/bin/../lib/gcc/arm-elf/4.1.1/../../../../arm-elf/lib/thumb/interwork/libm.a(ef_rem_pio2.o)
 .debug_frame   0x000002b8       0x38 /usr/local/arm7/bin/../lib/gcc/arm-elf/4.1.1/../../../../arm-elf/lib/thumb/interwork/libm.a(k_cos.o)
 .debug_frame   0x000002f0       0x3c /usr/local/arm7/bin/../lib/gcc/arm-elf/4.1.1/../../../../arm-elf/lib/thumb/interwork/libm.a(k_rem_pio2.o)
 .debug_frame   0x0000032c       0x30 /usr/local/arm7/bin/../lib/gcc/arm-elf/4.1.1/../../../../arm-elf/lib/thumb/interwork/libm.a(k_sin.o)
 .debug_frame   0x0000035c       0x34 /usr/local/arm7/bin/../lib/gcc/arm-elf/4.1.1/../../../../arm-elf/lib/thumb/interwork/libm.a(kf_cos.o)
 .debug_frame   0x00000390       0x3c /usr/local/arm7/bin/../lib/gcc/arm-elf/4.1.1/../../../../arm-elf/lib/thumb/interwork/libm.a(kf_rem_pio2.o)
 .debug_frame   0x000003cc       0x34 /usr/local/arm7/bin/../lib/gcc/arm-elf/4.1.1/../../../../arm-elf/lib/thumb/interwork/libm.a(kf_sin.o)
 .debug_frame   0x00000400       0x38 /usr/local/arm7/bin/../lib/gcc/arm-elf/4.1.1/../../../../arm-elf/lib/thumb/interwork/libm.a(s_atan.o)
 .debug_frame   0x00000438       0x28 /usr/local/arm7/bin/../lib/gcc/arm-elf/4.1.1/../../../../arm-elf/lib/thumb/interwork/libm.a(s_fabs.o)
 .debug_frame   0x00000460       0x3c /usr/local/arm7/bin/../lib/gcc/arm-elf/4.1.1/../../../../arm-elf/lib/thumb/interwork/libm.a(s_floor.o)
 .debug_frame   0x0000049c       0x20 /usr/local/arm7/bin/../lib/gcc/arm-elf/4.1.1/../../../../arm-elf/lib/thumb/interwork/libm.a(s_isnan.o)
 .debug_frame   0x000004bc       0x20 /usr/local/arm7/bin/../lib/gcc/arm-elf/4.1.1/../../../../arm-elf/lib/thumb/interwork/libm.a(s_matherr.o)
 .debug_frame   0x000004dc       0x34 /usr/local/arm7/bin/../lib/gcc/arm-elf/4.1.1/../../../../arm-elf/lib/thumb/interwork/libm.a(s_scalbn.o)
 .debug_frame   0x00000510       0x20 /usr/local/arm7/bin/../lib/gcc/arm-elf/4.1.1/../../../../arm-elf/lib/thumb/interwork/libm.a(sf_fabs.o)
 .debug_frame   0x00000530       0x2c /usr/local/arm7/bin/../lib/gcc/arm-elf/4.1.1/../../../../arm-elf/lib/thumb/interwork/libm.a(sf_floor.o)
 .debug_frame   0x0000055c       0x28 /usr/local/arm7/bin/../lib/gcc/arm-elf/4.1.1/../../../../arm-elf/lib/thumb/interwork/libm.a(sf_scalbn.o)
 .debug_frame   0x00000584       0x2c /usr/local/arm7/bin/../lib/gcc/arm-elf/4.1.1/../../../../arm-elf/lib/thumb/interwork/libm.a(s_copysign.o)
 .debug_frame   0x000005b0       0x20 /usr/local/arm7/bin/../lib/gcc/arm-elf/4.1.1/../../../../arm-elf/lib/thumb/interwork/libm.a(sf_copysign.o)
 .debug_frame   0x000005d0       0x20 /usr/local/arm7/bin/../lib/gcc/arm-elf/4.1.1/../../../../arm-elf/lib/thumb/interwork/libg.a(errno.o)

.debug_str      0x00000000      0x24a
 *(.debug_str)
 .debug_str     0x00000000       0x12 /usr/local/arm7/bin/../lib/gcc/arm-elf/4.1.1/../../../../arm-elf/lib/thumb/interwork/libc.a(memset.o)
 .debug_str     0x00000012       0x12 /usr/local/arm7/bin/../lib/gcc/arm-elf/4.1.1/../../../../arm-elf/lib/thumb/interwork/libm.a(s_cos.o)
 .debug_str     0x00000024       0x12 /usr/local/arm7/bin/../lib/gcc/arm-elf/4.1.1/../../../../arm-elf/lib/thumb/interwork/libm.a(s_sin.o)
 .debug_str     0x00000036       0x12 /usr/local/arm7/bin/../lib/gcc/arm-elf/4.1.1/../../../../arm-elf/lib/thumb/interwork/libm.a(sf_cos.o)
 .debug_str     0x00000048       0x12 /usr/local/arm7/bin/../lib/gcc/arm-elf/4.1.1/../../../../arm-elf/lib/thumb/interwork/libm.a(sf_sin.o)
 .debug_str     0x0000005a       0x12 /usr/local/arm7/bin/../lib/gcc/arm-elf/4.1.1/../../../../arm-elf/lib/thumb/interwork/libm.a(w_atan2.o)
 .debug_str     0x0000006c       0x12 /usr/local/arm7/bin/../lib/gcc/arm-elf/4.1.1/../../../../arm-elf/lib/thumb/interwork/libm.a(w_sqrt.o)